<html>
<body>
<pre>
<h1>µVision Build Log</h1>
<h2>Tool Versions:</h2>
IDE-Version: µVision V5.17.0.0
Copyright (C) 2015 ARM Ltd and ARM Germany GmbH. All rights reserved.
License Information: Martin Børs-Lind, Nordic Semiconductor, LIC=V859X-1HSYM-E4TW0-9M9EZ-UGX9D-RV7K1
 
Tool Versions:
Toolchain:       MDK-ARM Professional  Version: 5.17
Toolchain Path:  C:\Keil_v5\ARM\ARMCC\Bin
C Compiler:      Armcc.exe V5.06 update 1 (build 61)
Assembler:       Armasm.exe V5.06 update 1 (build 61)
Linker/Locator:  ArmLink.exe V5.06 update 1 (build 61)
Library Manager: ArmAr.exe V5.06 update 1 (build 61)
Hex Converter:   FromElf.exe V5.06 update 1 (build 61)
CPU DLL:         
Dialog DLL:      
Target DLL:      Segger\JL2CM3.dll V2.99.16.0
Dialog DLL:      TARMCM1.DLL V1.9.0.0
 
<h2>Project:</h2>
C:\Nordic_SDKs\10.0.0\examples\my_stuff\twi_find_device\pca10028\arm5_no_packs\twi_find_device.uvprojx
Project File Date:  03/18/2016

<h2>Output:</h2>
*** Using Compiler 'V5.06 update 1 (build 61)', folder: 'C:\Keil_v5\ARM\ARMCC\Bin'
Build target 'nrf51422_xxac'
compiling main.c...
..\..\main.c(35): warning:  #1215-D: #warning directive: "!**** ARE YOU ABSOLUTELY SURE YOU HAVE CHOSEN THE CORRECT SCL AND SDA PINS? ****!"
  #warning "!**** ARE YOU ABSOLUTELY SURE YOU HAVE CHOSEN THE CORRECT SCL AND SDA PINS? ****!"
..\..\main.c: 1 warning, 0 errors
linking...
Program Size: Code=6396 RO-data=708 RW-data=80 ZI-data=2384  
FromELF: creating hex file...
".\_build\nrf51422_xxac.axf" - 0 Error(s), 1 Warning(s).

<h2>Software Packages used:</h2>

Package Vendor: ARM
                http://www.keil.com/pack/ARM.CMSIS.4.5.0.pack
                ARM::CMSIS:CORE:4.3.0
                CMSIS (Cortex Microcontroller Software Interface Standard)
   * Component: CORE Version: 4.3.0

Package Vendor: NordicSemiconductor
                http://developer.nordicsemi.com/nRF51_SDK/pieces/nRF_DeviceFamilyPack/NordicSemiconductor.nRF_DeviceFamilyPack.8.2.0.pack
                NordicSemiconductor::Device:Startup:8.2.0
                Nordic Semiconductor nRF ARM devices Device Family Pack.
   * Component: Startup Version: 8.2.0

<h2>Collection of Component include folders:</h2>
  C:\Nordic_SDKs\10.0.0\examples\my_stuff\twi_find_device\pca10028\arm5_no_packs\RTE
  C:\Keil_v5\ARM\PACK\ARM\CMSIS\4.5.0\CMSIS\Include
  C:\Keil_v5\ARM\PACK\NordicSemiconductor\nRF_DeviceFamilyPack\8.2.0\Device\Include
  C:\Keil_v5\ARM\PACK\NordicSemiconductor\nRF_InternalDeviceFamilyPack\8.0.0\Device\Include

<h2>Collection of Component Files used:</h2>

   * Component: ARM::CMSIS:CORE:4.3.0

   * Component: NordicSemiconductor::Device:Startup:8.2.0
      Source file:   Device\Source\arm\arm_startup_nrf51.s
      Source file:   Device\Source\system_nrf51.c
      Include file:  Device\Include\system_nrf51.h
Build Time Elapsed:  00:00:00
</pre>
</body>
</html>
