Component: ARM Compiler 5.06 update 1 (build 61) Tool: armlink [4d35a8]

==============================================================================

Section Cross References

    main.o(i.main) refers to main.o(i.nrf_gpio_cfg) for nrf_gpio_cfg
    main.o(i.main) refers to main.o(i.uart_config) for uart_config
    main.o(i.main) refers to printf5.o(i.__0printf$5) for __2printf
    main.o(i.main) refers to main.o(i.twi_init) for twi_init
    main.o(i.main) refers to nrf_drv_twi.o(i.nrf_drv_twi_tx) for nrf_drv_twi_tx
    main.o(i.main) refers to nrf_delay.o(i.nrf_delay_ms) for nrf_delay_ms
    main.o(i.main) refers to main.o(.conststring) for .conststring
    main.o(i.main) refers to main.o(.data) for device_address
    main.o(i.twi_handler) refers to printf5.o(i.__0printf$5) for __2printf
    main.o(i.twi_handler) refers to main.o(.data) for device_address
    main.o(i.twi_handler) refers to main.o(.conststring) for .conststring
    main.o(i.twi_init) refers to nrf_drv_twi.o(i.nrf_drv_twi_init) for nrf_drv_twi_init
    main.o(i.twi_init) refers to app_error.o(i.app_error_handler) for app_error_handler
    main.o(i.twi_init) refers to nrf_drv_twi.o(i.nrf_drv_twi_enable) for nrf_drv_twi_enable
    main.o(i.twi_init) refers to main.o(.constdata) for .constdata
    main.o(i.twi_init) refers to main.o(i.twi_handler) for twi_handler
    main.o(i.twi_init) refers to main.o(.data) for twi_instance
    main.o(i.uart_config) refers to app_uart_fifo.o(i.app_uart_init) for app_uart_init
    main.o(i.uart_config) refers to app_error.o(i.app_error_handler) for app_error_handler
    main.o(i.uart_config) refers to main.o(.constdata) for .constdata
    main.o(i.uart_config) refers to main.o(.data) for rx_buf
    main.o(i.uart_config) refers to main.o(.bss) for tx_buf
    main.o(i.uart_config) refers to main.o(i.uart_events_handler) for uart_events_handler
    main.o(i.uart_events_handler) refers to app_error.o(i.app_error_handler) for app_error_handler
    app_uart_fifo.o(i.app_uart_close) refers to nrf_drv_uart.o(i.nrf_drv_uart_uninit) for nrf_drv_uart_uninit
    app_uart_fifo.o(i.app_uart_flush) refers to app_fifo.o(i.app_fifo_flush) for app_fifo_flush
    app_uart_fifo.o(i.app_uart_flush) refers to app_uart_fifo.o(.bss) for m_rx_fifo
    app_uart_fifo.o(i.app_uart_get) refers to app_uart_fifo.o(i.fifo_length) for fifo_length
    app_uart_fifo.o(i.app_uart_get) refers to nrf_drv_uart.o(i.nrf_drv_uart_rx) for nrf_drv_uart_rx
    app_uart_fifo.o(i.app_uart_get) refers to app_fifo.o(i.app_fifo_get) for app_fifo_get
    app_uart_fifo.o(i.app_uart_get) refers to app_uart_fifo.o(.bss) for m_rx_fifo
    app_uart_fifo.o(i.app_uart_get) refers to app_uart_fifo.o(.data) for rx_buffer
    app_uart_fifo.o(i.app_uart_init) refers to app_fifo.o(i.app_fifo_init) for app_fifo_init
    app_uart_fifo.o(i.app_uart_init) refers to memcpya.o(.text) for __aeabi_memcpy4
    app_uart_fifo.o(i.app_uart_init) refers to nrf_drv_uart.o(i.nrf_drv_uart_init) for nrf_drv_uart_init
    app_uart_fifo.o(i.app_uart_init) refers to nrf_drv_uart.o(i.nrf_drv_uart_rx_enable) for nrf_drv_uart_rx_enable
    app_uart_fifo.o(i.app_uart_init) refers to nrf_drv_uart.o(i.nrf_drv_uart_rx) for nrf_drv_uart_rx
    app_uart_fifo.o(i.app_uart_init) refers to app_uart_fifo.o(.data) for m_event_handler
    app_uart_fifo.o(i.app_uart_init) refers to app_uart_fifo.o(.bss) for m_rx_fifo
    app_uart_fifo.o(i.app_uart_init) refers to app_uart_fifo.o(.constdata) for .constdata
    app_uart_fifo.o(i.app_uart_init) refers to app_uart_fifo.o(i.uart_event_handler) for uart_event_handler
    app_uart_fifo.o(i.app_uart_put) refers to nrf_drv_uart.o(i.nrf_drv_uart_tx) for nrf_drv_uart_tx
    app_uart_fifo.o(i.app_uart_put) refers to app_fifo.o(i.app_fifo_put) for app_fifo_put
    app_uart_fifo.o(i.app_uart_put) refers to app_uart_fifo.o(.data) for tx_tmp
    app_uart_fifo.o(i.app_uart_put) refers to app_uart_fifo.o(.bss) for m_tx_fifo
    app_uart_fifo.o(i.uart_event_handler) refers to app_fifo.o(i.app_fifo_put) for app_fifo_put
    app_uart_fifo.o(i.uart_event_handler) refers to app_uart_fifo.o(i.fifo_length) for fifo_length
    app_uart_fifo.o(i.uart_event_handler) refers to nrf_drv_uart.o(i.nrf_drv_uart_rx) for nrf_drv_uart_rx
    app_uart_fifo.o(i.uart_event_handler) refers to app_fifo.o(i.app_fifo_get) for app_fifo_get
    app_uart_fifo.o(i.uart_event_handler) refers to nrf_drv_uart.o(i.nrf_drv_uart_tx) for nrf_drv_uart_tx
    app_uart_fifo.o(i.uart_event_handler) refers to app_uart_fifo.o(.bss) for m_rx_fifo
    app_uart_fifo.o(i.uart_event_handler) refers to app_uart_fifo.o(.data) for m_event_handler
    nrf_delay.o(i.nrf_delay_ms) refers to nrf_delay.o(.emb_text) for __asm___11_nrf_delay_c_532987f3__nrf_delay_us
    nrf_drv_common.o(i.nrf_drv_common_irq_enable) refers to nrf_drv_common.o(i.NVIC_SetPriority) for NVIC_SetPriority
    nrf_drv_twi.o(i.SPI0_TWI0_IRQHandler) refers to nrf_drv_twi.o(i.nrf_drv_twi_int_handler) for nrf_drv_twi_int_handler
[...]
    nrf_drv_twi.o(i.nrf_drv_twi_uninit) refers to nrf_drv_twi.o(.bss) for m_cb
    nrf_drv_twi.o(i.on_error) refers to nrf_drv_twi.o(i.nrf_twi_event_clear) for nrf_twi_event_clear
    nrf_drv_twi.o(i.on_error) refers to nrf_drv_twi.o(i.nrf_twi_int_disable) for nrf_twi_int_disable
    nrf_drv_twi.o(i.on_error) refers to nrf_drv_twi.o(i.nrf_twi_int_enable) for nrf_twi_int_enable
    nrf_drv_twi.o(i.on_error) refers to nrf_drv_twi.o(i.nrf_twi_task_set) for nrf_twi_task_set
    nrf_drv_twi.o(i.on_error) refers to nrf_drv_twi.o(.bss) for m_cb
    nrf_drv_twi.o(i.on_error) refers to nrf_drv_twi.o(.data) for m_handlers
    nrf_drv_twi.o(i.rx_address_req) refers to nrf_drv_twi.o(i.nrf_twi_address_set) for nrf_twi_address_set
    nrf_drv_twi.o(i.rx_address_req) refers to nrf_drv_twi.o(i.nrf_twi_task_set) for nrf_twi_task_set
    nrf_drv_twi.o(i.rx_address_req) refers to nrf_drv_twi.o(i.nrf_twi_event_clear) for nrf_twi_event_clear
    nrf_drv_twi.o(i.rx_address_req) refers to nrf_drv_twi.o(i.nrf_twi_int_disable) for nrf_twi_int_disable
    nrf_drv_twi.o(i.rx_address_req) refers to nrf_drv_twi.o(i.nrf_twi_int_enable) for nrf_twi_int_enable
    nrf_drv_twi.o(i.rx_address_req) refers to nrf_drv_twi.o(i.rx_prepare) for rx_prepare
    nrf_drv_twi.o(i.rx_address_req) refers to nrf_drv_twi.o(.bss) for m_cb
    nrf_drv_twi.o(i.rx_address_req) refers to nrf_drv_twi.o(.data) for m_handlers
    nrf_drv_twi.o(i.rx_done) refers to nrf_drv_twi.o(i.rx_prepare) for rx_prepare
    nrf_drv_twi.o(i.rx_done) refers to nrf_drv_twi.o(.bss) for m_cb
    nrf_drv_twi.o(i.rx_prepare) refers to nrf_drv_twi.o(i.txrx_shorts_set_task_start) for txrx_shorts_set_task_start
    nrf_drv_twi.o(i.state_machine) refers to nrf_drv_twi.o(.bss) for m_cb
    nrf_drv_twi.o(i.state_machine) refers to nrf_drv_twi.o(.data) for mp_states
    nrf_drv_twi.o(i.state_machine) refers to nrf_drv_twi.o(.constdata) for m_states_len
    nrf_drv_twi.o(i.twi_action_wait) refers to nrf_drv_twi.o(i.nrf_twi_event_check) for nrf_twi_event_check
    nrf_drv_twi.o(i.twi_action_wait) refers to nrf_drv_twi.o(.bss) for m_cb
    nrf_drv_twi.o(i.twi_clear_bus) refers to nrf_drv_twi.o(i.nrf_gpio_pin_set) for nrf_gpio_pin_set
    nrf_drv_twi.o(i.twi_clear_bus) refers to nrf_drv_twi.o(.emb_text) for __asm___13_nrf_drv_twi_c_a9bcf68d__nrf_delay_us
    nrf_drv_twi.o(i.twi_clear_bus) refers to nrf_drv_twi.o(i.nrf_gpio_pin_clear) for nrf_gpio_pin_clear
    nrf_drv_twi.o(i.twi_transfer) refers to app_util_platform.o(i.critical_region_enter) for critical_region_enter
    nrf_drv_twi.o(i.twi_transfer) refers to app_util_platform.o(i.critical_region_exit) for critical_region_exit
    nrf_drv_twi.o(i.twi_transfer) refers to nrf_drv_twi.o(i.state_machine) for state_machine
    nrf_drv_twi.o(i.twi_transfer) refers to nrf_drv_twi.o(i.twi_action_wait) for twi_action_wait
    nrf_drv_twi.o(i.twi_transfer) refers to nrf_drv_twi.o(i.nrf_twi_event_clear) for nrf_twi_event_clear
    nrf_drv_twi.o(i.twi_transfer) refers to nrf_drv_twi.o(.bss) for m_cb
    nrf_drv_twi.o(i.twi_transfer) refers to nrf_drv_twi.o(.data) for m_handlers
    nrf_drv_twi.o(i.tx_done) refers to nrf_drv_twi.o(i.tx_prepare) for tx_prepare
    nrf_drv_twi.o(i.tx_done) refers to nrf_drv_twi.o(.bss) for m_cb
    nrf_drv_twi.o(i.tx_prepare) refers to nrf_drv_twi.o(i.txrx_shorts_set_task_start) for txrx_shorts_set_task_start
    nrf_drv_twi.o(i.tx_prepare) refers to nrf_drv_twi.o(.bss) for m_cb
    nrf_drv_twi.o(i.txrx_shorts_set_task_start) refers to nrf_drv_twi.o(i.nrf_twi_shorts_clear) for nrf_twi_shorts_clear
    nrf_drv_twi.o(i.txrx_shorts_set_task_start) refers to nrf_drv_twi.o(i.nrf_twi_event_clear) for nrf_twi_event_clear
    nrf_drv_twi.o(i.txrx_shorts_set_task_start) refers to nrf_drv_twi.o(i.nrf_twi_int_disable) for nrf_twi_int_disable
    nrf_drv_twi.o(i.txrx_shorts_set_task_start) refers to nrf_drv_twi.o(i.nrf_twi_int_enable) for nrf_twi_int_enable
    nrf_drv_twi.o(i.txrx_shorts_set_task_start) refers to nrf_drv_twi.o(i.state_machine) for state_machine
    nrf_drv_twi.o(i.txrx_shorts_set_task_start) refers to nrf_drv_twi.o(i.nrf_twi_task_set) for nrf_twi_task_set
    nrf_drv_twi.o(i.txrx_shorts_set_task_start) refers to nrf_drv_twi.o(.bss) for m_cb
    nrf_drv_twi.o(i.txrx_shorts_set_task_start) refers to nrf_drv_twi.o(.data) for m_handlers
    nrf_drv_twi.o(.constdata) refers to nrf_drv_twi.o(i.address_req) for address_req
    nrf_drv_twi.o(.constdata) refers to nrf_drv_twi.o(i.rx_address_req) for rx_address_req
    nrf_drv_twi.o(.constdata) refers to nrf_drv_twi.o(i.tx_done) for tx_done
    nrf_drv_twi.o(.constdata) refers to nrf_drv_twi.o(i.tx_prepare) for tx_prepare
    nrf_drv_twi.o(.constdata) refers to nrf_drv_twi.o(i.on_error) for on_error
    nrf_drv_twi.o(.constdata) refers to nrf_drv_twi.o(i.rx_prepare) for rx_prepare
    nrf_drv_twi.o(.constdata) refers to nrf_drv_twi.o(i.rx_done) for rx_done
    nrf_drv_twi.o(.constdata) refers to nrf_drv_twi.o(i.ack_error) for ack_error
    nrf_drv_twi.o(.data) refers to nrf_drv_twi.o(.constdata) for m_idle
    nrf_drv_uart.o(i.UART0_IRQHandler) refers to nrf_drv_uart.o(i.nrf_uart_int_enable_check) for nrf_uart_int_enable_check
    nrf_drv_uart.o(i.UART0_IRQHandler) refers to nrf_drv_uart.o(i.nrf_uart_event_check) for nrf_uart_event_check
    nrf_drv_uart.o(i.UART0_IRQHandler) refers to nrf_drv_uart.o(i.nrf_uart_event_clear) for nrf_uart_event_clear
    nrf_drv_uart.o(i.UART0_IRQHandler) refers to nrf_drv_uart.o(i.nrf_uart_int_disable) for nrf_uart_int_disable
    nrf_drv_uart.o(i.UART0_IRQHandler) refers to nrf_drv_uart.o(i.nrf_uart_task_trigger) for nrf_uart_task_trigger
    nrf_drv_uart.o(i.UART0_IRQHandler) refers to nrf_drv_uart.o(i.nrf_uart_errorsrc_get_and_clear) for nrf_uart_errorsrc_get_and_clear
    nrf_drv_uart.o(i.UART0_IRQHandler) refers to nrf_drv_uart.o(i.rx_byte) for rx_byte
    nrf_drv_uart.o(i.UART0_IRQHandler) refers to nrf_drv_uart.o(i.rx_done_event) for rx_done_event
    nrf_drv_uart.o(i.UART0_IRQHandler) refers to nrf_drv_uart.o(i.tx_byte) for tx_byte
    nrf_drv_uart.o(i.UART0_IRQHandler) refers to nrf_drv_uart.o(i.tx_done_event) for tx_done_event
    nrf_drv_uart.o(i.UART0_IRQHandler) refers to nrf_drv_uart.o(.bss) for m_cb
    nrf_drv_uart.o(i.apply_config) refers to nrf_drv_uart.o(i.nrf_gpio_cfg_output) for nrf_gpio_cfg_output
    nrf_drv_uart.o(i.apply_config) refers to nrf_drv_uart.o(i.nrf_gpio_pin_set) for nrf_gpio_pin_set
    nrf_drv_uart.o(i.apply_config) refers to nrf_drv_uart.o(i.nrf_gpio_cfg_input) for nrf_gpio_cfg_input
    nrf_drv_uart.o(i.apply_config) refers to nrf_drv_uart.o(i.nrf_uart_txrx_pins_set) for nrf_uart_txrx_pins_set
    nrf_drv_uart.o(i.apply_config) refers to nrf_drv_uart.o(i.nrf_uart_hwfc_pins_set) for nrf_uart_hwfc_pins_set
    nrf_drv_uart.o(i.nrf_drv_uart_errorsrc_get) refers to nrf_drv_uart.o(i.nrf_uart_event_clear) for nrf_uart_event_clear
    nrf_drv_uart.o(i.nrf_drv_uart_errorsrc_get) refers to nrf_drv_uart.o(i.nrf_uart_errorsrc_get_and_clear) for nrf_uart_errorsrc_get_and_clear
    nrf_drv_uart.o(i.nrf_drv_uart_init) refers to nrf_drv_uart.o(i.apply_config) for apply_config
    nrf_drv_uart.o(i.nrf_drv_uart_init) refers to nrf_drv_uart.o(i.nrf_uart_int_enable) for nrf_uart_int_enable
    nrf_drv_uart.o(i.nrf_drv_uart_init) refers to nrf_drv_common.o(i.nrf_drv_common_irq_enable) for nrf_drv_common_irq_enable
    nrf_drv_uart.o(i.nrf_drv_uart_init) refers to nrf_drv_uart.o(.bss) for m_cb
    nrf_drv_uart.o(i.nrf_drv_uart_init) refers to nrf_drv_uart.o(.constdata) for m_default_config
    nrf_drv_uart.o(i.nrf_drv_uart_rx) refers to nrf_drv_uart.o(i.rx_enable) for rx_enable
    nrf_drv_uart.o(i.nrf_drv_uart_rx) refers to nrf_drv_uart.o(i.nrf_uart_event_check) for nrf_uart_event_check
    nrf_drv_uart.o(i.nrf_drv_uart_rx) refers to nrf_drv_uart.o(i.rx_byte) for rx_byte
    nrf_drv_uart.o(i.nrf_drv_uart_rx) refers to nrf_drv_uart.o(i.nrf_uart_event_clear) for nrf_uart_event_clear
    nrf_drv_uart.o(i.nrf_drv_uart_rx) refers to nrf_drv_uart.o(i.nrf_uart_task_trigger) for nrf_uart_task_trigger
    nrf_drv_uart.o(i.nrf_drv_uart_rx) refers to nrf_drv_uart.o(i.nrf_uart_int_enable) for nrf_uart_int_enable
    nrf_drv_uart.o(i.nrf_drv_uart_rx) refers to nrf_drv_uart.o(.bss) for m_cb
    nrf_drv_uart.o(i.nrf_drv_uart_rx_abort) refers to nrf_drv_uart.o(i.nrf_uart_int_disable) for nrf_uart_int_disable
    nrf_drv_uart.o(i.nrf_drv_uart_rx_abort) refers to nrf_drv_uart.o(i.nrf_uart_task_trigger) for nrf_uart_task_trigger
    nrf_drv_uart.o(i.nrf_drv_uart_rx_disable) refers to nrf_drv_uart.o(i.nrf_uart_task_trigger) for nrf_uart_task_trigger
    nrf_drv_uart.o(i.nrf_drv_uart_rx_disable) refers to nrf_drv_uart.o(.bss) for m_cb
    nrf_drv_uart.o(i.nrf_drv_uart_rx_enable) refers to nrf_drv_uart.o(i.rx_enable) for rx_enable
    nrf_drv_uart.o(i.nrf_drv_uart_rx_enable) refers to nrf_drv_uart.o(.bss) for m_cb
    nrf_drv_uart.o(i.nrf_drv_uart_tx) refers to nrf_drv_uart.o(i.nrf_uart_event_clear) for nrf_uart_event_clear
    nrf_drv_uart.o(i.nrf_drv_uart_tx) refers to nrf_drv_uart.o(i.nrf_uart_task_trigger) for nrf_uart_task_trigger
    nrf_drv_uart.o(i.nrf_drv_uart_tx) refers to nrf_drv_uart.o(i.tx_byte) for tx_byte
    nrf_drv_uart.o(i.nrf_drv_uart_tx) refers to nrf_drv_uart.o(i.nrf_uart_event_check) for nrf_uart_event_check
    nrf_drv_uart.o(i.nrf_drv_uart_tx) refers to nrf_drv_uart.o(.bss) for m_cb
    nrf_drv_uart.o(i.nrf_drv_uart_tx_abort) refers to nrf_drv_uart.o(i.nrf_uart_task_trigger) for nrf_uart_task_trigger
    nrf_drv_uart.o(i.nrf_drv_uart_tx_abort) refers to nrf_drv_uart.o(i.tx_done_event) for tx_done_event
    nrf_drv_uart.o(i.nrf_drv_uart_tx_abort) refers to nrf_drv_uart.o(.bss) for m_cb
    nrf_drv_uart.o(i.nrf_drv_uart_uninit) refers to nrf_drv_uart.o(i.nrf_uart_int_disable) for nrf_uart_int_disable
    nrf_drv_uart.o(i.nrf_drv_uart_uninit) refers to nrf_drv_uart.o(i.pins_to_default) for pins_to_default
    nrf_drv_uart.o(i.nrf_drv_uart_uninit) refers to nrf_drv_uart.o(.bss) for m_cb
    nrf_drv_uart.o(i.nrf_gpio_cfg_default) refers to nrf_drv_uart.o(i.nrf_gpio_cfg) for nrf_gpio_cfg
    nrf_drv_uart.o(i.nrf_gpio_cfg_input) refers to nrf_drv_uart.o(i.nrf_gpio_cfg) for nrf_gpio_cfg
    nrf_drv_uart.o(i.nrf_gpio_cfg_output) refers to nrf_drv_uart.o(i.nrf_gpio_cfg) for nrf_gpio_cfg
    nrf_drv_uart.o(i.pins_to_default) refers to nrf_drv_uart.o(i.nrf_uart_txrx_pins_set) for nrf_uart_txrx_pins_set
    nrf_drv_uart.o(i.pins_to_default) refers to nrf_drv_uart.o(i.nrf_uart_hwfc_pins_set) for nrf_uart_hwfc_pins_set
    nrf_drv_uart.o(i.pins_to_default) refers to nrf_drv_uart.o(i.nrf_gpio_cfg_default) for nrf_gpio_cfg_default
    nrf_drv_uart.o(i.rx_byte) refers to nrf_drv_uart.o(i.nrf_uart_event_clear) for nrf_uart_event_clear
    nrf_drv_uart.o(i.rx_byte) refers to nrf_drv_uart.o(.bss) for m_cb
    nrf_drv_uart.o(i.rx_done_event) refers to nrf_drv_uart.o(.bss) for m_cb
    nrf_drv_uart.o(i.rx_enable) refers to nrf_drv_uart.o(i.nrf_uart_event_clear) for nrf_uart_event_clear
    nrf_drv_uart.o(i.rx_enable) refers to nrf_drv_uart.o(i.nrf_uart_task_trigger) for nrf_uart_task_trigger
    nrf_drv_uart.o(i.tx_byte) refers to nrf_drv_uart.o(i.nrf_uart_event_clear) for nrf_uart_event_clear
    nrf_drv_uart.o(i.tx_byte) refers to nrf_drv_uart.o(.bss) for m_cb
    nrf_drv_uart.o(i.tx_done_event) refers to nrf_drv_uart.o(.bss) for m_cb
    app_error.o(i.app_error_handler) refers to app_error.o(.data) for m_error_code
    app_fifo.o(i.app_fifo_get) refers to app_fifo.o(i.fifo_length) for fifo_length
    app_fifo.o(i.app_fifo_get) refers to app_fifo.o(i.fifo_get) for fifo_get
    app_fifo.o(i.app_fifo_put) refers to app_fifo.o(i.fifo_length) for fifo_length
    app_fifo.o(i.app_fifo_put) refers to app_fifo.o(i.fifo_put) for fifo_put
    app_fifo.o(i.app_fifo_read) refers to app_fifo.o(i.fifo_length) for fifo_length
    app_fifo.o(i.app_fifo_read) refers to app_fifo.o(i.fifo_get) for fifo_get
    app_fifo.o(i.app_fifo_write) refers to app_fifo.o(i.fifo_length) for fifo_length
    app_fifo.o(i.app_fifo_write) refers to app_fifo.o(i.fifo_put) for fifo_put
    app_util_platform.o(i.critical_region_enter) refers to app_util_platform.o(.data) for m_in_critical_region
    app_util_platform.o(i.critical_region_exit) refers to app_util_platform.o(.data) for m_in_critical_region
    retarget.o(i.fgetc) refers to app_uart_fifo.o(i.app_uart_get) for app_uart_get
    retarget.o(i.fputc) refers to app_uart_fifo.o(i.app_uart_put) for app_uart_put
    arm_startup_nrf51.o(RESET) refers to arm_startup_nrf51.o(STACK) for __initial_sp
    arm_startup_nrf51.o(RESET) refers to arm_startup_nrf51.o(.text) for Reset_Handler
    arm_startup_nrf51.o(RESET) refers to nrf_drv_uart.o(i.UART0_IRQHandler) for UART0_IRQHandler
    arm_startup_nrf51.o(RESET) refers to nrf_drv_twi.o(i.SPI0_TWI0_IRQHandler) for SPI0_TWI0_IRQHandler
    arm_startup_nrf51.o(.text) refers to system_nrf51.o(i.SystemInit) for SystemInit
    arm_startup_nrf51.o(.text) refers to entry.o(.ARM.Collect$$$$00000000) for __main
    system_nrf51.o(i.SystemCoreClockUpdate) refers to system_nrf51.o(.data) for SystemCoreClock
    system_nrf51.o(i.SystemInit) refers to system_nrf51.o(i.is_manual_peripheral_setup_needed) for is_manual_peripheral_setup_needed
    system_nrf51.o(i.SystemInit) refers to system_nrf51.o(i.is_disabled_in_debug_needed) for is_disabled_in_debug_needed
    entry.o(.ARM.Collect$$$$00000000) refers (Special) to entry10a.o(.ARM.Collect$$$$0000000D) for __rt_final_cpp
    entry.o(.ARM.Collect$$$$00000000) refers (Special) to entry11a.o(.ARM.Collect$$$$0000000F) for __rt_final_exit
    entry.o(.ARM.Collect$$$$00000000) refers (Special) to entry7b.o(.ARM.Collect$$$$00000008) for _main_clock
    entry.o(.ARM.Collect$$$$00000000) refers (Special) to entry8b.o(.ARM.Collect$$$$0000000A) for _main_cpp_init
    entry.o(.ARM.Collect$$$$00000000) refers (Special) to entry9a.o(.ARM.Collect$$$$0000000B) for _main_init
    entry.o(.ARM.Collect$$$$00000000) refers (Special) to entry5.o(.ARM.Collect$$$$00000004) for _main_scatterload
    entry.o(.ARM.Collect$$$$00000000) refers (Special) to entry2.o(.ARM.Collect$$$$00000001) for _main_stk
    printfb.o(i.__0fprintf$bare) refers to printfb.o(i._printf_core) for _printf_core
    printfb.o(i.__0fprintf$bare) refers to retarget.o(i.fputc) for fputc
    printfb.o(i.__0printf$bare) refers to printfb.o(i._printf_core) for _printf_core
    printfb.o(i.__0printf$bare) refers to retarget.o(i.fputc) for fputc
    printfb.o(i.__0printf$bare) refers to retarget.o(.data) for __stdout
    printfb.o(i.__0snprintf$bare) refers to printfb.o(i._printf_core) for _printf_core
    printfb.o(i.__0snprintf$bare) refers to printfb.o(i._snputc) for _snputc
    printfb.o(i.__0sprintf$bare) refers to printfb.o(i._printf_core) for _printf_core
    printfb.o(i.__0sprintf$bare) refers to printfb.o(i._sputc) for _sputc
    printfb.o(i.__0vfprintf$bare) refers to printfb.o(i._printf_core) for _printf_core
    printfb.o(i.__0vfprintf$bare) refers to retarget.o(i.fputc) for fputc
    printfb.o(i.__0vprintf$bare) refers to printfb.o(i._printf_core) for _printf_core
    printfb.o(i.__0vprintf$bare) refers to retarget.o(i.fputc) for fputc
    printfb.o(i.__0vprintf$bare) refers to retarget.o(.data) for __stdout
    printfb.o(i.__0vsnprintf$bare) refers to printfb.o(i._printf_core) for _printf_core
    printfb.o(i.__0vsnprintf$bare) refers to printfb.o(i._snputc) for _snputc
    printfb.o(i.__0vsprintf$bare) refers to printfb.o(i._printf_core) for _printf_core
    printfb.o(i.__0vsprintf$bare) refers to printfb.o(i._sputc) for _sputc
    printf0.o(i.__0fprintf$0) refers to printf0.o(i._printf_core) for _printf_core
    printf0.o(i.__0fprintf$0) refers to retarget.o(i.fputc) for fputc
    printf0.o(i.__0printf$0) refers to printf0.o(i._printf_core) for _printf_core
    printf0.o(i.__0printf$0) refers to retarget.o(i.fputc) for fputc
    printf0.o(i.__0printf$0) refers to retarget.o(.data) for __stdout
    printf0.o(i.__0snprintf$0) refers to printf0.o(i._printf_core) for _printf_core
    printf0.o(i.__0snprintf$0) refers to printf0.o(i._snputc) for _snputc
    printf0.o(i.__0sprintf$0) refers to printf0.o(i._printf_core) for _printf_core
    printf0.o(i.__0sprintf$0) refers to printf0.o(i._sputc) for _sputc
    printf0.o(i.__0vfprintf$0) refers to printf0.o(i._printf_core) for _printf_core
    printf0.o(i.__0vfprintf$0) refers to retarget.o(i.fputc) for fputc
    printf0.o(i.__0vprintf$0) refers to printf0.o(i._printf_core) for _printf_core
    printf0.o(i.__0vprintf$0) refers to retarget.o(i.fputc) for fputc
    printf0.o(i.__0vprintf$0) refers to retarget.o(.data) for __stdout
    printf0.o(i.__0vsnprintf$0) refers to printf0.o(i._printf_core) for _printf_core
    printf0.o(i.__0vsnprintf$0) refers to printf0.o(i._snputc) for _snputc
    printf0.o(i.__0vsprintf$0) refers to printf0.o(i._printf_core) for _printf_core
    printf0.o(i.__0vsprintf$0) refers to printf0.o(i._sputc) for _sputc
    printf1.o(i.__0fprintf$1) refers to printf1.o(i._printf_core) for _printf_core
    printf1.o(i.__0fprintf$1) refers to retarget.o(i.fputc) for fputc
    printf1.o(i.__0printf$1) refers to printf1.o(i._printf_core) for _printf_core
    printf1.o(i.__0printf$1) refers to retarget.o(i.fputc) for fputc
    printf1.o(i.__0printf$1) refers to retarget.o(.data) for __stdout
    printf1.o(i.__0snprintf$1) refers to printf1.o(i._printf_core) for _printf_core
    printf1.o(i.__0snprintf$1) refers to printf1.o(i._snputc) for _snputc
    printf1.o(i.__0sprintf$1) refers to printf1.o(i._printf_core) for _printf_core
    printf1.o(i.__0sprintf$1) refers to printf1.o(i._sputc) for _sputc
    printf1.o(i.__0vfprintf$1) refers to printf1.o(i._printf_core) for _printf_core
    printf1.o(i.__0vfprintf$1) refers to retarget.o(i.fputc) for fputc
    printf1.o(i.__0vprintf$1) refers to printf1.o(i._printf_core) for _printf_core
    printf1.o(i.__0vprintf$1) refers to retarget.o(i.fputc) for fputc
    printf1.o(i.__0vprintf$1) refers to retarget.o(.data) for __stdout
    printf1.o(i.__0vsnprintf$1) refers to printf1.o(i._printf_core) for _printf_core
    printf1.o(i.__0vsnprintf$1) refers to printf1.o(i._snputc) for _snputc
    printf1.o(i.__0vsprintf$1) refers to printf1.o(i._printf_core) for _printf_core
    printf1.o(i.__0vsprintf$1) refers to printf1.o(i._sputc) for _sputc
    printf1.o(i._printf_core) refers to uidiv.o(.text) for __aeabi_uidivmod
    printf2.o(i.__0fprintf$2) refers to printf2.o(i._printf_core) for _printf_core
    printf2.o(i.__0fprintf$2) refers to retarget.o(i.fputc) for fputc
    printf2.o(i.__0printf$2) refers to printf2.o(i._printf_core) for _printf_core
    printf2.o(i.__0printf$2) refers to retarget.o(i.fputc) for fputc
    printf2.o(i.__0printf$2) refers to retarget.o(.data) for __stdout
    printf2.o(i.__0snprintf$2) refers to printf2.o(i._printf_core) for _printf_core
    printf2.o(i.__0snprintf$2) refers to printf2.o(i._snputc) for _snputc
    printf2.o(i.__0sprintf$2) refers to printf2.o(i._printf_core) for _printf_core
    printf2.o(i.__0sprintf$2) refers to printf2.o(i._sputc) for _sputc
    printf2.o(i.__0vfprintf$2) refers to printf2.o(i._printf_core) for _printf_core
    printf2.o(i.__0vfprintf$2) refers to retarget.o(i.fputc) for fputc
    printf2.o(i.__0vprintf$2) refers to printf2.o(i._printf_core) for _printf_core
    printf2.o(i.__0vprintf$2) refers to retarget.o(i.fputc) for fputc
    printf2.o(i.__0vprintf$2) refers to retarget.o(.data) for __stdout
    printf2.o(i.__0vsnprintf$2) refers to printf2.o(i._printf_core) for _printf_core
    printf2.o(i.__0vsnprintf$2) refers to printf2.o(i._snputc) for _snputc
    printf2.o(i.__0vsprintf$2) refers to printf2.o(i._printf_core) for _printf_core
    printf2.o(i.__0vsprintf$2) refers to printf2.o(i._sputc) for _sputc
    printf3.o(i.__0fprintf$3) refers to printf3.o(i._printf_core) for _printf_core
    printf3.o(i.__0fprintf$3) refers to retarget.o(i.fputc) for fputc
    printf3.o(i.__0printf$3) refers to printf3.o(i._printf_core) for _printf_core
    printf3.o(i.__0printf$3) refers to retarget.o(i.fputc) for fputc
    printf3.o(i.__0printf$3) refers to retarget.o(.data) for __stdout
    printf3.o(i.__0snprintf$3) refers to printf3.o(i._printf_core) for _printf_core
    printf3.o(i.__0snprintf$3) refers to printf3.o(i._snputc) for _snputc
    printf3.o(i.__0sprintf$3) refers to printf3.o(i._printf_core) for _printf_core
    printf3.o(i.__0sprintf$3) refers to printf3.o(i._sputc) for _sputc
    printf3.o(i.__0vfprintf$3) refers to printf3.o(i._printf_core) for _printf_core
    printf3.o(i.__0vfprintf$3) refers to retarget.o(i.fputc) for fputc
    printf3.o(i.__0vprintf$3) refers to printf3.o(i._printf_core) for _printf_core
    printf3.o(i.__0vprintf$3) refers to retarget.o(i.fputc) for fputc
    printf3.o(i.__0vprintf$3) refers to retarget.o(.data) for __stdout
    printf3.o(i.__0vsnprintf$3) refers to printf3.o(i._printf_core) for _printf_core
    printf3.o(i.__0vsnprintf$3) refers to printf3.o(i._snputc) for _snputc
    printf3.o(i.__0vsprintf$3) refers to printf3.o(i._printf_core) for _printf_core
    printf3.o(i.__0vsprintf$3) refers to printf3.o(i._sputc) for _sputc
    printf3.o(i._printf_core) refers to uidiv.o(.text) for __aeabi_uidivmod
    printf4.o(i.__0fprintf$4) refers to printf4.o(i._printf_core) for _printf_core
    printf4.o(i.__0fprintf$4) refers to retarget.o(i.fputc) for fputc
    printf4.o(i.__0printf$4) refers to printf4.o(i._printf_core) for _printf_core
    printf4.o(i.__0printf$4) refers to retarget.o(i.fputc) for fputc
    printf4.o(i.__0printf$4) refers to retarget.o(.data) for __stdout
    printf4.o(i.__0snprintf$4) refers to printf4.o(i._printf_core) for _printf_core
    printf4.o(i.__0snprintf$4) refers to printf4.o(i._snputc) for _snputc
    printf4.o(i.__0sprintf$4) refers to printf4.o(i._printf_core) for _printf_core
    printf4.o(i.__0sprintf$4) refers to printf4.o(i._sputc) for _sputc
    printf4.o(i.__0vfprintf$4) refers to printf4.o(i._printf_core) for _printf_core
    printf4.o(i.__0vfprintf$4) refers to retarget.o(i.fputc) for fputc
    printf4.o(i.__0vprintf$4) refers to printf4.o(i._printf_core) for _printf_core
    printf4.o(i.__0vprintf$4) refers to retarget.o(i.fputc) for fputc
    printf4.o(i.__0vprintf$4) refers to retarget.o(.data) for __stdout
    printf4.o(i.__0vsnprintf$4) refers to printf4.o(i._printf_core) for _printf_core
    printf4.o(i.__0vsnprintf$4) refers to printf4.o(i._snputc) for _snputc
    printf4.o(i.__0vsprintf$4) refers to printf4.o(i._printf_core) for _printf_core
    printf4.o(i.__0vsprintf$4) refers to printf4.o(i._sputc) for _sputc
    printf4.o(i._printf_core) refers to uldiv.o(.text) for __aeabi_uldivmod
    printf5.o(i.__0fprintf$5) refers to printf5.o(i._printf_core) for _printf_core
    printf5.o(i.__0fprintf$5) refers to retarget.o(i.fputc) for fputc
    printf5.o(i.__0printf$5) refers to printf5.o(i._printf_core) for _printf_core
    printf5.o(i.__0printf$5) refers to retarget.o(i.fputc) for fputc
    printf5.o(i.__0printf$5) refers to retarget.o(.data) for __stdout
    printf5.o(i.__0snprintf$5) refers to printf5.o(i._printf_core) for _printf_core
    printf5.o(i.__0snprintf$5) refers to printf5.o(i._snputc) for _snputc
    printf5.o(i.__0sprintf$5) refers to printf5.o(i._printf_core) for _printf_core
    printf5.o(i.__0sprintf$5) refers to printf5.o(i._sputc) for _sputc
    printf5.o(i.__0vfprintf$5) refers to printf5.o(i._printf_core) for _printf_core
    printf5.o(i.__0vfprintf$5) refers to retarget.o(i.fputc) for fputc
    printf5.o(i.__0vprintf$5) refers to printf5.o(i._printf_core) for _printf_core
    printf5.o(i.__0vprintf$5) refers to retarget.o(i.fputc) for fputc
    printf5.o(i.__0vprintf$5) refers to retarget.o(.data) for __stdout
    printf5.o(i.__0vsnprintf$5) refers to printf5.o(i._printf_core) for _printf_core
    printf5.o(i.__0vsnprintf$5) refers to printf5.o(i._snputc) for _snputc
    printf5.o(i.__0vsprintf$5) refers to printf5.o(i._printf_core) for _printf_core
    printf5.o(i.__0vsprintf$5) refers to printf5.o(i._sputc) for _sputc
    printf5.o(i._printf_core) refers to uldiv.o(.text) for __aeabi_uldivmod
    printf6.o(i.__0fprintf$6) refers to printf6.o(i._printf_core) for _printf_core
    printf6.o(i.__0fprintf$6) refers to retarget.o(i.fputc) for fputc
    printf6.o(i.__0printf$6) refers to printf6.o(i._printf_core) for _printf_core
    printf6.o(i.__0printf$6) refers to retarget.o(i.fputc) for fputc
    printf6.o(i.__0printf$6) refers to retarget.o(.data) for __stdout
    printf6.o(i.__0snprintf$6) refers to printf6.o(i._printf_core) for _printf_core
    printf6.o(i.__0snprintf$6) refers to printf6.o(i._snputc) for _snputc
    printf6.o(i.__0sprintf$6) refers to printf6.o(i._printf_core) for _printf_core
    printf6.o(i.__0sprintf$6) refers to printf6.o(i._sputc) for _sputc
    printf6.o(i.__0vfprintf$6) refers to printf6.o(i._printf_core) for _printf_core
    printf6.o(i.__0vfprintf$6) refers to retarget.o(i.fputc) for fputc
    printf6.o(i.__0vprintf$6) refers to printf6.o(i._printf_core) for _printf_core
    printf6.o(i.__0vprintf$6) refers to retarget.o(i.fputc) for fputc
    printf6.o(i.__0vprintf$6) refers to retarget.o(.data) for __stdout
    printf6.o(i.__0vsnprintf$6) refers to printf6.o(i._printf_core) for _printf_core
    printf6.o(i.__0vsnprintf$6) refers to printf6.o(i._snputc) for _snputc
    printf6.o(i.__0vsprintf$6) refers to printf6.o(i._printf_core) for _printf_core
    printf6.o(i.__0vsprintf$6) refers to printf6.o(i._sputc) for _sputc
    printf6.o(i._printf_core) refers to printf6.o(i._printf_pre_padding) for _printf_pre_padding
    printf6.o(i._printf_core) refers to printf6.o(i._printf_post_padding) for _printf_post_padding
    printf6.o(i._printf_core) refers to uidiv.o(.text) for __aeabi_uidivmod
    printf7.o(i.__0fprintf$7) refers to printf7.o(i._printf_core) for _printf_core
    printf7.o(i.__0fprintf$7) refers to retarget.o(i.fputc) for fputc
    printf7.o(i.__0printf$7) refers to printf7.o(i._printf_core) for _printf_core
    printf7.o(i.__0printf$7) refers to retarget.o(i.fputc) for fputc
    printf7.o(i.__0printf$7) refers to retarget.o(.data) for __stdout
    printf7.o(i.__0snprintf$7) refers to printf7.o(i._printf_core) for _printf_core
    printf7.o(i.__0snprintf$7) refers to printf7.o(i._snputc) for _snputc
    printf7.o(i.__0sprintf$7) refers to printf7.o(i._printf_core) for _printf_core
    printf7.o(i.__0sprintf$7) refers to printf7.o(i._sputc) for _sputc
    printf7.o(i.__0vfprintf$7) refers to printf7.o(i._printf_core) for _printf_core
    printf7.o(i.__0vfprintf$7) refers to retarget.o(i.fputc) for fputc
    printf7.o(i.__0vprintf$7) refers to printf7.o(i._printf_core) for _printf_core
    printf7.o(i.__0vprintf$7) refers to retarget.o(i.fputc) for fputc
    printf7.o(i.__0vprintf$7) refers to retarget.o(.data) for __stdout
    printf7.o(i.__0vsnprintf$7) refers to printf7.o(i._printf_core) for _printf_core
    printf7.o(i.__0vsnprintf$7) refers to printf7.o(i._snputc) for _snputc
    printf7.o(i.__0vsprintf$7) refers to printf7.o(i._printf_core) for _printf_core
    printf7.o(i.__0vsprintf$7) refers to printf7.o(i._sputc) for _sputc
    printf7.o(i._printf_core) refers to printf7.o(i._printf_pre_padding) for _printf_pre_padding
    printf7.o(i._printf_core) refers to printf7.o(i._printf_post_padding) for _printf_post_padding
    printf7.o(i._printf_core) refers to uldiv.o(.text) for __aeabi_uldivmod
    printf8.o(i.__0fprintf$8) refers to printf8.o(i._printf_core) for _printf_core
    printf8.o(i.__0fprintf$8) refers to retarget.o(i.fputc) for fputc
    printf8.o(i.__0printf$8) refers to printf8.o(i._printf_core) for _printf_core
    printf8.o(i.__0printf$8) refers to retarget.o(i.fputc) for fputc
    printf8.o(i.__0printf$8) refers to retarget.o(.data) for __stdout
    printf8.o(i.__0snprintf$8) refers to printf8.o(i._printf_core) for _printf_core
    printf8.o(i.__0snprintf$8) refers to printf8.o(i._snputc) for _snputc
    printf8.o(i.__0sprintf$8) refers to printf8.o(i._printf_core) for _printf_core
    printf8.o(i.__0sprintf$8) refers to printf8.o(i._sputc) for _sputc
    printf8.o(i.__0vfprintf$8) refers to printf8.o(i._printf_core) for _printf_core
    printf8.o(i.__0vfprintf$8) refers to retarget.o(i.fputc) for fputc
    printf8.o(i.__0vprintf$8) refers to printf8.o(i._printf_core) for _printf_core
    printf8.o(i.__0vprintf$8) refers to retarget.o(i.fputc) for fputc
    printf8.o(i.__0vprintf$8) refers to retarget.o(.data) for __stdout
    printf8.o(i.__0vsnprintf$8) refers to printf8.o(i._printf_core) for _printf_core
    printf8.o(i.__0vsnprintf$8) refers to printf8.o(i._snputc) for _snputc
    printf8.o(i.__0vsprintf$8) refers to printf8.o(i._printf_core) for _printf_core
    printf8.o(i.__0vsprintf$8) refers to printf8.o(i._sputc) for _sputc
    printf8.o(i._printf_core) refers to printf8.o(i._printf_pre_padding) for _printf_pre_padding
    printf8.o(i._printf_core) refers to printf8.o(i._printf_post_padding) for _printf_post_padding
    printf8.o(i._printf_core) refers to uldiv.o(.text) for __aeabi_uldivmod
    printfa.o(i.__0fprintf) refers (Special) to iusefp.o(.text) for __I$use$fp
    printfa.o(i.__0fprintf) refers to printfa.o(i._printf_core) for _printf_core
    printfa.o(i.__0fprintf) refers to retarget.o(i.fputc) for fputc
    printfa.o(i.__0printf) refers (Special) to iusefp.o(.text) for __I$use$fp
    printfa.o(i.__0printf) refers to printfa.o(i._printf_core) for _printf_core
    printfa.o(i.__0printf) refers to retarget.o(i.fputc) for fputc
    printfa.o(i.__0printf) refers to retarget.o(.data) for __stdout
    printfa.o(i.__0snprintf) refers (Special) to iusefp.o(.text) for __I$use$fp
    printfa.o(i.__0snprintf) refers to printfa.o(i._printf_core) for _printf_core
    printfa.o(i.__0snprintf) refers to printfa.o(i._snputc) for _snputc
    printfa.o(i.__0sprintf) refers (Special) to iusefp.o(.text) for __I$use$fp
    printfa.o(i.__0sprintf) refers to printfa.o(i._printf_core) for _printf_core
    printfa.o(i.__0sprintf) refers to printfa.o(i._sputc) for _sputc
    printfa.o(i.__0vfprintf) refers (Special) to iusefp.o(.text) for __I$use$fp
    printfa.o(i.__0vfprintf) refers to printfa.o(i._printf_core) for _printf_core
    printfa.o(i.__0vfprintf) refers to retarget.o(i.fputc) for fputc
    printfa.o(i.__0vprintf) refers (Special) to iusefp.o(.text) for __I$use$fp
    printfa.o(i.__0vprintf) refers to printfa.o(i._printf_core) for _printf_core
    printfa.o(i.__0vprintf) refers to retarget.o(i.fputc) for fputc
    printfa.o(i.__0vprintf) refers to retarget.o(.data) for __stdout
    printfa.o(i.__0vsnprintf) refers (Special) to iusefp.o(.text) for __I$use$fp
    printfa.o(i.__0vsnprintf) refers to printfa.o(i._printf_core) for _printf_core
    printfa.o(i.__0vsnprintf) refers to printfa.o(i._snputc) for _snputc
    printfa.o(i.__0vsprintf) refers (Special) to iusefp.o(.text) for __I$use$fp
    printfa.o(i.__0vsprintf) refers to printfa.o(i._printf_core) for _printf_core
    printfa.o(i.__0vsprintf) refers to printfa.o(i._sputc) for _sputc
    printfa.o(i._fp_digits) refers (Special) to iusefp.o(.text) for __I$use$fp
    printfa.o(i._fp_digits) refers to dmul.o(.text) for __aeabi_dmul
    printfa.o(i._fp_digits) refers to ddiv.o(.text) for __aeabi_ddiv
    printfa.o(i._fp_digits) refers to cdrcmple.o(.text) for __aeabi_cdrcmple
    printfa.o(i._fp_digits) refers to dadd.o(.text) for __aeabi_dadd
    printfa.o(i._fp_digits) refers to dfixul.o(.text) for __aeabi_d2ulz
    printfa.o(i._fp_digits) refers to uldiv.o(.text) for __aeabi_uldivmod
    printfa.o(i._printf_core) refers (Special) to iusefp.o(.text) for __I$use$fp
    printfa.o(i._printf_core) refers to printfa.o(i._printf_pre_padding) for _printf_pre_padding
    printfa.o(i._printf_core) refers to uldiv.o(.text) for __aeabi_uldivmod
    printfa.o(i._printf_core) refers to printfa.o(i._printf_post_padding) for _printf_post_padding
    printfa.o(i._printf_core) refers to printfa.o(i._fp_digits) for _fp_digits
    printfa.o(i._printf_core) refers to uidiv.o(.text) for __aeabi_uidivmod
    printfa.o(i._printf_post_padding) refers (Special) to iusefp.o(.text) for __I$use$fp
    printfa.o(i._printf_pre_padding) refers (Special) to iusefp.o(.text) for __I$use$fp
    printfa.o(i._snputc) refers (Special) to iusefp.o(.text) for __I$use$fp
    printfa.o(i._sputc) refers (Special) to iusefp.o(.text) for __I$use$fp
    entry2.o(.ARM.Collect$$$$00000001) refers to entry2.o(.ARM.Collect$$$$00002712) for __lit__00000000
    entry2.o(.ARM.Collect$$$$00002712) refers to arm_startup_nrf51.o(STACK) for __initial_sp
    entry2.o(__vectab_stack_and_reset_area) refers to arm_startup_nrf51.o(STACK) for __initial_sp
    entry2.o(__vectab_stack_and_reset_area) refers to entry.o(.ARM.Collect$$$$00000000) for __main
    entry5.o(.ARM.Collect$$$$00000004) refers to init.o(.text) for __scatterload
    entry9a.o(.ARM.Collect$$$$0000000B) refers to main.o(i.main) for main
    entry9b.o(.ARM.Collect$$$$0000000C) refers to main.o(i.main) for main
    uldiv.o(.text) refers to llushr.o(.text) for __aeabi_llsr
    uldiv.o(.text) refers to llshl.o(.text) for __aeabi_llsl
    dadd.o(.text) refers to llshl.o(.text) for __aeabi_llsl
    dadd.o(.text) refers to llsshr.o(.text) for __aeabi_lasr
    dadd.o(.text) refers to depilogue.o(.text) for _double_epilogue
    dmul.o(.text) refers to depilogue.o(.text) for _double_epilogue
    ddiv.o(.text) refers to depilogue.o(.text) for _double_round
    dfixul.o(.text) refers to llushr.o(.text) for __aeabi_llsr
    dfixul.o(.text) refers to llshl.o(.text) for __aeabi_llsl
    init.o(.text) refers to entry5.o(.ARM.Collect$$$$00000004) for __main_after_scatterload
    depilogue.o(.text) refers to depilogue.o(i.__ARM_clz) for __ARM_clz
    depilogue.o(.text) refers to llshl.o(.text) for __aeabi_llsl
    depilogue.o(.text) refers to llushr.o(.text) for __aeabi_llsr


==============================================================================

Removing Unused input sections from the image.

    Removing main.o(.rev16_text), (4 bytes).
    Removing main.o(.revsh_text), (4 bytes).
    Removing main.o(.emb_text), (30 bytes).
    Removing app_uart_fifo.o(.rev16_text), (4 bytes).
    Removing app_uart_fifo.o(.revsh_text), (4 bytes).
    Removing app_uart_fifo.o(i.app_uart_close), (10 bytes).
    Removing app_uart_fifo.o(i.app_uart_flush), (48 bytes).
    Removing app_uart_fifo.o(i.app_uart_get), (56 bytes).
    Removing nrf_delay.o(.rev16_text), (4 bytes).
    Removing nrf_delay.o(.revsh_text), (4 bytes).
    Removing nrf_drv_common.o(.rev16_text), (4 bytes).
    Removing nrf_drv_common.o(.revsh_text), (4 bytes).
    Removing nrf_drv_twi.o(.rev16_text), (4 bytes).
    Removing nrf_drv_twi.o(.revsh_text), (4 bytes).
    Removing nrf_drv_twi.o(i.nrf_drv_twi_data_count_get), (24 bytes).
    Removing nrf_drv_twi.o(i.nrf_drv_twi_disable), (52 bytes).
    Removing nrf_drv_twi.o(i.nrf_drv_twi_rx), (34 bytes).
    Removing nrf_drv_twi.o(i.nrf_drv_twi_uninit), (84 bytes).
    Removing nrf_drv_uart.o(.rev16_text), (4 bytes).
    Removing nrf_drv_uart.o(.revsh_text), (4 bytes).
    Removing nrf_drv_uart.o(i.nrf_drv_uart_errorsrc_get), (28 bytes).
    Removing nrf_drv_uart.o(i.nrf_drv_uart_rx_abort), (28 bytes).
    Removing nrf_drv_uart.o(i.nrf_drv_uart_rx_disable), (28 bytes).
    Removing nrf_drv_uart.o(i.nrf_drv_uart_tx_abort), (48 bytes).
    Removing nrf_drv_uart.o(i.nrf_drv_uart_uninit), (92 bytes).
    Removing nrf_drv_uart.o(i.nrf_gpio_cfg_default), (24 bytes).
    Removing nrf_drv_uart.o(i.pins_to_default), (120 bytes).
    Removing app_error.o(.rev16_text), (4 bytes).
    Removing app_error.o(.revsh_text), (4 bytes).
    Removing app_fifo.o(i.app_fifo_flush), (10 bytes).
    Removing app_fifo.o(i.app_fifo_read), (106 bytes).
    Removing app_fifo.o(i.app_fifo_write), (110 bytes).
    Removing app_util_platform.o(.rev16_text), (4 bytes).
    Removing app_util_platform.o(.revsh_text), (4 bytes).
    Removing retarget.o(.rev16_text), (4 bytes).
    Removing retarget.o(.revsh_text), (4 bytes).
    Removing retarget.o(i.fgetc), (22 bytes).
    Removing arm_startup_nrf51.o(HEAP), (2048 bytes).
    Removing system_nrf51.o(.rev16_text), (4 bytes).
    Removing system_nrf51.o(.revsh_text), (4 bytes).
    Removing system_nrf51.o(i.SystemCoreClockUpdate), (16 bytes).
    Removing dadd.o(.text), (356 bytes).
    Removing dmul.o(.text), (208 bytes).
    Removing ddiv.o(.text), (240 bytes).
    Removing dfixul.o(.text), (64 bytes).
    Removing cdrcmple.o(.text), (40 bytes).
    Removing depilogue.o(.text), (190 bytes).
    Removing depilogue.o(i.__ARM_clz), (46 bytes).

48 unused section(s) (total 4242 bytes) removed from the image.

==============================================================================

Image Symbol Table

    Local Symbols

    Symbol Name                              Value     Ov Type        Size  Object(Section)

    RESET                                    0x00000000   Section      192  arm_startup_nrf51.o(RESET)
    ../clib/microlib/division.c              0x00000000   Number         0  uidiv.o ABSOLUTE
    ../clib/microlib/division.c              0x00000000   Number         0  uldiv.o ABSOLUTE
    ../clib/microlib/init/entry.s            0x00000000   Number         0  entry9b.o ABSOLUTE
    ../clib/microlib/init/entry.s            0x00000000   Number         0  entry7a.o ABSOLUTE
    ../clib/microlib/init/entry.s            0x00000000   Number         0  entry.o ABSOLUTE
    ../clib/microlib/init/entry.s            0x00000000   Number         0  entry8a.o ABSOLUTE
    ../clib/microlib/init/entry.s            0x00000000   Number         0  entry5.o ABSOLUTE
    ../clib/microlib/init/entry.s            0x00000000   Number         0  entry11a.o ABSOLUTE
    ../clib/microlib/init/entry.s            0x00000000   Number         0  entry10b.o ABSOLUTE
    ../clib/microlib/init/entry.s            0x00000000   Number         0  entry2.o ABSOLUTE
    ../clib/microlib/init/entry.s            0x00000000   Number         0  entry10a.o ABSOLUTE
    ../clib/microlib/init/entry.s            0x00000000   Number         0  entry11b.o ABSOLUTE
    ../clib/microlib/init/entry.s            0x00000000   Number         0  entry9a.o ABSOLUTE
    ../clib/microlib/init/entry.s            0x00000000   Number         0  entry8b.o ABSOLUTE
    ../clib/microlib/init/entry.s            0x00000000   Number         0  entry7b.o ABSOLUTE
    ../clib/microlib/longlong.c              0x00000000   Number         0  llushr.o ABSOLUTE
    ../clib/microlib/longlong.c              0x00000000   Number         0  llshl.o ABSOLUTE
    ../clib/microlib/longlong.c              0x00000000   Number         0  llsshr.o ABSOLUTE
    ../clib/microlib/printf/printf.c         0x00000000   Number         0  printf1.o ABSOLUTE
    ../clib/microlib/printf/printf.c         0x00000000   Number         0  printf2.o ABSOLUTE
    ../clib/microlib/printf/printf.c         0x00000000   Number         0  printf3.o ABSOLUTE
    ../clib/microlib/printf/printf.c         0x00000000   Number         0  printfa.o ABSOLUTE
    ../clib/microlib/printf/printf.c         0x00000000   Number         0  printf6.o ABSOLUTE
    ../clib/microlib/printf/printf.c         0x00000000   Number         0  printf8.o ABSOLUTE
    ../clib/microlib/printf/printf.c         0x00000000   Number         0  printf7.o ABSOLUTE
    ../clib/microlib/printf/printf.c         0x00000000   Number         0  printf4.o ABSOLUTE
    ../clib/microlib/printf/printf.c         0x00000000   Number         0  printf5.o ABSOLUTE
    ../clib/microlib/printf/printf.c         0x00000000   Number         0  printf0.o ABSOLUTE
    ../clib/microlib/printf/printf.c         0x00000000   Number         0  printfb.o ABSOLUTE
    ../clib/microlib/printf/stubs.s          0x00000000   Number         0  stubs.o ABSOLUTE
    ../clib/microlib/string/memcpy.c         0x00000000   Number         0  memcpya.o ABSOLUTE
    ../clib/microlib/string/memcpy.c         0x00000000   Number         0  memcpyb.o ABSOLUTE
    ../clib/microlib/stubs.s                 0x00000000   Number         0  iusefp.o ABSOLUTE
    ../fplib/microlib/fpadd.c                0x00000000   Number         0  dadd.o ABSOLUTE
    ../fplib/microlib/fpdiv.c                0x00000000   Number         0  ddiv.o ABSOLUTE
    ../fplib/microlib/fpepilogue.c           0x00000000   Number         0  depilogue.o ABSOLUTE
    ../fplib/microlib/fpfix.c                0x00000000   Number         0  dfixul.o ABSOLUTE
    ../fplib/microlib/fpmul.c                0x00000000   Number         0  dmul.o ABSOLUTE
    ..\..\..\..\..\components\drivers_nrf\common\nrf_drv_common.c 0x00000000   Number         0  nrf_drv_common.o ABSOLUTE
    ..\..\..\..\..\components\drivers_nrf\delay\nrf_delay.c 0x00000000   Number         0  nrf_delay.o ABSOLUTE
    ..\..\..\..\..\components\drivers_nrf\twi_master\nrf_drv_twi.c 0x00000000   Number         0  nrf_drv_twi.o ABSOLUTE
    ..\..\..\..\..\components\drivers_nrf\uart\nrf_drv_uart.c 0x00000000   Number         0  nrf_drv_uart.o ABSOLUTE
    ..\..\..\..\..\components\libraries\fifo\app_fifo.c 0x00000000   Number         0  app_fifo.o ABSOLUTE
    ..\..\..\..\..\components\libraries\uart\app_uart_fifo.c 0x00000000   Number         0  app_uart_fifo.o ABSOLUTE
    ..\..\..\..\..\components\libraries\uart\retarget.c 0x00000000   Number         0  retarget.o ABSOLUTE
    ..\..\..\..\..\components\libraries\util\app_error.c 0x00000000   Number         0  app_error.o ABSOLUTE
    ..\..\..\..\..\components\libraries\util\app_util_platform.c 0x00000000   Number         0  app_util_platform.o ABSOLUTE
    ..\..\..\..\..\components\libraries\util\nrf_assert.c 0x00000000   Number         0  nrf_assert.o ABSOLUTE
    ..\..\main.c                             0x00000000   Number         0  main.o ABSOLUTE
    ..\\..\\..\\..\\..\\components\\drivers_nrf\\common\\nrf_drv_common.c 0x00000000   Number         0  nrf_drv_common.o ABSOLUTE
    ..\\..\\..\\..\\..\\components\\drivers_nrf\\delay\\nrf_delay.c 0x00000000   Number         0  nrf_delay.o ABSOLUTE
    ..\\..\\..\\..\\..\\components\\drivers_nrf\\twi_master\\nrf_drv_twi.c 0x00000000   Number         0  nrf_drv_twi.o ABSOLUTE
    ..\\..\\..\\..\\..\\components\\drivers_nrf\\uart\\nrf_drv_uart.c 0x00000000   Number         0  nrf_drv_uart.o ABSOLUTE
    ..\\..\\..\\..\\..\\components\\libraries\\uart\\app_uart_fifo.c 0x00000000   Number         0  app_uart_fifo.o ABSOLUTE
    ..\\..\\..\\..\\..\\components\\libraries\\uart\\retarget.c 0x00000000   Number         0  retarget.o ABSOLUTE
    ..\\..\\..\\..\\..\\components\\libraries\\util\\app_error.c 0x00000000   Number         0  app_error.o ABSOLUTE
    ..\\..\\..\\..\\..\\components\\libraries\\util\\app_util_platform.c 0x00000000   Number         0  app_util_platform.o ABSOLUTE
    ..\\..\\main.c                           0x00000000   Number         0  main.o ABSOLUTE
    RTE\Device\nRF51422_xxAC\arm_startup_nrf51.s 0x00000000   Number         0  arm_startup_nrf51.o ABSOLUTE
    RTE\Device\nRF51422_xxAC\system_nrf51.c  0x00000000   Number         0  system_nrf51.o ABSOLUTE
    RTE\\Device\\nRF51422_xxAC\\system_nrf51.c 0x00000000   Number         0  system_nrf51.o ABSOLUTE
    cdrcmple.s                               0x00000000   Number         0  cdrcmple.o ABSOLUTE
    dc.s                                     0x00000000   Number         0  dc.o ABSOLUTE
    handlers.s                               0x00000000   Number         0  handlers.o ABSOLUTE
    init.s                                   0x00000000   Number         0  init.o ABSOLUTE
    .ARM.Collect$$$$00000000                 0x000000c0   Section        0  entry.o(.ARM.Collect$$$$00000000)
    .ARM.Collect$$$$00000001                 0x000000c0   Section        4  entry2.o(.ARM.Collect$$$$00000001)
    .ARM.Collect$$$$00000004                 0x000000c4   Section        4  entry5.o(.ARM.Collect$$$$00000004)
    .ARM.Collect$$$$00000008                 0x000000c8   Section        0  entry7b.o(.ARM.Collect$$$$00000008)
    .ARM.Collect$$$$0000000A                 0x000000c8   Section        0  entry8b.o(.ARM.Collect$$$$0000000A)
    .ARM.Collect$$$$0000000B                 0x000000c8   Section        8  entry9a.o(.ARM.Collect$$$$0000000B)
    .ARM.Collect$$$$0000000D                 0x000000d0   Section        0  entry10a.o(.ARM.Collect$$$$0000000D)
    .ARM.Collect$$$$0000000F                 0x000000d0   Section        0  entry11a.o(.ARM.Collect$$$$0000000F)
    .ARM.Collect$$$$00002712                 0x000000d0   Section        4  entry2.o(.ARM.Collect$$$$00002712)
    __lit__00000000                          0x000000d0   Data           4  entry2.o(.ARM.Collect$$$$00002712)
    .emb_text                                0x000000d4   Section       30  nrf_delay.o(.emb_text)
    .emb_text                                0x000000f4   Section       30  nrf_drv_twi.o(.emb_text)
    .text                                    0x00000114   Section       56  arm_startup_nrf51.o(.text)
    .text                                    0x0000014c   Section        0  memcpya.o(.text)
    .text                                    0x00000170   Section        0  uldiv.o(.text)
    .text                                    0x000001d0   Section       36  init.o(.text)
    .text                                    0x000001f4   Section        0  llshl.o(.text)
    .text                                    0x00000214   Section        0  llushr.o(.text)
    i.NVIC_SetPriority                       0x00000238   Section        0  nrf_drv_common.o(i.NVIC_SetPriority)
    NVIC_SetPriority                         0x00000239   Thumb Code   110  nrf_drv_common.o(i.NVIC_SetPriority)
    i.SPI0_TWI0_IRQHandler                   0x000002b0   Section        0  nrf_drv_twi.o(i.SPI0_TWI0_IRQHandler)
    i.SystemInit                             0x000002c0   Section        0  system_nrf51.o(i.SystemInit)
    i.UART0_IRQHandler                       0x000002f8   Section        0  nrf_drv_uart.o(i.UART0_IRQHandler)
    i.__0printf$5                            0x00000430   Section        0  printf5.o(i.__0printf$5)
    i.__scatterload_copy                     0x00000450   Section       14  handlers.o(i.__scatterload_copy)
    i.__scatterload_null                     0x0000045e   Section        2  handlers.o(i.__scatterload_null)
    i.__scatterload_zeroinit                 0x00000460   Section       14  handlers.o(i.__scatterload_zeroinit)
    i._printf_core                           0x00000470   Section        0  printf5.o(i._printf_core)
    _printf_core                             0x00000471   Thumb Code   688  printf5.o(i._printf_core)
    i.ack_error                              0x0000074c   Section        0  nrf_drv_twi.o(i.ack_error)
    ack_error                                0x0000074d   Thumb Code    18  nrf_drv_twi.o(i.ack_error)
    i.address_req                            0x00000764   Section        0  nrf_drv_twi.o(i.address_req)
    address_req                              0x00000765   Thumb Code    90  nrf_drv_twi.o(i.address_req)
    i.app_error_handler                      0x000007c8   Section        0  app_error.o(i.app_error_handler)
    i.app_fifo_get                           0x0000080c   Section        0  app_fifo.o(i.app_fifo_get)
    i.app_fifo_init                          0x0000082c   Section        0  app_fifo.o(i.app_fifo_init)
    i.app_fifo_put                           0x00000856   Section        0  app_fifo.o(i.app_fifo_put)
    i.app_uart_init                          0x00000878   Section        0  app_uart_fifo.o(i.app_uart_init)
    i.app_uart_put                           0x00000938   Section        0  app_uart_fifo.o(i.app_uart_put)
    i.apply_config                           0x00000964   Section        0  nrf_drv_uart.o(i.apply_config)
    apply_config                             0x00000965   Thumb Code   106  nrf_drv_uart.o(i.apply_config)
    i.critical_region_enter                  0x000009d4   Section        0  app_util_platform.o(i.critical_region_enter)
    i.critical_region_exit                   0x000009e8   Section        0  app_util_platform.o(i.critical_region_exit)
    i.fifo_get                               0x00000a04   Section        0  app_fifo.o(i.fifo_get)
    fifo_get                                 0x00000a05   Thumb Code    20  app_fifo.o(i.fifo_get)
    i.fifo_length                            0x00000a18   Section        0  app_uart_fifo.o(i.fifo_length)
    fifo_length                              0x00000a19   Thumb Code    10  app_uart_fifo.o(i.fifo_length)
    i.fifo_length                            0x00000a22   Section        0  app_fifo.o(i.fifo_length)
    fifo_length                              0x00000a23   Thumb Code    10  app_fifo.o(i.fifo_length)
    i.fifo_put                               0x00000a2c   Section        0  app_fifo.o(i.fifo_put)
    fifo_put                                 0x00000a2d   Thumb Code    18  app_fifo.o(i.fifo_put)
    i.fputc                                  0x00000a3e   Section        0  retarget.o(i.fputc)
    i.is_disabled_in_debug_needed            0x00000a50   Section        0  system_nrf51.o(i.is_disabled_in_debug_needed)
    is_disabled_in_debug_needed              0x00000a51   Thumb Code    52  system_nrf51.o(i.is_disabled_in_debug_needed)
    i.is_manual_peripheral_setup_needed      0x00000a88   Section        0  system_nrf51.o(i.is_manual_peripheral_setup_needed)
    is_manual_peripheral_setup_needed        0x00000a89   Thumb Code   104  system_nrf51.o(i.is_manual_peripheral_setup_needed)
    i.main                                   0x00000af4   Section        0  main.o(i.main)
    i.nrf_delay_ms                           0x00000bb4   Section        0  nrf_delay.o(i.nrf_delay_ms)
    i.nrf_drv_common_irq_enable              0x00000bd0   Section        0  nrf_drv_common.o(i.nrf_drv_common_irq_enable)
    i.nrf_drv_twi_enable                     0x00000c08   Section        0  nrf_drv_twi.o(i.nrf_drv_twi_enable)
    i.nrf_drv_twi_init                       0x00000c7c   Section        0  nrf_drv_twi.o(i.nrf_drv_twi_init)
    i.nrf_drv_twi_int_handler                0x00000d4c   Section        0  nrf_drv_twi.o(i.nrf_drv_twi_int_handler)
    nrf_drv_twi_int_handler                  0x00000d4d   Thumb Code   286  nrf_drv_twi.o(i.nrf_drv_twi_int_handler)
    i.nrf_drv_twi_tx                         0x00000e80   Section        0  nrf_drv_twi.o(i.nrf_drv_twi_tx)
    i.nrf_drv_uart_init                      0x00000ea4   Section        0  nrf_drv_uart.o(i.nrf_drv_uart_init)
    i.nrf_drv_uart_rx                        0x00000f24   Section        0  nrf_drv_uart.o(i.nrf_drv_uart_rx)
    i.nrf_drv_uart_rx_enable                 0x00001004   Section        0  nrf_drv_uart.o(i.nrf_drv_uart_rx_enable)
    i.nrf_drv_uart_tx                        0x00001020   Section        0  nrf_drv_uart.o(i.nrf_drv_uart_tx)
    i.nrf_gpio_cfg                           0x000010d4   Section        0  main.o(i.nrf_gpio_cfg)
    nrf_gpio_cfg                             0x000010d5   Thumb Code    38  main.o(i.nrf_gpio_cfg)
    i.nrf_gpio_cfg                           0x000010fa   Section        0  nrf_drv_uart.o(i.nrf_gpio_cfg)
    nrf_gpio_cfg                             0x000010fb   Thumb Code    38  nrf_drv_uart.o(i.nrf_gpio_cfg)
    i.nrf_gpio_cfg_input                     0x00001120   Section        0  nrf_drv_uart.o(i.nrf_gpio_cfg_input)
    nrf_gpio_cfg_input                       0x00001121   Thumb Code    26  nrf_drv_uart.o(i.nrf_gpio_cfg_input)
    i.nrf_gpio_cfg_output                    0x0000113a   Section        0  nrf_drv_uart.o(i.nrf_gpio_cfg_output)
    nrf_gpio_cfg_output                      0x0000113b   Thumb Code    24  nrf_drv_uart.o(i.nrf_gpio_cfg_output)
    i.nrf_gpio_pin_clear                     0x00001154   Section        0  nrf_drv_twi.o(i.nrf_gpio_pin_clear)
    nrf_gpio_pin_clear                       0x00001155   Thumb Code    10  nrf_drv_twi.o(i.nrf_gpio_pin_clear)
    i.nrf_gpio_pin_set                       0x00001164   Section        0  nrf_drv_twi.o(i.nrf_gpio_pin_set)
    nrf_gpio_pin_set                         0x00001165   Thumb Code    10  nrf_drv_twi.o(i.nrf_gpio_pin_set)
    i.nrf_gpio_pin_set                       0x00001174   Section        0  nrf_drv_uart.o(i.nrf_gpio_pin_set)
    nrf_gpio_pin_set                         0x00001175   Thumb Code    10  nrf_drv_uart.o(i.nrf_gpio_pin_set)
    i.nrf_twi_address_set                    0x00001184   Section        0  nrf_drv_twi.o(i.nrf_twi_address_set)
    nrf_twi_address_set                      0x00001185   Thumb Code    10  nrf_drv_twi.o(i.nrf_twi_address_set)
    i.nrf_twi_event_check                    0x0000118e   Section        0  nrf_drv_twi.o(i.nrf_twi_event_check)
    nrf_twi_event_check                      0x0000118f   Thumb Code    16  nrf_drv_twi.o(i.nrf_twi_event_check)
    i.nrf_twi_event_clear                    0x0000119e   Section        0  nrf_drv_twi.o(i.nrf_twi_event_clear)
    nrf_twi_event_clear                      0x0000119f   Thumb Code     6  nrf_drv_twi.o(i.nrf_twi_event_clear)
    i.nrf_twi_int_disable                    0x000011a4   Section        0  nrf_drv_twi.o(i.nrf_twi_int_disable)
    nrf_twi_int_disable                      0x000011a5   Thumb Code    10  nrf_drv_twi.o(i.nrf_twi_int_disable)
    i.nrf_twi_int_enable                     0x000011ae   Section        0  nrf_drv_twi.o(i.nrf_twi_int_enable)
    nrf_twi_int_enable                       0x000011af   Thumb Code    10  nrf_drv_twi.o(i.nrf_twi_int_enable)
    i.nrf_twi_shorts_clear                   0x000011b8   Section        0  nrf_drv_twi.o(i.nrf_twi_shorts_clear)
    nrf_twi_shorts_clear                     0x000011b9   Thumb Code    16  nrf_drv_twi.o(i.nrf_twi_shorts_clear)
    i.nrf_twi_task_set                       0x000011c8   Section        0  nrf_drv_twi.o(i.nrf_twi_task_set)
    nrf_twi_task_set                         0x000011c9   Thumb Code     6  nrf_drv_twi.o(i.nrf_twi_task_set)
    i.nrf_uart_errorsrc_get_and_clear        0x000011ce   Section        0  nrf_drv_uart.o(i.nrf_uart_errorsrc_get_and_clear)
    nrf_uart_errorsrc_get_and_clear          0x000011cf   Thumb Code    20  nrf_drv_uart.o(i.nrf_uart_errorsrc_get_and_clear)
    i.nrf_uart_event_check                   0x000011e2   Section        0  nrf_drv_uart.o(i.nrf_uart_event_check)
    nrf_uart_event_check                     0x000011e3   Thumb Code    16  nrf_drv_uart.o(i.nrf_uart_event_check)
    i.nrf_uart_event_clear                   0x000011f2   Section        0  nrf_drv_uart.o(i.nrf_uart_event_clear)
    nrf_uart_event_clear                     0x000011f3   Thumb Code     6  nrf_drv_uart.o(i.nrf_uart_event_clear)
    i.nrf_uart_hwfc_pins_set                 0x000011f8   Section        0  nrf_drv_uart.o(i.nrf_uart_hwfc_pins_set)
    nrf_uart_hwfc_pins_set                   0x000011f9   Thumb Code    18  nrf_drv_uart.o(i.nrf_uart_hwfc_pins_set)
    i.nrf_uart_int_disable                   0x0000120a   Section        0  nrf_drv_uart.o(i.nrf_uart_int_disable)
    nrf_uart_int_disable                     0x0000120b   Thumb Code    10  nrf_drv_uart.o(i.nrf_uart_int_disable)
    i.nrf_uart_int_enable                    0x00001214   Section        0  nrf_drv_uart.o(i.nrf_uart_int_enable)
    nrf_uart_int_enable                      0x00001215   Thumb Code    10  nrf_drv_uart.o(i.nrf_uart_int_enable)
    i.nrf_uart_int_enable_check              0x0000121e   Section        0  nrf_drv_uart.o(i.nrf_uart_int_enable_check)
    nrf_uart_int_enable_check                0x0000121f   Thumb Code    24  nrf_drv_uart.o(i.nrf_uart_int_enable_check)
    i.nrf_uart_task_trigger                  0x00001236   Section        0  nrf_drv_uart.o(i.nrf_uart_task_trigger)
    nrf_uart_task_trigger                    0x00001237   Thumb Code     6  nrf_drv_uart.o(i.nrf_uart_task_trigger)
    i.nrf_uart_txrx_pins_set                 0x0000123c   Section        0  nrf_drv_uart.o(i.nrf_uart_txrx_pins_set)
    nrf_uart_txrx_pins_set                   0x0000123d   Thumb Code    18  nrf_drv_uart.o(i.nrf_uart_txrx_pins_set)
    i.on_error                               0x00001250   Section        0  nrf_drv_twi.o(i.on_error)
    on_error                                 0x00001251   Thumb Code    80  nrf_drv_twi.o(i.on_error)
    i.rx_address_req                         0x000012a8   Section        0  nrf_drv_twi.o(i.rx_address_req)
    rx_address_req                           0x000012a9   Thumb Code    90  nrf_drv_twi.o(i.rx_address_req)
    i.rx_byte                                0x0000130c   Section        0  nrf_drv_uart.o(i.rx_byte)
    rx_byte                                  0x0000130d   Thumb Code    48  nrf_drv_uart.o(i.rx_byte)
    i.rx_done                                0x00001344   Section        0  nrf_drv_twi.o(i.rx_done)
    rx_done                                  0x00001345   Thumb Code    56  nrf_drv_twi.o(i.rx_done)
    i.rx_done_event                          0x00001380   Section        0  nrf_drv_uart.o(i.rx_done_event)
    rx_done_event                            0x00001381   Thumb Code    38  nrf_drv_uart.o(i.rx_done_event)
    i.rx_enable                              0x000013ac   Section        0  nrf_drv_uart.o(i.rx_enable)
    rx_enable                                0x000013ad   Thumb Code    32  nrf_drv_uart.o(i.rx_enable)
    i.rx_prepare                             0x000013d0   Section        0  nrf_drv_twi.o(i.rx_prepare)
    rx_prepare                               0x000013d1   Thumb Code    12  nrf_drv_twi.o(i.rx_prepare)
    i.state_machine                          0x000013dc   Section        0  nrf_drv_twi.o(i.state_machine)
    state_machine                            0x000013dd   Thumb Code   106  nrf_drv_twi.o(i.state_machine)
    i.twi_action_wait                        0x00001454   Section        0  nrf_drv_twi.o(i.twi_action_wait)
    twi_action_wait                          0x00001455   Thumb Code    80  nrf_drv_twi.o(i.twi_action_wait)
    i.twi_clear_bus                          0x000014ac   Section        0  nrf_drv_twi.o(i.twi_clear_bus)
    twi_clear_bus                            0x000014ad   Thumb Code   176  nrf_drv_twi.o(i.twi_clear_bus)
    i.twi_handler                            0x00001564   Section        0  main.o(i.twi_handler)
    i.twi_init                               0x000015d0   Section        0  main.o(i.twi_init)
    i.twi_transfer                           0x00001624   Section        0  nrf_drv_twi.o(i.twi_transfer)
    twi_transfer                             0x00001625   Thumb Code   206  nrf_drv_twi.o(i.twi_transfer)
    i.tx_byte                                0x000016fc   Section        0  nrf_drv_uart.o(i.tx_byte)
    tx_byte                                  0x000016fd   Thumb Code    48  nrf_drv_uart.o(i.tx_byte)
    i.tx_done                                0x00001734   Section        0  nrf_drv_twi.o(i.tx_done)
    tx_done                                  0x00001735   Thumb Code    38  nrf_drv_twi.o(i.tx_done)
    i.tx_done_event                          0x00001760   Section        0  nrf_drv_uart.o(i.tx_done_event)
    tx_done_event                            0x00001761   Thumb Code    38  nrf_drv_uart.o(i.tx_done_event)
    i.tx_prepare                             0x0000178c   Section        0  nrf_drv_twi.o(i.tx_prepare)
    tx_prepare                               0x0000178d   Thumb Code    42  nrf_drv_twi.o(i.tx_prepare)
    i.txrx_shorts_set_task_start             0x000017bc   Section        0  nrf_drv_twi.o(i.txrx_shorts_set_task_start)
    txrx_shorts_set_task_start               0x000017bd   Thumb Code   134  nrf_drv_twi.o(i.txrx_shorts_set_task_start)
    i.uart_config                            0x0000184c   Section        0  main.o(i.uart_config)
    uart_config                              0x0000184d   Thumb Code    76  main.o(i.uart_config)
    i.uart_event_handler                     0x000018b8   Section        0  app_uart_fifo.o(i.uart_event_handler)
    uart_event_handler                       0x000018b9   Thumb Code   170  app_uart_fifo.o(i.uart_event_handler)
    i.uart_events_handler                    0x00001978   Section        0  main.o(i.uart_events_handler)
    uart_events_handler                      0x00001979   Thumb Code    52  main.o(i.uart_events_handler)
    .constdata                               0x000019bc   Section       28  main.o(.constdata)
    .constdata                               0x000019d8   Section       32  app_uart_fifo.o(.constdata)
    .constdata                               0x000019f8   Section      188  nrf_drv_twi.o(.constdata)
    m_default_config                         0x000019f8   Data          16  nrf_drv_twi.o(.constdata)
    m_idle                                   0x00001a08   Data          16  nrf_drv_twi.o(.constdata)
    m_tx_suspended                           0x00001a18   Data          40  nrf_drv_twi.o(.constdata)
    m_rx_suspended                           0x00001a40   Data          32  nrf_drv_twi.o(.constdata)
    m_stopped                                0x00001a60   Data          24  nrf_drv_twi.o(.constdata)
    m_error                                  0x00001a78   Data          24  nrf_drv_twi.o(.constdata)
    m_states_len                             0x00001a90   Data          20  nrf_drv_twi.o(.constdata)
    .constdata                               0x00001ab4   Section       32  nrf_drv_uart.o(.constdata)
    m_default_config                         0x00001ab4   Data          32  nrf_drv_uart.o(.constdata)
    .conststring                             0x00001ad4   Section      201  main.o(.conststring)
    .data                                    0x20000000   Section       11  main.o(.data)
    rx_buf                                   0x2000000a   Data           1  main.o(.data)
    .data                                    0x2000000c   Section        7  app_uart_fifo.o(.data)
    m_event_handler                          0x2000000c   Data           4  app_uart_fifo.o(.data)
    tx_buffer                                0x20000010   Data           1  app_uart_fifo.o(.data)
    tx_tmp                                   0x20000011   Data           1  app_uart_fifo.o(.data)
    rx_buffer                                0x20000012   Data           1  app_uart_fifo.o(.data)
    .data                                    0x20000014   Section       32  nrf_drv_twi.o(.data)
    m_handlers                               0x20000014   Data           4  nrf_drv_twi.o(.data)
    mp_contexts                              0x20000018   Data           4  nrf_drv_twi.o(.data)
    m_instances                              0x2000001c   Data           4  nrf_drv_twi.o(.data)
    mp_states                                0x20000020   Data          20  nrf_drv_twi.o(.data)
    .data                                    0x20000034   Section       12  app_error.o(.data)
    .data                                    0x20000040   Section        4  app_util_platform.o(.data)
    m_in_critical_region                     0x20000040   Data           4  app_util_platform.o(.data)
    .data                                    0x20000044   Section        8  retarget.o(.data)
    .data                                    0x2000004c   Section        4  system_nrf51.o(.data)
    __tagsym$$used                           0x2000004c   Number         0  system_nrf51.o(.data)
    .bss                                     0x20000050   Section      256  main.o(.bss)
    tx_buf                                   0x20000050   Data         256  main.o(.bss)
    .bss                                     0x20000150   Section       32  app_uart_fifo.o(.bss)
    m_rx_fifo                                0x20000150   Data          16  app_uart_fifo.o(.bss)
    m_tx_fifo                                0x20000160   Data          16  app_uart_fifo.o(.bss)
    .bss                                     0x20000170   Section       24  nrf_drv_twi.o(.bss)
    m_cb                                     0x20000170   Data          24  nrf_drv_twi.o(.bss)
    .bss                                     0x20000188   Section       24  nrf_drv_uart.o(.bss)
    m_cb                                     0x20000188   Data          24  nrf_drv_uart.o(.bss)
    STACK                                    0x200001a0   Section     2048  arm_startup_nrf51.o(STACK)

    Global Symbols

    Symbol Name                              Value     Ov Type        Size  Object(Section)

    BuildAttributes$$THM_ISAv3M$S$PE$A:L22$X:L11$S22$IEEE1$IW$USESV6$~STKCKD$USESV7$~SHL$OSPACE$ROPI$EBA8$MICROLIB$REQ8$PRES8$EABIv2 0x00000000   Number         0  anon$$obj.o ABSOLUTE
    __ARM_use_no_argv                        0x00000000   Number         0  main.o ABSOLUTE
    __Vectors                                0x00000000   Data           4  arm_startup_nrf51.o(RESET)
    _printf_a                                0x00000000   Number         0  stubs.o ABSOLUTE
    _printf_c                                0x00000000   Number         0  stubs.o ABSOLUTE
    _printf_charcount                        0x00000000   Number         0  stubs.o ABSOLUTE
    _printf_d                                0x00000000   Number         0  stubs.o ABSOLUTE
    _printf_e                                0x00000000   Number         0  stubs.o ABSOLUTE
    _printf_f                                0x00000000   Number         0  stubs.o ABSOLUTE
    _printf_flags                            0x00000000   Number         0  stubs.o ABSOLUTE
    _printf_fp_dec                           0x00000000   Number         0  stubs.o ABSOLUTE
    _printf_fp_hex                           0x00000000   Number         0  stubs.o ABSOLUTE
    _printf_g                                0x00000000   Number         0  stubs.o ABSOLUTE
    _printf_i                                0x00000000   Number         0  stubs.o ABSOLUTE
    _printf_int_dec                          0x00000000   Number         0  stubs.o ABSOLUTE
    _printf_l                                0x00000000   Number         0  stubs.o ABSOLUTE
    _printf_lc                               0x00000000   Number         0  stubs.o ABSOLUTE
    _printf_ll                               0x00000000   Number         0  stubs.o ABSOLUTE
    _printf_lld                              0x00000000   Number         0  stubs.o ABSOLUTE
    _printf_lli                              0x00000000   Number         0  stubs.o ABSOLUTE
    _printf_llo                              0x00000000   Number         0  stubs.o ABSOLUTE
    _printf_llu                              0x00000000   Number         0  stubs.o ABSOLUTE
    _printf_llx                              0x00000000   Number         0  stubs.o ABSOLUTE
    _printf_longlong_dec                     0x00000000   Number         0  stubs.o ABSOLUTE
    _printf_longlong_hex                     0x00000000   Number         0  stubs.o ABSOLUTE
    _printf_longlong_oct                     0x00000000   Number         0  stubs.o ABSOLUTE
    _printf_ls                               0x00000000   Number         0  stubs.o ABSOLUTE
    _printf_mbtowc                           0x00000000   Number         0  stubs.o ABSOLUTE
    _printf_n                                0x00000000   Number         0  stubs.o ABSOLUTE
    _printf_o                                0x00000000   Number         0  stubs.o ABSOLUTE
    _printf_p                                0x00000000   Number         0  stubs.o ABSOLUTE
    _printf_percent                          0x00000000   Number         0  stubs.o ABSOLUTE
    _printf_pre_padding                      0x00000000   Number         0  stubs.o ABSOLUTE
    _printf_return_value                     0x00000000   Number         0  stubs.o ABSOLUTE
    _printf_s                                0x00000000   Number         0  stubs.o ABSOLUTE
    _printf_sizespec                         0x00000000   Number         0  stubs.o ABSOLUTE
    _printf_str                              0x00000000   Number         0  stubs.o ABSOLUTE
    _printf_truncate_signed                  0x00000000   Number         0  stubs.o ABSOLUTE
    _printf_truncate_unsigned                0x00000000   Number         0  stubs.o ABSOLUTE
    _printf_u                                0x00000000   Number         0  stubs.o ABSOLUTE
    _printf_wc                               0x00000000   Number         0  stubs.o ABSOLUTE
    _printf_wctomb                           0x00000000   Number         0  stubs.o ABSOLUTE
    _printf_widthprec                        0x00000000   Number         0  stubs.o ABSOLUTE
    _printf_x                                0x00000000   Number         0  stubs.o ABSOLUTE
    __cpp_initialize__aeabi_                  - Undefined Weak Reference
    __cxa_finalize                            - Undefined Weak Reference
    __decompress                              - Undefined Weak Reference
    _clock_init                               - Undefined Weak Reference
    _microlib_exit                            - Undefined Weak Reference
    __Vectors_End                            0x000000c0   Data           0  arm_startup_nrf51.o(RESET)
    __Vectors_Size                           0x000000c0   Number         0  arm_startup_nrf51.o ABSOLUTE
    __main                                   0x000000c1   Thumb Code     0  entry.o(.ARM.Collect$$$$00000000)
    _main_stk                                0x000000c1   Thumb Code     0  entry2.o(.ARM.Collect$$$$00000001)
    _main_scatterload                        0x000000c5   Thumb Code     0  entry5.o(.ARM.Collect$$$$00000004)
    __main_after_scatterload                 0x000000c9   Thumb Code     0  entry5.o(.ARM.Collect$$$$00000004)
    _main_clock                              0x000000c9   Thumb Code     0  entry7b.o(.ARM.Collect$$$$00000008)
    _main_cpp_init                           0x000000c9   Thumb Code     0  entry8b.o(.ARM.Collect$$$$0000000A)
    _main_init                               0x000000c9   Thumb Code     0  entry9a.o(.ARM.Collect$$$$0000000B)
    __rt_final_cpp                           0x000000d1   Thumb Code     0  entry10a.o(.ARM.Collect$$$$0000000D)
    __rt_final_exit                          0x000000d1   Thumb Code     0  entry11a.o(.ARM.Collect$$$$0000000F)
    __asm___11_nrf_delay_c_532987f3__nrf_delay_us 0x000000d5   Thumb Code    30  nrf_delay.o(.emb_text)
    __asm___13_nrf_drv_twi_c_a9bcf68d__nrf_delay_us 0x000000f5   Thumb Code    30  nrf_drv_twi.o(.emb_text)
    Reset_Handler                            0x00000115   Thumb Code    26  arm_startup_nrf51.o(.text)
    NMI_Handler                              0x0000012f   Thumb Code     2  arm_startup_nrf51.o(.text)
    HardFault_Handler                        0x00000131   Thumb Code     2  arm_startup_nrf51.o(.text)
    SVC_Handler                              0x00000133   Thumb Code     2  arm_startup_nrf51.o(.text)
    PendSV_Handler                           0x00000135   Thumb Code     2  arm_startup_nrf51.o(.text)
    SysTick_Handler                          0x00000137   Thumb Code     2  arm_startup_nrf51.o(.text)
    ADC_IRQHandler                           0x00000139   Thumb Code     0  arm_startup_nrf51.o(.text)
    CCM_AAR_IRQHandler                       0x00000139   Thumb Code     0  arm_startup_nrf51.o(.text)
    ECB_IRQHandler                           0x00000139   Thumb Code     0  arm_startup_nrf51.o(.text)
    GPIOTE_IRQHandler                        0x00000139   Thumb Code     0  arm_startup_nrf51.o(.text)
    LPCOMP_IRQHandler                        0x00000139   Thumb Code     0  arm_startup_nrf51.o(.text)
    POWER_CLOCK_IRQHandler                   0x00000139   Thumb Code     0  arm_startup_nrf51.o(.text)
    QDEC_IRQHandler                          0x00000139   Thumb Code     0  arm_startup_nrf51.o(.text)
    RADIO_IRQHandler                         0x00000139   Thumb Code     0  arm_startup_nrf51.o(.text)
    RNG_IRQHandler                           0x00000139   Thumb Code     0  arm_startup_nrf51.o(.text)
    RTC0_IRQHandler                          0x00000139   Thumb Code     0  arm_startup_nrf51.o(.text)
    RTC1_IRQHandler                          0x00000139   Thumb Code     0  arm_startup_nrf51.o(.text)
    SPI1_TWI1_IRQHandler                     0x00000139   Thumb Code     0  arm_startup_nrf51.o(.text)
    SWI0_IRQHandler                          0x00000139   Thumb Code     0  arm_startup_nrf51.o(.text)
    SWI1_IRQHandler                          0x00000139   Thumb Code     0  arm_startup_nrf51.o(.text)
    SWI2_IRQHandler                          0x00000139   Thumb Code     0  arm_startup_nrf51.o(.text)
    SWI3_IRQHandler                          0x00000139   Thumb Code     0  arm_startup_nrf51.o(.text)
    SWI4_IRQHandler                          0x00000139   Thumb Code     0  arm_startup_nrf51.o(.text)
    SWI5_IRQHandler                          0x00000139   Thumb Code     0  arm_startup_nrf51.o(.text)
    TEMP_IRQHandler                          0x00000139   Thumb Code     0  arm_startup_nrf51.o(.text)
    TIMER0_IRQHandler                        0x00000139   Thumb Code     0  arm_startup_nrf51.o(.text)
    TIMER1_IRQHandler                        0x00000139   Thumb Code     0  arm_startup_nrf51.o(.text)
    TIMER2_IRQHandler                        0x00000139   Thumb Code     0  arm_startup_nrf51.o(.text)
    WDT_IRQHandler                           0x00000139   Thumb Code     0  arm_startup_nrf51.o(.text)
    __aeabi_memcpy                           0x0000014d   Thumb Code    36  memcpya.o(.text)
    __aeabi_memcpy4                          0x0000014d   Thumb Code     0  memcpya.o(.text)
    __aeabi_memcpy8                          0x0000014d   Thumb Code     0  memcpya.o(.text)
    __aeabi_uldivmod                         0x00000171   Thumb Code    96  uldiv.o(.text)
    __scatterload                            0x000001d1   Thumb Code    28  init.o(.text)
    __scatterload_rt2                        0x000001d1   Thumb Code     0  init.o(.text)
    __aeabi_llsl                             0x000001f5   Thumb Code    32  llshl.o(.text)
    _ll_shift_l                              0x000001f5   Thumb Code     0  llshl.o(.text)
    __aeabi_llsr                             0x00000215   Thumb Code    34  llushr.o(.text)
    _ll_ushift_r                             0x00000215   Thumb Code     0  llushr.o(.text)
    SPI0_TWI0_IRQHandler                     0x000002b1   Thumb Code    12  nrf_drv_twi.o(i.SPI0_TWI0_IRQHandler)
    SystemInit                               0x000002c1   Thumb Code    38  system_nrf51.o(i.SystemInit)
    UART0_IRQHandler                         0x000002f9   Thumb Code   304  nrf_drv_uart.o(i.UART0_IRQHandler)
    __0printf$5                              0x00000431   Thumb Code    24  printf5.o(i.__0printf$5)
    __1printf$5                              0x00000431   Thumb Code     0  printf5.o(i.__0printf$5)
    __2printf                                0x00000431   Thumb Code     0  printf5.o(i.__0printf$5)
    __scatterload_copy                       0x00000451   Thumb Code    14  handlers.o(i.__scatterload_copy)
    __scatterload_null                       0x0000045f   Thumb Code     2  handlers.o(i.__scatterload_null)
    __scatterload_zeroinit                   0x00000461   Thumb Code    14  handlers.o(i.__scatterload_zeroinit)
    app_error_handler                        0x000007c9   Thumb Code    52  app_error.o(i.app_error_handler)
    app_fifo_get                             0x0000080d   Thumb Code    32  app_fifo.o(i.app_fifo_get)
    app_fifo_init                            0x0000082d   Thumb Code    42  app_fifo.o(i.app_fifo_init)
    app_fifo_put                             0x00000857   Thumb Code    34  app_fifo.o(i.app_fifo_put)
    app_uart_init                            0x00000879   Thumb Code   168  app_uart_fifo.o(i.app_uart_init)
    app_uart_put                             0x00000939   Thumb Code    34  app_uart_fifo.o(i.app_uart_put)
    critical_region_enter                    0x000009d5   Thumb Code    14  app_util_platform.o(i.critical_region_enter)
    critical_region_exit                     0x000009e9   Thumb Code    22  app_util_platform.o(i.critical_region_exit)
    fputc                                    0x00000a3f   Thumb Code    16  retarget.o(i.fputc)
    main                                     0x00000af5   Thumb Code   170  main.o(i.main)
    nrf_delay_ms                             0x00000bb5   Thumb Code    24  nrf_delay.o(i.nrf_delay_ms)
    nrf_drv_common_irq_enable                0x00000bd1   Thumb Code    48  nrf_drv_common.o(i.nrf_drv_common_irq_enable)
    nrf_drv_twi_enable                       0x00000c09   Thumb Code   106  nrf_drv_twi.o(i.nrf_drv_twi_enable)
    nrf_drv_twi_init                         0x00000c7d   Thumb Code   184  nrf_drv_twi.o(i.nrf_drv_twi_init)
    nrf_drv_twi_tx                           0x00000e81   Thumb Code    34  nrf_drv_twi.o(i.nrf_drv_twi_tx)
    nrf_drv_uart_init                        0x00000ea5   Thumb Code   110  nrf_drv_uart.o(i.nrf_drv_uart_init)
    nrf_drv_uart_rx                          0x00000f25   Thumb Code   216  nrf_drv_uart.o(i.nrf_drv_uart_rx)
    nrf_drv_uart_rx_enable                   0x00001005   Thumb Code    22  nrf_drv_uart.o(i.nrf_drv_uart_rx_enable)
    nrf_drv_uart_tx                          0x00001021   Thumb Code   170  nrf_drv_uart.o(i.nrf_drv_uart_tx)
    twi_handler                              0x00001565   Thumb Code    54  main.o(i.twi_handler)
    twi_init                                 0x000015d1   Thumb Code    56  main.o(i.twi_init)
    Region$$Table$$Base                      0x00001ba0   Number         0  anon$$obj.o(Region$$Table)
    Region$$Table$$Limit                     0x00001bc0   Number         0  anon$$obj.o(Region$$Table)
    twi_instance                             0x20000000   Data           8  main.o(.data)
    device_address                           0x20000008   Data           1  main.o(.data)
    device_found                             0x20000009   Data           1  main.o(.data)
    m_error_code                             0x20000034   Data           4  app_error.o(.data)
    m_line_num                               0x20000038   Data           4  app_error.o(.data)
    m_p_file_name                            0x2000003c   Data           4  app_error.o(.data)
    __stdout                                 0x20000044   Data           4  retarget.o(.data)
    __stdin                                  0x20000048   Data           4  retarget.o(.data)
    SystemCoreClock                          0x2000004c   Data           4  system_nrf51.o(.data)
    __initial_sp                             0x200009a0   Data           0  arm_startup_nrf51.o(STACK)



==============================================================================

Memory Map of the image

  Image Entry point : 0x000000c1

  Load Region LR_IROM1 (Base: 0x00000000, Size: 0x00001c10, Max: 0x00040000, ABSOLUTE)

    Execution Region ER_IROM1 (Base: 0x00000000, Size: 0x00001bc0, Max: 0x00040000, ABSOLUTE)

    Base Addr    Size         Type   Attr      Idx    E Section Name        Object

    0x00000000   0x000000c0   Data   RO          833    RESET               arm_startup_nrf51.o
    0x000000c0   0x00000000   Code   RO          880  * .ARM.Collect$$$$00000000  mc_p.l(entry.o)
    0x000000c0   0x00000004   Code   RO         1148    .ARM.Collect$$$$00000001  mc_p.l(entry2.o)
    0x000000c4   0x00000004   Code   RO         1151    .ARM.Collect$$$$00000004  mc_p.l(entry5.o)
    0x000000c8   0x00000000   Code   RO         1153    .ARM.Collect$$$$00000008  mc_p.l(entry7b.o)
    0x000000c8   0x00000000   Code   RO         1155    .ARM.Collect$$$$0000000A  mc_p.l(entry8b.o)
    0x000000c8   0x00000008   Code   RO         1156    .ARM.Collect$$$$0000000B  mc_p.l(entry9a.o)
    0x000000d0   0x00000000   Code   RO         1158    .ARM.Collect$$$$0000000D  mc_p.l(entry10a.o)
    0x000000d0   0x00000000   Code   RO         1160    .ARM.Collect$$$$0000000F  mc_p.l(entry11a.o)
    0x000000d0   0x00000004   Code   RO         1149    .ARM.Collect$$$$00002712  mc_p.l(entry2.o)
    0x000000d4   0x0000001e   Code   RO          231    .emb_text           nrf_delay.o
    0x000000f2   0x00000002   PAD
    0x000000f4   0x0000001e   Code   RO          283    .emb_text           nrf_drv_twi.o
    0x00000112   0x00000002   PAD
    0x00000114   0x00000038   Code   RO          834    .text               arm_startup_nrf51.o
    0x0000014c   0x00000024   Code   RO          883    .text               mc_p.l(memcpya.o)
    0x00000170   0x00000060   Code   RO         1164    .text               mc_p.l(uldiv.o)
    0x000001d0   0x00000024   Code   RO         1177    .text               mc_p.l(init.o)
    0x000001f4   0x00000020   Code   RO         1179    .text               mc_p.l(llshl.o)
    0x00000214   0x00000022   Code   RO         1181    .text               mc_p.l(llushr.o)
    0x00000236   0x00000002   PAD
    0x00000238   0x00000078   Code   RO          255    i.NVIC_SetPriority  nrf_drv_common.o
    0x000002b0   0x00000010   Code   RO          284    i.SPI0_TWI0_IRQHandler  nrf_drv_twi.o
    0x000002c0   0x00000038   Code   RO          841    i.SystemInit        system_nrf51.o
    0x000002f8   0x00000138   Code   RO          486    i.UART0_IRQHandler  nrf_drv_uart.o
    0x00000430   0x00000020   Code   RO         1020    i.__0printf$5       mc_p.l(printf5.o)
    0x00000450   0x0000000e   Code   RO         1191    i.__scatterload_copy  mc_p.l(handlers.o)
    0x0000045e   0x00000002   Code   RO         1192    i.__scatterload_null  mc_p.l(handlers.o)
    0x00000460   0x0000000e   Code   RO         1193    i.__scatterload_zeroinit  mc_p.l(handlers.o)
    0x0000046e   0x00000002   PAD
    0x00000470   0x000002dc   Code   RO         1027    i._printf_core      mc_p.l(printf5.o)
    0x0000074c   0x00000018   Code   RO          285    i.ack_error         nrf_drv_twi.o
    0x00000764   0x00000064   Code   RO          286    i.address_req       nrf_drv_twi.o
    0x000007c8   0x00000044   Code   RO          677    i.app_error_handler  app_error.o
    0x0000080c   0x00000020   Code   RO          705    i.app_fifo_get      app_fifo.o
    0x0000082c   0x0000002a   Code   RO          706    i.app_fifo_init     app_fifo.o
    0x00000856   0x00000022   Code   RO          707    i.app_fifo_put      app_fifo.o
    0x00000878   0x000000c0   Code   RO          155    i.app_uart_init     app_uart_fifo.o
    0x00000938   0x0000002c   Code   RO          156    i.app_uart_put      app_uart_fifo.o
    0x00000964   0x00000070   Code   RO          487    i.apply_config      nrf_drv_uart.o
    0x000009d4   0x00000014   Code   RO          766    i.critical_region_enter  app_util_platform.o
    0x000009e8   0x0000001c   Code   RO          767    i.critical_region_exit  app_util_platform.o
    0x00000a04   0x00000014   Code   RO          710    i.fifo_get          app_fifo.o
    0x00000a18   0x0000000a   Code   RO          157    i.fifo_length       app_uart_fifo.o
    0x00000a22   0x0000000a   Code   RO          711    i.fifo_length       app_fifo.o
    0x00000a2c   0x00000012   Code   RO          712    i.fifo_put          app_fifo.o
    0x00000a3e   0x00000010   Code   RO          801    i.fputc             retarget.o
    0x00000a4e   0x00000002   PAD
    0x00000a50   0x00000038   Code   RO          842    i.is_disabled_in_debug_needed  system_nrf51.o
    0x00000a88   0x0000006c   Code   RO          843    i.is_manual_peripheral_setup_needed  system_nrf51.o
    0x00000af4   0x000000c0   Code   RO            4    i.main              main.o
    0x00000bb4   0x0000001c   Code   RO          232    i.nrf_delay_ms      nrf_delay.o
    0x00000bd0   0x00000038   Code   RO          256    i.nrf_drv_common_irq_enable  nrf_drv_common.o
    0x00000c08   0x00000074   Code   RO          289    i.nrf_drv_twi_enable  nrf_drv_twi.o
    0x00000c7c   0x000000d0   Code   RO          290    i.nrf_drv_twi_init  nrf_drv_twi.o
    0x00000d4c   0x00000134   Code   RO          291    i.nrf_drv_twi_int_handler  nrf_drv_twi.o
    0x00000e80   0x00000022   Code   RO          293    i.nrf_drv_twi_tx    nrf_drv_twi.o
    0x00000ea2   0x00000002   PAD
    0x00000ea4   0x00000080   Code   RO          489    i.nrf_drv_uart_init  nrf_drv_uart.o
    0x00000f24   0x000000e0   Code   RO          490    i.nrf_drv_uart_rx   nrf_drv_uart.o
    0x00001004   0x0000001c   Code   RO          493    i.nrf_drv_uart_rx_enable  nrf_drv_uart.o
    0x00001020   0x000000b4   Code   RO          494    i.nrf_drv_uart_tx   nrf_drv_uart.o
    0x000010d4   0x00000026   Code   RO            5    i.nrf_gpio_cfg      main.o
    0x000010fa   0x00000026   Code   RO          497    i.nrf_gpio_cfg      nrf_drv_uart.o
    0x00001120   0x0000001a   Code   RO          499    i.nrf_gpio_cfg_input  nrf_drv_uart.o
    0x0000113a   0x00000018   Code   RO          500    i.nrf_gpio_cfg_output  nrf_drv_uart.o
    0x00001152   0x00000002   PAD
    0x00001154   0x00000010   Code   RO          295    i.nrf_gpio_pin_clear  nrf_drv_twi.o
    0x00001164   0x00000010   Code   RO          296    i.nrf_gpio_pin_set  nrf_drv_twi.o
    0x00001174   0x00000010   Code   RO          501    i.nrf_gpio_pin_set  nrf_drv_uart.o
    0x00001184   0x0000000a   Code   RO          297    i.nrf_twi_address_set  nrf_drv_twi.o
    0x0000118e   0x00000010   Code   RO          298    i.nrf_twi_event_check  nrf_drv_twi.o
    0x0000119e   0x00000006   Code   RO          299    i.nrf_twi_event_clear  nrf_drv_twi.o
    0x000011a4   0x0000000a   Code   RO          300    i.nrf_twi_int_disable  nrf_drv_twi.o
    0x000011ae   0x0000000a   Code   RO          301    i.nrf_twi_int_enable  nrf_drv_twi.o
    0x000011b8   0x00000010   Code   RO          302    i.nrf_twi_shorts_clear  nrf_drv_twi.o
    0x000011c8   0x00000006   Code   RO          303    i.nrf_twi_task_set  nrf_drv_twi.o
    0x000011ce   0x00000014   Code   RO          502    i.nrf_uart_errorsrc_get_and_clear  nrf_drv_uart.o
    0x000011e2   0x00000010   Code   RO          503    i.nrf_uart_event_check  nrf_drv_uart.o
    0x000011f2   0x00000006   Code   RO          504    i.nrf_uart_event_clear  nrf_drv_uart.o
    0x000011f8   0x00000012   Code   RO          505    i.nrf_uart_hwfc_pins_set  nrf_drv_uart.o
    0x0000120a   0x0000000a   Code   RO          506    i.nrf_uart_int_disable  nrf_drv_uart.o
    0x00001214   0x0000000a   Code   RO          507    i.nrf_uart_int_enable  nrf_drv_uart.o
    0x0000121e   0x00000018   Code   RO          508    i.nrf_uart_int_enable_check  nrf_drv_uart.o
    0x00001236   0x00000006   Code   RO          509    i.nrf_uart_task_trigger  nrf_drv_uart.o
    0x0000123c   0x00000012   Code   RO          510    i.nrf_uart_txrx_pins_set  nrf_drv_uart.o
    0x0000124e   0x00000002   PAD
    0x00001250   0x00000058   Code   RO          304    i.on_error          nrf_drv_twi.o
    0x000012a8   0x00000064   Code   RO          305    i.rx_address_req    nrf_drv_twi.o
    0x0000130c   0x00000038   Code   RO          512    i.rx_byte           nrf_drv_uart.o
    0x00001344   0x0000003c   Code   RO          306    i.rx_done           nrf_drv_twi.o
    0x00001380   0x0000002c   Code   RO          513    i.rx_done_event     nrf_drv_uart.o
    0x000013ac   0x00000024   Code   RO          514    i.rx_enable         nrf_drv_uart.o
    0x000013d0   0x0000000c   Code   RO          307    i.rx_prepare        nrf_drv_twi.o
    0x000013dc   0x00000078   Code   RO          308    i.state_machine     nrf_drv_twi.o
    0x00001454   0x00000058   Code   RO          309    i.twi_action_wait   nrf_drv_twi.o
    0x000014ac   0x000000b8   Code   RO          310    i.twi_clear_bus     nrf_drv_twi.o
    0x00001564   0x0000006c   Code   RO            6    i.twi_handler       main.o
    0x000015d0   0x00000054   Code   RO            7    i.twi_init          main.o
    0x00001624   0x000000d8   Code   RO          311    i.twi_transfer      nrf_drv_twi.o
    0x000016fc   0x00000038   Code   RO          515    i.tx_byte           nrf_drv_uart.o
    0x00001734   0x0000002c   Code   RO          312    i.tx_done           nrf_drv_twi.o
    0x00001760   0x0000002c   Code   RO          516    i.tx_done_event     nrf_drv_uart.o
    0x0000178c   0x00000030   Code   RO          313    i.tx_prepare        nrf_drv_twi.o
    0x000017bc   0x00000090   Code   RO          314    i.txrx_shorts_set_task_start  nrf_drv_twi.o
    0x0000184c   0x0000006c   Code   RO            8    i.uart_config       main.o
    0x000018b8   0x000000c0   Code   RO          158    i.uart_event_handler  app_uart_fifo.o
    0x00001978   0x00000044   Code   RO            9    i.uart_events_handler  main.o
    0x000019bc   0x0000001c   Data   RO           11    .constdata          main.o
    0x000019d8   0x00000020   Data   RO          160    .constdata          app_uart_fifo.o
    0x000019f8   0x000000bc   Data   RO          316    .constdata          nrf_drv_twi.o
    0x00001ab4   0x00000020   Data   RO          518    .constdata          nrf_drv_uart.o
    0x00001ad4   0x000000c9   Data   RO           12    .conststring        main.o
    0x00001b9d   0x00000003   PAD
    0x00001ba0   0x00000020   Data   RO         1189    Region$$Table       anon$$obj.o


    Execution Region RW_IRAM1 (Base: 0x20000000, Size: 0x000009a0, Max: 0x00008000, ABSOLUTE)

    Base Addr    Size         Type   Attr      Idx    E Section Name        Object

    0x20000000   0x0000000b   Data   RW           13    .data               main.o
    0x2000000b   0x00000001   PAD
    0x2000000c   0x00000007   Data   RW          161    .data               app_uart_fifo.o
    0x20000013   0x00000001   PAD
    0x20000014   0x00000020   Data   RW          317    .data               nrf_drv_twi.o
    0x20000034   0x0000000c   Data   RW          678    .data               app_error.o
    0x20000040   0x00000004   Data   RW          768    .data               app_util_platform.o
    0x20000044   0x00000008   Data   RW          802    .data               retarget.o
    0x2000004c   0x00000004   Data   RW          844    .data               system_nrf51.o
    0x20000050   0x00000100   Zero   RW           10    .bss                main.o
    0x20000150   0x00000020   Zero   RW          159    .bss                app_uart_fifo.o
    0x20000170   0x00000018   Zero   RW          315    .bss                nrf_drv_twi.o
    0x20000188   0x00000018   Zero   RW          517    .bss                nrf_drv_uart.o
    0x200001a0   0x00000800   Zero   RW          831    STACK               arm_startup_nrf51.o


==============================================================================

Image component sizes


      Code (inc. data)   RO Data    RW Data    ZI Data      Debug   Object Name

        68         16          0         12          0       1664   app_error.o
       156          0          0          0          0       4330   app_fifo.o
       438         56         32          7         32       9567   app_uart_fifo.o
        48         12          0          4          0       1315   app_util_platform.o
        56         18        192          0       2048        668   arm_startup_nrf51.o
       598        152        229         11        256      37515   main.o
        58          4          0          0          0       1627   nrf_delay.o
       176         18          0          0          0       7808   nrf_drv_common.o
      2046        172        188         32         24      30276   nrf_drv_twi.o
      1452         94         32          0         24      24116   nrf_drv_uart.o
        16          0          0          8          0       2710   retarget.o
       220         26          0          4          0       1875   system_nrf51.o

    ----------------------------------------------------------------------
      5344        568        708         80       2384     123471   Object Totals
         0          0         32          0          0          0   (incl. Generated)
        12          0          3          2          0          0   (incl. Padding)

    ----------------------------------------------------------------------

      Code (inc. data)   RO Data    RW Data    ZI Data      Debug   Library Member Name

         0          0          0          0          0          0   entry.o
         0          0          0          0          0          0   entry10a.o
         0          0          0          0          0          0   entry11a.o
         8          4          0          0          0          0   entry2.o
         4          0          0          0          0          0   entry5.o
         0          0          0          0          0          0   entry7b.o
         0          0          0          0          0          0   entry8b.o
         8          4          0          0          0          0   entry9a.o
        30          0          0          0          0          0   handlers.o
        36          8          0          0          0         68   init.o
        32          0          0          0          0         68   llshl.o
        34          0          0          0          0         68   llushr.o
        36          0          0          0          0         60   memcpya.o
       764         52          0          0          0        168   printf5.o
        96          0          0          0          0         84   uldiv.o

    ----------------------------------------------------------------------
      1052         68          0          0          0        516   Library Totals
         4          0          0          0          0          0   (incl. Padding)

    ----------------------------------------------------------------------

      Code (inc. data)   RO Data    RW Data    ZI Data      Debug   Library Name

      1048         68          0          0          0        516   mc_p.l

    ----------------------------------------------------------------------
      1052         68          0          0          0        516   Library Totals

    ----------------------------------------------------------------------

==============================================================================


      Code (inc. data)   RO Data    RW Data    ZI Data      Debug   

      6396        636        708         80       2384     120515   Grand Totals
      6396        636        708         80       2384     120515   ELF Image Totals
      6396        636        708         80          0          0   ROM Totals

==============================================================================

    Total RO  Size (Code + RO Data)                 7104 (   6.94kB)
    Total RW  Size (RW Data + ZI Data)              2464 (   2.41kB)
    Total ROM Size (Code + RO Data + RW Data)       7184 (   7.02kB)

==============================================================================

