<!doctype html public "-//w3c//dtd html 4.0 transitional//en">
<html><head>
<title>Static Call Graph - [.\_build\nrf51422_xxac.axf]</title></head>
<body><HR>
<H1>Static Call Graph for image .\_build\nrf51422_xxac.axf</H1><HR>
<BR><P>#&#060CALLGRAPH&#062# ARM Linker, 5060061: Last Updated: Mon Mar 21 14:31:44 2016
<BR><P>
<H3>Maximum Stack Usage =        204 bytes + Unknown(Cycles, Untraceable Function Pointers)</H3><H3>
Call chain for Maximum Stack Depth:</H3>
main &rArr; uart_config &rArr; app_uart_init &rArr; nrf_drv_uart_init &rArr; apply_config &rArr; nrf_gpio_cfg_input &rArr; nrf_gpio_cfg
<P>
<H3>
Mutually Recursive functions
</H3> <LI><a href="#[1]">NMI_Handler</a>&nbsp;&nbsp;&nbsp;&rArr;&nbsp;&nbsp;&nbsp;<a href="#[1]">NMI_Handler</a><BR>
 <LI><a href="#[2]">HardFault_Handler</a>&nbsp;&nbsp;&nbsp;&rArr;&nbsp;&nbsp;&nbsp;<a href="#[2]">HardFault_Handler</a><BR>
 <LI><a href="#[3]">SVC_Handler</a>&nbsp;&nbsp;&nbsp;&rArr;&nbsp;&nbsp;&nbsp;<a href="#[3]">SVC_Handler</a><BR>
 <LI><a href="#[4]">PendSV_Handler</a>&nbsp;&nbsp;&nbsp;&rArr;&nbsp;&nbsp;&nbsp;<a href="#[4]">PendSV_Handler</a><BR>
 <LI><a href="#[5]">SysTick_Handler</a>&nbsp;&nbsp;&nbsp;&rArr;&nbsp;&nbsp;&nbsp;<a href="#[5]">SysTick_Handler</a><BR>
 <LI><a href="#[c]">ADC_IRQHandler</a>&nbsp;&nbsp;&nbsp;&rArr;&nbsp;&nbsp;&nbsp;<a href="#[c]">ADC_IRQHandler</a><BR>
 <LI><a href="#[30]">__asm___11_nrf_delay_c_532987f3__nrf_delay_us</a>&nbsp;&nbsp;&nbsp;&rArr;&nbsp;&nbsp;&nbsp;<a href="#[30]">__asm___11_nrf_delay_c_532987f3__nrf_delay_us</a><BR>
 <LI><a href="#[31]">__asm___13_nrf_drv_twi_c_a9bcf68d__nrf_delay_us</a>&nbsp;&nbsp;&nbsp;&rArr;&nbsp;&nbsp;&nbsp;<a href="#[31]">__asm___13_nrf_drv_twi_c_a9bcf68d__nrf_delay_us</a><BR>
</UL>
<P>
<H3>
Function Pointers
</H3><UL>
 <LI><a href="#[c]">ADC_IRQHandler</a> from arm_startup_nrf51.o(.text) referenced from arm_startup_nrf51.o(RESET)
 <LI><a href="#[14]">CCM_AAR_IRQHandler</a> from arm_startup_nrf51.o(.text) referenced from arm_startup_nrf51.o(RESET)
 <LI><a href="#[13]">ECB_IRQHandler</a> from arm_startup_nrf51.o(.text) referenced from arm_startup_nrf51.o(RESET)
 <LI><a href="#[b]">GPIOTE_IRQHandler</a> from arm_startup_nrf51.o(.text) referenced from arm_startup_nrf51.o(RESET)
 <LI><a href="#[2]">HardFault_Handler</a> from arm_startup_nrf51.o(.text) referenced from arm_startup_nrf51.o(RESET)
 <LI><a href="#[18]">LPCOMP_IRQHandler</a> from arm_startup_nrf51.o(.text) referenced from arm_startup_nrf51.o(RESET)
 <LI><a href="#[1]">NMI_Handler</a> from arm_startup_nrf51.o(.text) referenced from arm_startup_nrf51.o(RESET)
 <LI><a href="#[6]">POWER_CLOCK_IRQHandler</a> from arm_startup_nrf51.o(.text) referenced from arm_startup_nrf51.o(RESET)
 <LI><a href="#[4]">PendSV_Handler</a> from arm_startup_nrf51.o(.text) referenced from arm_startup_nrf51.o(RESET)
 <LI><a href="#[17]">QDEC_IRQHandler</a> from arm_startup_nrf51.o(.text) referenced from arm_startup_nrf51.o(RESET)
 <LI><a href="#[7]">RADIO_IRQHandler</a> from arm_startup_nrf51.o(.text) referenced from arm_startup_nrf51.o(RESET)
 <LI><a href="#[12]">RNG_IRQHandler</a> from arm_startup_nrf51.o(.text) referenced from arm_startup_nrf51.o(RESET)
 <LI><a href="#[10]">RTC0_IRQHandler</a> from arm_startup_nrf51.o(.text) referenced from arm_startup_nrf51.o(RESET)
 <LI><a href="#[16]">RTC1_IRQHandler</a> from arm_startup_nrf51.o(.text) referenced from arm_startup_nrf51.o(RESET)
 <LI><a href="#[0]">Reset_Handler</a> from arm_startup_nrf51.o(.text) referenced from arm_startup_nrf51.o(RESET)
 <LI><a href="#[9]">SPI0_TWI0_IRQHandler</a> from nrf_drv_twi.o(i.SPI0_TWI0_IRQHandler) referenced from arm_startup_nrf51.o(RESET)
 <LI><a href="#[a]">SPI1_TWI1_IRQHandler</a> from arm_startup_nrf51.o(.text) referenced from arm_startup_nrf51.o(RESET)
 <LI><a href="#[3]">SVC_Handler</a> from arm_startup_nrf51.o(.text) referenced from arm_startup_nrf51.o(RESET)
 <LI><a href="#[19]">SWI0_IRQHandler</a> from arm_startup_nrf51.o(.text) referenced from arm_startup_nrf51.o(RESET)
 <LI><a href="#[1a]">SWI1_IRQHandler</a> from arm_startup_nrf51.o(.text) referenced from arm_startup_nrf51.o(RESET)
 <LI><a href="#[1b]">SWI2_IRQHandler</a> from arm_startup_nrf51.o(.text) referenced from arm_startup_nrf51.o(RESET)
 <LI><a href="#[1c]">SWI3_IRQHandler</a> from arm_startup_nrf51.o(.text) referenced from arm_startup_nrf51.o(RESET)
 <LI><a href="#[1d]">SWI4_IRQHandler</a> from arm_startup_nrf51.o(.text) referenced from arm_startup_nrf51.o(RESET)
 <LI><a href="#[1e]">SWI5_IRQHandler</a> from arm_startup_nrf51.o(.text) referenced from arm_startup_nrf51.o(RESET)
 <LI><a href="#[5]">SysTick_Handler</a> from arm_startup_nrf51.o(.text) referenced from arm_startup_nrf51.o(RESET)
 <LI><a href="#[20]">SystemInit</a> from system_nrf51.o(i.SystemInit) referenced from arm_startup_nrf51.o(.text)
 <LI><a href="#[11]">TEMP_IRQHandler</a> from arm_startup_nrf51.o(.text) referenced from arm_startup_nrf51.o(RESET)
 <LI><a href="#[d]">TIMER0_IRQHandler</a> from arm_startup_nrf51.o(.text) referenced from arm_startup_nrf51.o(RESET)
 <LI><a href="#[e]">TIMER1_IRQHandler</a> from arm_startup_nrf51.o(.text) referenced from arm_startup_nrf51.o(RESET)
 <LI><a href="#[f]">TIMER2_IRQHandler</a> from arm_startup_nrf51.o(.text) referenced from arm_startup_nrf51.o(RESET)
 <LI><a href="#[8]">UART0_IRQHandler</a> from nrf_drv_uart.o(i.UART0_IRQHandler) referenced from arm_startup_nrf51.o(RESET)
 <LI><a href="#[15]">WDT_IRQHandler</a> from arm_startup_nrf51.o(.text) referenced from arm_startup_nrf51.o(RESET)
 <LI><a href="#[21]">__main</a> from entry.o(.ARM.Collect$$$$00000000) referenced from arm_startup_nrf51.o(.text)
 <LI><a href="#[2d]">ack_error</a> from nrf_drv_twi.o(i.ack_error) referenced 4 times from nrf_drv_twi.o(.constdata)
 <LI><a href="#[26]">address_req</a> from nrf_drv_twi.o(i.address_req) referenced from nrf_drv_twi.o(.constdata)
 <LI><a href="#[22]">fputc</a> from retarget.o(i.fputc) referenced from printf5.o(i.__0printf$5)
 <LI><a href="#[1f]">main</a> from main.o(i.main) referenced from entry9a.o(.ARM.Collect$$$$0000000B)
 <LI><a href="#[2a]">on_error</a> from nrf_drv_twi.o(i.on_error) referenced 2 times from nrf_drv_twi.o(.constdata)
 <LI><a href="#[27]">rx_address_req</a> from nrf_drv_twi.o(i.rx_address_req) referenced 2 times from nrf_drv_twi.o(.constdata)
 <LI><a href="#[2c]">rx_done</a> from nrf_drv_twi.o(i.rx_done) referenced 2 times from nrf_drv_twi.o(.constdata)
 <LI><a href="#[2b]">rx_prepare</a> from nrf_drv_twi.o(i.rx_prepare) referenced from nrf_drv_twi.o(.constdata)
 <LI><a href="#[24]">twi_handler</a> from main.o(i.twi_handler) referenced from main.o(i.twi_init)
 <LI><a href="#[28]">tx_done</a> from nrf_drv_twi.o(i.tx_done) referenced 2 times from nrf_drv_twi.o(.constdata)
 <LI><a href="#[29]">tx_prepare</a> from nrf_drv_twi.o(i.tx_prepare) referenced from nrf_drv_twi.o(.constdata)
 <LI><a href="#[23]">uart_event_handler</a> from app_uart_fifo.o(i.uart_event_handler) referenced from app_uart_fifo.o(i.app_uart_init)
 <LI><a href="#[25]">uart_events_handler</a> from main.o(i.uart_events_handler) referenced from main.o(i.uart_config)
</UL>
<P>
<H3>
Global Symbols
</H3>
<P><STRONG><a name="[21]"></a>__main</STRONG> (Thumb, 0 bytes, Stack size unknown bytes, entry.o(.ARM.Collect$$$$00000000))
<BR>[Address Reference Count : 1]<UL><LI> arm_startup_nrf51.o(.text)
</UL>
<P><STRONG><a name="[77]"></a>_main_stk</STRONG> (Thumb, 0 bytes, Stack size unknown bytes, entry2.o(.ARM.Collect$$$$00000001))

<P><STRONG><a name="[2e]"></a>_main_scatterload</STRONG> (Thumb, 0 bytes, Stack size unknown bytes, entry5.o(.ARM.Collect$$$$00000004))
<BR><BR>[Calls]<UL><LI><a href="#[2f]">&gt;&gt;</a>&nbsp;&nbsp;&nbsp;__scatterload
</UL>

<P><STRONG><a name="[35]"></a>__main_after_scatterload</STRONG> (Thumb, 0 bytes, Stack size unknown bytes, entry5.o(.ARM.Collect$$$$00000004))
<BR><BR>[Called By]<UL><LI><a href="#[2f]">&gt;&gt;</a>&nbsp;&nbsp;&nbsp;__scatterload
</UL>

<P><STRONG><a name="[78]"></a>_main_clock</STRONG> (Thumb, 0 bytes, Stack size unknown bytes, entry7b.o(.ARM.Collect$$$$00000008))

<P><STRONG><a name="[79]"></a>_main_cpp_init</STRONG> (Thumb, 0 bytes, Stack size unknown bytes, entry8b.o(.ARM.Collect$$$$0000000A))

<P><STRONG><a name="[7a]"></a>_main_init</STRONG> (Thumb, 0 bytes, Stack size unknown bytes, entry9a.o(.ARM.Collect$$$$0000000B))

<P><STRONG><a name="[7b]"></a>__rt_final_cpp</STRONG> (Thumb, 0 bytes, Stack size unknown bytes, entry10a.o(.ARM.Collect$$$$0000000D))

<P><STRONG><a name="[7c]"></a>__rt_final_exit</STRONG> (Thumb, 0 bytes, Stack size unknown bytes, entry11a.o(.ARM.Collect$$$$0000000F))

<P><STRONG><a name="[30]"></a>__asm___11_nrf_delay_c_532987f3__nrf_delay_us</STRONG> (Thumb, 30 bytes, Stack size 0 bytes, nrf_delay.o(.emb_text))
<BR><BR>[Calls]<UL><LI><a href="#[30]">&gt;&gt;</a>&nbsp;&nbsp;&nbsp;__asm___11_nrf_delay_c_532987f3__nrf_delay_us
</UL>
<BR>[Called By]<UL><LI><a href="#[30]">&gt;&gt;</a>&nbsp;&nbsp;&nbsp;__asm___11_nrf_delay_c_532987f3__nrf_delay_us
<LI><a href="#[62]">&gt;&gt;</a>&nbsp;&nbsp;&nbsp;nrf_delay_ms
</UL>

<P><STRONG><a name="[31]"></a>__asm___13_nrf_drv_twi_c_a9bcf68d__nrf_delay_us</STRONG> (Thumb, 30 bytes, Stack size 0 bytes, nrf_drv_twi.o(.emb_text))
<BR><BR>[Calls]<UL><LI><a href="#[31]">&gt;&gt;</a>&nbsp;&nbsp;&nbsp;__asm___13_nrf_drv_twi_c_a9bcf68d__nrf_delay_us
</UL>
<BR>[Called By]<UL><LI><a href="#[31]">&gt;&gt;</a>&nbsp;&nbsp;&nbsp;__asm___13_nrf_drv_twi_c_a9bcf68d__nrf_delay_us
<LI><a href="#[67]">&gt;&gt;</a>&nbsp;&nbsp;&nbsp;twi_clear_bus
</UL>

<P><STRONG><a name="[0]"></a>Reset_Handler</STRONG> (Thumb, 26 bytes, Stack size 0 bytes, arm_startup_nrf51.o(.text))
<BR>[Address Reference Count : 1]<UL><LI> arm_startup_nrf51.o(RESET)
</UL>
<P><STRONG><a name="[1]"></a>NMI_Handler</STRONG> (Thumb, 2 bytes, Stack size 0 bytes, arm_startup_nrf51.o(.text))
<BR><BR>[Calls]<UL><LI><a href="#[1]">&gt;&gt;</a>&nbsp;&nbsp;&nbsp;NMI_Handler
</UL>
<BR>[Called By]<UL><LI><a href="#[1]">&gt;&gt;</a>&nbsp;&nbsp;&nbsp;NMI_Handler
</UL>
<BR>[Address Reference Count : 1]<UL><LI> arm_startup_nrf51.o(RESET)
</UL>
<P><STRONG><a name="[2]"></a>HardFault_Handler</STRONG> (Thumb, 2 bytes, Stack size 0 bytes, arm_startup_nrf51.o(.text))
<BR><BR>[Calls]<UL><LI><a href="#[2]">&gt;&gt;</a>&nbsp;&nbsp;&nbsp;HardFault_Handler
</UL>
<BR>[Called By]<UL><LI><a href="#[2]">&gt;&gt;</a>&nbsp;&nbsp;&nbsp;HardFault_Handler
</UL>
<BR>[Address Reference Count : 1]<UL><LI> arm_startup_nrf51.o(RESET)
</UL>
<P><STRONG><a name="[3]"></a>SVC_Handler</STRONG> (Thumb, 2 bytes, Stack size 0 bytes, arm_startup_nrf51.o(.text))
<BR><BR>[Calls]<UL><LI><a href="#[3]">&gt;&gt;</a>&nbsp;&nbsp;&nbsp;SVC_Handler
</UL>
<BR>[Called By]<UL><LI><a href="#[3]">&gt;&gt;</a>&nbsp;&nbsp;&nbsp;SVC_Handler
</UL>
<BR>[Address Reference Count : 1]<UL><LI> arm_startup_nrf51.o(RESET)
</UL>
<P><STRONG><a name="[4]"></a>PendSV_Handler</STRONG> (Thumb, 2 bytes, Stack size 0 bytes, arm_startup_nrf51.o(.text))
<BR><BR>[Calls]<UL><LI><a href="#[4]">&gt;&gt;</a>&nbsp;&nbsp;&nbsp;PendSV_Handler
</UL>
<BR>[Called By]<UL><LI><a href="#[4]">&gt;&gt;</a>&nbsp;&nbsp;&nbsp;PendSV_Handler
</UL>
<BR>[Address Reference Count : 1]<UL><LI> arm_startup_nrf51.o(RESET)
</UL>
<P><STRONG><a name="[5]"></a>SysTick_Handler</STRONG> (Thumb, 2 bytes, Stack size 0 bytes, arm_startup_nrf51.o(.text))
<BR><BR>[Calls]<UL><LI><a href="#[5]">&gt;&gt;</a>&nbsp;&nbsp;&nbsp;SysTick_Handler
</UL>
<BR>[Called By]<UL><LI><a href="#[5]">&gt;&gt;</a>&nbsp;&nbsp;&nbsp;SysTick_Handler
</UL>
<BR>[Address Reference Count : 1]<UL><LI> arm_startup_nrf51.o(RESET)
</UL>
<P><STRONG><a name="[c]"></a>ADC_IRQHandler</STRONG> (Thumb, 0 bytes, Stack size 0 bytes, arm_startup_nrf51.o(.text))
<BR><BR>[Calls]<UL><LI><a href="#[c]">&gt;&gt;</a>&nbsp;&nbsp;&nbsp;ADC_IRQHandler
</UL>
<BR>[Called By]<UL><LI><a href="#[c]">&gt;&gt;</a>&nbsp;&nbsp;&nbsp;ADC_IRQHandler
</UL>
<BR>[Address Reference Count : 1]<UL><LI> arm_startup_nrf51.o(RESET)
</UL>
<P><STRONG><a name="[14]"></a>CCM_AAR_IRQHandler</STRONG> (Thumb, 0 bytes, Stack size 0 bytes, arm_startup_nrf51.o(.text))
<BR>[Address Reference Count : 1]<UL><LI> arm_startup_nrf51.o(RESET)
</UL>
<P><STRONG><a name="[13]"></a>ECB_IRQHandler</STRONG> (Thumb, 0 bytes, Stack size 0 bytes, arm_startup_nrf51.o(.text))
<BR>[Address Reference Count : 1]<UL><LI> arm_startup_nrf51.o(RESET)
</UL>
<P><STRONG><a name="[b]"></a>GPIOTE_IRQHandler</STRONG> (Thumb, 0 bytes, Stack size 0 bytes, arm_startup_nrf51.o(.text))
<BR>[Address Reference Count : 1]<UL><LI> arm_startup_nrf51.o(RESET)
</UL>
<P><STRONG><a name="[18]"></a>LPCOMP_IRQHandler</STRONG> (Thumb, 0 bytes, Stack size 0 bytes, arm_startup_nrf51.o(.text))
<BR>[Address Reference Count : 1]<UL><LI> arm_startup_nrf51.o(RESET)
</UL>
<P><STRONG><a name="[6]"></a>POWER_CLOCK_IRQHandler</STRONG> (Thumb, 0 bytes, Stack size 0 bytes, arm_startup_nrf51.o(.text))
<BR>[Address Reference Count : 1]<UL><LI> arm_startup_nrf51.o(RESET)
</UL>
<P><STRONG><a name="[17]"></a>QDEC_IRQHandler</STRONG> (Thumb, 0 bytes, Stack size 0 bytes, arm_startup_nrf51.o(.text))
<BR>[Address Reference Count : 1]<UL><LI> arm_startup_nrf51.o(RESET)
</UL>
<P><STRONG><a name="[7]"></a>RADIO_IRQHandler</STRONG> (Thumb, 0 bytes, Stack size 0 bytes, arm_startup_nrf51.o(.text))
<BR>[Address Reference Count : 1]<UL><LI> arm_startup_nrf51.o(RESET)
</UL>
<P><STRONG><a name="[12]"></a>RNG_IRQHandler</STRONG> (Thumb, 0 bytes, Stack size 0 bytes, arm_startup_nrf51.o(.text))
<BR>[Address Reference Count : 1]<UL><LI> arm_startup_nrf51.o(RESET)
</UL>
<P><STRONG><a name="[10]"></a>RTC0_IRQHandler</STRONG> (Thumb, 0 bytes, Stack size 0 bytes, arm_startup_nrf51.o(.text))
<BR>[Address Reference Count : 1]<UL><LI> arm_startup_nrf51.o(RESET)
</UL>
<P><STRONG><a name="[16]"></a>RTC1_IRQHandler</STRONG> (Thumb, 0 bytes, Stack size 0 bytes, arm_startup_nrf51.o(.text))
<BR>[Address Reference Count : 1]<UL><LI> arm_startup_nrf51.o(RESET)
</UL>
<P><STRONG><a name="[a]"></a>SPI1_TWI1_IRQHandler</STRONG> (Thumb, 0 bytes, Stack size 0 bytes, arm_startup_nrf51.o(.text))
<BR>[Address Reference Count : 1]<UL><LI> arm_startup_nrf51.o(RESET)
</UL>
<P><STRONG><a name="[19]"></a>SWI0_IRQHandler</STRONG> (Thumb, 0 bytes, Stack size 0 bytes, arm_startup_nrf51.o(.text))
<BR>[Address Reference Count : 1]<UL><LI> arm_startup_nrf51.o(RESET)
</UL>
<P><STRONG><a name="[1a]"></a>SWI1_IRQHandler</STRONG> (Thumb, 0 bytes, Stack size 0 bytes, arm_startup_nrf51.o(.text))
<BR>[Address Reference Count : 1]<UL><LI> arm_startup_nrf51.o(RESET)
</UL>
<P><STRONG><a name="[1b]"></a>SWI2_IRQHandler</STRONG> (Thumb, 0 bytes, Stack size 0 bytes, arm_startup_nrf51.o(.text))
<BR>[Address Reference Count : 1]<UL><LI> arm_startup_nrf51.o(RESET)
</UL>
<P><STRONG><a name="[1c]"></a>SWI3_IRQHandler</STRONG> (Thumb, 0 bytes, Stack size 0 bytes, arm_startup_nrf51.o(.text))
<BR>[Address Reference Count : 1]<UL><LI> arm_startup_nrf51.o(RESET)
</UL>
<P><STRONG><a name="[1d]"></a>SWI4_IRQHandler</STRONG> (Thumb, 0 bytes, Stack size 0 bytes, arm_startup_nrf51.o(.text))
<BR>[Address Reference Count : 1]<UL><LI> arm_startup_nrf51.o(RESET)
</UL>
<P><STRONG><a name="[1e]"></a>SWI5_IRQHandler</STRONG> (Thumb, 0 bytes, Stack size 0 bytes, arm_startup_nrf51.o(.text))
<BR>[Address Reference Count : 1]<UL><LI> arm_startup_nrf51.o(RESET)
</UL>
<P><STRONG><a name="[11]"></a>TEMP_IRQHandler</STRONG> (Thumb, 0 bytes, Stack size 0 bytes, arm_startup_nrf51.o(.text))
<BR>[Address Reference Count : 1]<UL><LI> arm_startup_nrf51.o(RESET)
</UL>
<P><STRONG><a name="[d]"></a>TIMER0_IRQHandler</STRONG> (Thumb, 0 bytes, Stack size 0 bytes, arm_startup_nrf51.o(.text))
<BR>[Address Reference Count : 1]<UL><LI> arm_startup_nrf51.o(RESET)
</UL>
<P><STRONG><a name="[e]"></a>TIMER1_IRQHandler</STRONG> (Thumb, 0 bytes, Stack size 0 bytes, arm_startup_nrf51.o(.text))
<BR>[Address Reference Count : 1]<UL><LI> arm_startup_nrf51.o(RESET)
</UL>
<P><STRONG><a name="[f]"></a>TIMER2_IRQHandler</STRONG> (Thumb, 0 bytes, Stack size 0 bytes, arm_startup_nrf51.o(.text))
<BR>[Address Reference Count : 1]<UL><LI> arm_startup_nrf51.o(RESET)
</UL>
<P><STRONG><a name="[15]"></a>WDT_IRQHandler</STRONG> (Thumb, 0 bytes, Stack size 0 bytes, arm_startup_nrf51.o(.text))
<BR>[Address Reference Count : 1]<UL><LI> arm_startup_nrf51.o(RESET)
</UL>
<P><STRONG><a name="[7d]"></a>__aeabi_memcpy</STRONG> (Thumb, 36 bytes, Stack size 0 bytes, memcpya.o(.text), UNUSED)

<P><STRONG><a name="[51]"></a>__aeabi_memcpy4</STRONG> (Thumb, 0 bytes, Stack size 0 bytes, memcpya.o(.text))
<BR><BR>[Called By]<UL><LI><a href="#[4f]">&gt;&gt;</a>&nbsp;&nbsp;&nbsp;app_uart_init
</UL>

<P><STRONG><a name="[7e]"></a>__aeabi_memcpy8</STRONG> (Thumb, 0 bytes, Stack size 0 bytes, memcpya.o(.text), UNUSED)

<P><STRONG><a name="[32]"></a>__aeabi_uldivmod</STRONG> (Thumb, 96 bytes, Stack size 48 bytes, uldiv.o(.text), UNUSED)
<BR><BR>[Calls]<UL><LI><a href="#[33]">&gt;&gt;</a>&nbsp;&nbsp;&nbsp;__aeabi_llsr
<LI><a href="#[34]">&gt;&gt;</a>&nbsp;&nbsp;&nbsp;__aeabi_llsl
</UL>
<BR>[Called By]<UL><LI><a href="#[44]">&gt;&gt;</a>&nbsp;&nbsp;&nbsp;_printf_core
</UL>

<P><STRONG><a name="[2f]"></a>__scatterload</STRONG> (Thumb, 28 bytes, Stack size 0 bytes, init.o(.text))
<BR><BR>[Calls]<UL><LI><a href="#[35]">&gt;&gt;</a>&nbsp;&nbsp;&nbsp;__main_after_scatterload
</UL>
<BR>[Called By]<UL><LI><a href="#[2e]">&gt;&gt;</a>&nbsp;&nbsp;&nbsp;_main_scatterload
</UL>

<P><STRONG><a name="[7f]"></a>__scatterload_rt2</STRONG> (Thumb, 0 bytes, Stack size 0 bytes, init.o(.text), UNUSED)

<P><STRONG><a name="[34]"></a>__aeabi_llsl</STRONG> (Thumb, 32 bytes, Stack size 8 bytes, llshl.o(.text), UNUSED)
<BR><BR>[Called By]<UL><LI><a href="#[32]">&gt;&gt;</a>&nbsp;&nbsp;&nbsp;__aeabi_uldivmod
</UL>

<P><STRONG><a name="[80]"></a>_ll_shift_l</STRONG> (Thumb, 0 bytes, Stack size 8 bytes, llshl.o(.text), UNUSED)

<P><STRONG><a name="[33]"></a>__aeabi_llsr</STRONG> (Thumb, 34 bytes, Stack size 8 bytes, llushr.o(.text), UNUSED)
<BR><BR>[Called By]<UL><LI><a href="#[32]">&gt;&gt;</a>&nbsp;&nbsp;&nbsp;__aeabi_uldivmod
</UL>

<P><STRONG><a name="[81]"></a>_ll_ushift_r</STRONG> (Thumb, 0 bytes, Stack size 8 bytes, llushr.o(.text), UNUSED)

<P><STRONG><a name="[9]"></a>SPI0_TWI0_IRQHandler</STRONG> (Thumb, 12 bytes, Stack size 8 bytes, nrf_drv_twi.o(i.SPI0_TWI0_IRQHandler))
<BR><BR>[Stack]<UL><LI>Max Depth = 88<LI>Call Chain = SPI0_TWI0_IRQHandler &rArr; nrf_drv_twi_int_handler &rArr; state_machine
</UL>
<BR>[Calls]<UL><LI><a href="#[36]">&gt;&gt;</a>&nbsp;&nbsp;&nbsp;nrf_drv_twi_int_handler
</UL>
<BR>[Address Reference Count : 1]<UL><LI> arm_startup_nrf51.o(RESET)
</UL>
<P><STRONG><a name="[20]"></a>SystemInit</STRONG> (Thumb, 38 bytes, Stack size 8 bytes, system_nrf51.o(i.SystemInit))
<BR><BR>[Stack]<UL><LI>Max Depth = 8<LI>Call Chain = SystemInit
</UL>
<BR>[Calls]<UL><LI><a href="#[37]">&gt;&gt;</a>&nbsp;&nbsp;&nbsp;is_manual_peripheral_setup_needed
<LI><a href="#[38]">&gt;&gt;</a>&nbsp;&nbsp;&nbsp;is_disabled_in_debug_needed
</UL>
<BR>[Address Reference Count : 1]<UL><LI> arm_startup_nrf51.o(.text)
</UL>
<P><STRONG><a name="[8]"></a>UART0_IRQHandler</STRONG> (Thumb, 304 bytes, Stack size 24 bytes, nrf_drv_uart.o(i.UART0_IRQHandler))
<BR><BR>[Stack]<UL><LI>Max Depth = 48<LI>Call Chain = UART0_IRQHandler &rArr; tx_done_event
</UL>
<BR>[Calls]<UL><LI><a href="#[42]">&gt;&gt;</a>&nbsp;&nbsp;&nbsp;tx_done_event
<LI><a href="#[41]">&gt;&gt;</a>&nbsp;&nbsp;&nbsp;tx_byte
<LI><a href="#[40]">&gt;&gt;</a>&nbsp;&nbsp;&nbsp;rx_done_event
<LI><a href="#[3f]">&gt;&gt;</a>&nbsp;&nbsp;&nbsp;rx_byte
<LI><a href="#[3d]">&gt;&gt;</a>&nbsp;&nbsp;&nbsp;nrf_uart_task_trigger
<LI><a href="#[39]">&gt;&gt;</a>&nbsp;&nbsp;&nbsp;nrf_uart_int_enable_check
<LI><a href="#[3c]">&gt;&gt;</a>&nbsp;&nbsp;&nbsp;nrf_uart_int_disable
<LI><a href="#[3b]">&gt;&gt;</a>&nbsp;&nbsp;&nbsp;nrf_uart_event_clear
<LI><a href="#[3a]">&gt;&gt;</a>&nbsp;&nbsp;&nbsp;nrf_uart_event_check
<LI><a href="#[3e]">&gt;&gt;</a>&nbsp;&nbsp;&nbsp;nrf_uart_errorsrc_get_and_clear
</UL>
<BR>[Address Reference Count : 1]<UL><LI> arm_startup_nrf51.o(RESET)
</UL>
<P><STRONG><a name="[43]"></a>__0printf$5</STRONG> (Thumb, 24 bytes, Stack size 24 bytes, printf5.o(i.__0printf$5), UNUSED)
<BR><BR>[Calls]<UL><LI><a href="#[44]">&gt;&gt;</a>&nbsp;&nbsp;&nbsp;_printf_core
</UL>

<P><STRONG><a name="[82]"></a>__1printf$5</STRONG> (Thumb, 0 bytes, Stack size 24 bytes, printf5.o(i.__0printf$5), UNUSED)

<P><STRONG><a name="[5f]"></a>__2printf</STRONG> (Thumb, 0 bytes, Stack size 24 bytes, printf5.o(i.__0printf$5))
<BR><BR>[Stack]<UL><LI>Max Depth = 24<LI>Call Chain = __2printf
</UL>
<BR>[Called By]<UL><LI><a href="#[24]">&gt;&gt;</a>&nbsp;&nbsp;&nbsp;twi_handler
<LI><a href="#[1f]">&gt;&gt;</a>&nbsp;&nbsp;&nbsp;main
</UL>

<P><STRONG><a name="[83]"></a>__scatterload_copy</STRONG> (Thumb, 14 bytes, Stack size unknown bytes, handlers.o(i.__scatterload_copy), UNUSED)

<P><STRONG><a name="[84]"></a>__scatterload_null</STRONG> (Thumb, 2 bytes, Stack size unknown bytes, handlers.o(i.__scatterload_null), UNUSED)

<P><STRONG><a name="[85]"></a>__scatterload_zeroinit</STRONG> (Thumb, 14 bytes, Stack size unknown bytes, handlers.o(i.__scatterload_zeroinit), UNUSED)

<P><STRONG><a name="[72]"></a>app_error_handler</STRONG> (Thumb, 52 bytes, Stack size 12 bytes, app_error.o(i.app_error_handler))
<BR><BR>[Stack]<UL><LI>Max Depth = 12<LI>Call Chain = app_error_handler
</UL>
<BR>[Called By]<UL><LI><a href="#[60]">&gt;&gt;</a>&nbsp;&nbsp;&nbsp;twi_init
<LI><a href="#[25]">&gt;&gt;</a>&nbsp;&nbsp;&nbsp;uart_events_handler
<LI><a href="#[5e]">&gt;&gt;</a>&nbsp;&nbsp;&nbsp;uart_config
</UL>

<P><STRONG><a name="[4a]"></a>app_fifo_get</STRONG> (Thumb, 32 bytes, Stack size 16 bytes, app_fifo.o(i.app_fifo_get))
<BR><BR>[Stack]<UL><LI>Max Depth = 16<LI>Call Chain = app_fifo_get
</UL>
<BR>[Calls]<UL><LI><a href="#[4b]">&gt;&gt;</a>&nbsp;&nbsp;&nbsp;fifo_length
<LI><a href="#[4c]">&gt;&gt;</a>&nbsp;&nbsp;&nbsp;fifo_get
</UL>
<BR>[Called By]<UL><LI><a href="#[23]">&gt;&gt;</a>&nbsp;&nbsp;&nbsp;uart_event_handler
</UL>

<P><STRONG><a name="[50]"></a>app_fifo_init</STRONG> (Thumb, 42 bytes, Stack size 0 bytes, app_fifo.o(i.app_fifo_init))
<BR><BR>[Called By]<UL><LI><a href="#[4f]">&gt;&gt;</a>&nbsp;&nbsp;&nbsp;app_uart_init
</UL>

<P><STRONG><a name="[4d]"></a>app_fifo_put</STRONG> (Thumb, 34 bytes, Stack size 16 bytes, app_fifo.o(i.app_fifo_put))
<BR><BR>[Stack]<UL><LI>Max Depth = 16<LI>Call Chain = app_fifo_put
</UL>
<BR>[Calls]<UL><LI><a href="#[4e]">&gt;&gt;</a>&nbsp;&nbsp;&nbsp;fifo_put
<LI><a href="#[4b]">&gt;&gt;</a>&nbsp;&nbsp;&nbsp;fifo_length
</UL>
<BR>[Called By]<UL><LI><a href="#[55]">&gt;&gt;</a>&nbsp;&nbsp;&nbsp;app_uart_put
<LI><a href="#[23]">&gt;&gt;</a>&nbsp;&nbsp;&nbsp;uart_event_handler
</UL>

<P><STRONG><a name="[4f]"></a>app_uart_init</STRONG> (Thumb, 168 bytes, Stack size 72 bytes, app_uart_fifo.o(i.app_uart_init))
<BR><BR>[Stack]<UL><LI>Max Depth = 148<LI>Call Chain = app_uart_init &rArr; nrf_drv_uart_init &rArr; apply_config &rArr; nrf_gpio_cfg_input &rArr; nrf_gpio_cfg
</UL>
<BR>[Calls]<UL><LI><a href="#[53]">&gt;&gt;</a>&nbsp;&nbsp;&nbsp;nrf_drv_uart_rx_enable
<LI><a href="#[54]">&gt;&gt;</a>&nbsp;&nbsp;&nbsp;nrf_drv_uart_rx
<LI><a href="#[52]">&gt;&gt;</a>&nbsp;&nbsp;&nbsp;nrf_drv_uart_init
<LI><a href="#[50]">&gt;&gt;</a>&nbsp;&nbsp;&nbsp;app_fifo_init
<LI><a href="#[51]">&gt;&gt;</a>&nbsp;&nbsp;&nbsp;__aeabi_memcpy4
</UL>
<BR>[Called By]<UL><LI><a href="#[5e]">&gt;&gt;</a>&nbsp;&nbsp;&nbsp;uart_config
</UL>

<P><STRONG><a name="[55]"></a>app_uart_put</STRONG> (Thumb, 34 bytes, Stack size 16 bytes, app_uart_fifo.o(i.app_uart_put))
<BR><BR>[Stack]<UL><LI>Max Depth = 40<LI>Call Chain = app_uart_put &rArr; nrf_drv_uart_tx &rArr; tx_byte
</UL>
<BR>[Calls]<UL><LI><a href="#[56]">&gt;&gt;</a>&nbsp;&nbsp;&nbsp;nrf_drv_uart_tx
<LI><a href="#[4d]">&gt;&gt;</a>&nbsp;&nbsp;&nbsp;app_fifo_put
</UL>
<BR>[Called By]<UL><LI><a href="#[22]">&gt;&gt;</a>&nbsp;&nbsp;&nbsp;fputc
</UL>

<P><STRONG><a name="[73]"></a>critical_region_enter</STRONG> (Thumb, 14 bytes, Stack size 0 bytes, app_util_platform.o(i.critical_region_enter))
<BR><BR>[Called By]<UL><LI><a href="#[6a]">&gt;&gt;</a>&nbsp;&nbsp;&nbsp;twi_transfer
</UL>

<P><STRONG><a name="[74]"></a>critical_region_exit</STRONG> (Thumb, 22 bytes, Stack size 0 bytes, app_util_platform.o(i.critical_region_exit))
<BR><BR>[Called By]<UL><LI><a href="#[6a]">&gt;&gt;</a>&nbsp;&nbsp;&nbsp;twi_transfer
</UL>

<P><STRONG><a name="[22]"></a>fputc</STRONG> (Thumb, 16 bytes, Stack size 16 bytes, retarget.o(i.fputc))
<BR><BR>[Stack]<UL><LI>Max Depth = 56<LI>Call Chain = fputc &rArr; app_uart_put &rArr; nrf_drv_uart_tx &rArr; tx_byte
</UL>
<BR>[Calls]<UL><LI><a href="#[55]">&gt;&gt;</a>&nbsp;&nbsp;&nbsp;app_uart_put
</UL>
<BR>[Address Reference Count : 1]<UL><LI> printf5.o(i.__0printf$5)
</UL>
<P><STRONG><a name="[1f]"></a>main</STRONG> (Thumb, 170 bytes, Stack size 16 bytes, main.o(i.main))
<BR><BR>[Stack]<UL><LI>Max Depth = 204<LI>Call Chain = main &rArr; uart_config &rArr; app_uart_init &rArr; nrf_drv_uart_init &rArr; apply_config &rArr; nrf_gpio_cfg_input &rArr; nrf_gpio_cfg
</UL>
<BR>[Calls]<UL><LI><a href="#[61]">&gt;&gt;</a>&nbsp;&nbsp;&nbsp;nrf_drv_twi_tx
<LI><a href="#[62]">&gt;&gt;</a>&nbsp;&nbsp;&nbsp;nrf_delay_ms
<LI><a href="#[60]">&gt;&gt;</a>&nbsp;&nbsp;&nbsp;twi_init
<LI><a href="#[5e]">&gt;&gt;</a>&nbsp;&nbsp;&nbsp;uart_config
<LI><a href="#[5d]">&gt;&gt;</a>&nbsp;&nbsp;&nbsp;nrf_gpio_cfg
<LI><a href="#[5f]">&gt;&gt;</a>&nbsp;&nbsp;&nbsp;__2printf
</UL>
<BR>[Address Reference Count : 1]<UL><LI> entry9a.o(.ARM.Collect$$$$0000000B)
</UL>
<P><STRONG><a name="[62]"></a>nrf_delay_ms</STRONG> (Thumb, 24 bytes, Stack size 8 bytes, nrf_delay.o(i.nrf_delay_ms))
<BR><BR>[Stack]<UL><LI>Max Depth = 8<LI>Call Chain = nrf_delay_ms
</UL>
<BR>[Calls]<UL><LI><a href="#[30]">&gt;&gt;</a>&nbsp;&nbsp;&nbsp;__asm___11_nrf_delay_c_532987f3__nrf_delay_us
</UL>
<BR>[Called By]<UL><LI><a href="#[1f]">&gt;&gt;</a>&nbsp;&nbsp;&nbsp;main
</UL>

<P><STRONG><a name="[63]"></a>nrf_drv_common_irq_enable</STRONG> (Thumb, 48 bytes, Stack size 16 bytes, nrf_drv_common.o(i.nrf_drv_common_irq_enable))
<BR><BR>[Stack]<UL><LI>Max Depth = 24<LI>Call Chain = nrf_drv_common_irq_enable &rArr; NVIC_SetPriority
</UL>
<BR>[Calls]<UL><LI><a href="#[64]">&gt;&gt;</a>&nbsp;&nbsp;&nbsp;NVIC_SetPriority
</UL>
<BR>[Called By]<UL><LI><a href="#[52]">&gt;&gt;</a>&nbsp;&nbsp;&nbsp;nrf_drv_uart_init
<LI><a href="#[66]">&gt;&gt;</a>&nbsp;&nbsp;&nbsp;nrf_drv_twi_init
</UL>

<P><STRONG><a name="[65]"></a>nrf_drv_twi_enable</STRONG> (Thumb, 106 bytes, Stack size 8 bytes, nrf_drv_twi.o(i.nrf_drv_twi_enable))
<BR><BR>[Stack]<UL><LI>Max Depth = 8<LI>Call Chain = nrf_drv_twi_enable
</UL>
<BR>[Calls]<UL><LI><a href="#[49]">&gt;&gt;</a>&nbsp;&nbsp;&nbsp;nrf_twi_int_enable
<LI><a href="#[47]">&gt;&gt;</a>&nbsp;&nbsp;&nbsp;nrf_twi_event_clear
</UL>
<BR>[Called By]<UL><LI><a href="#[60]">&gt;&gt;</a>&nbsp;&nbsp;&nbsp;twi_init
</UL>

<P><STRONG><a name="[66]"></a>nrf_drv_twi_init</STRONG> (Thumb, 184 bytes, Stack size 24 bytes, nrf_drv_twi.o(i.nrf_drv_twi_init))
<BR><BR>[Stack]<UL><LI>Max Depth = 48<LI>Call Chain = nrf_drv_twi_init &rArr; nrf_drv_common_irq_enable &rArr; NVIC_SetPriority
</UL>
<BR>[Calls]<UL><LI><a href="#[67]">&gt;&gt;</a>&nbsp;&nbsp;&nbsp;twi_clear_bus
<LI><a href="#[63]">&gt;&gt;</a>&nbsp;&nbsp;&nbsp;nrf_drv_common_irq_enable
</UL>
<BR>[Called By]<UL><LI><a href="#[60]">&gt;&gt;</a>&nbsp;&nbsp;&nbsp;twi_init
</UL>

<P><STRONG><a name="[61]"></a>nrf_drv_twi_tx</STRONG> (Thumb, 34 bytes, Stack size 48 bytes, nrf_drv_twi.o(i.nrf_drv_twi_tx))
<BR><BR>[Stack]<UL><LI>Max Depth = 128<LI>Call Chain = nrf_drv_twi_tx &rArr; twi_transfer &rArr; state_machine
</UL>
<BR>[Calls]<UL><LI><a href="#[6a]">&gt;&gt;</a>&nbsp;&nbsp;&nbsp;twi_transfer
</UL>
<BR>[Called By]<UL><LI><a href="#[1f]">&gt;&gt;</a>&nbsp;&nbsp;&nbsp;main
</UL>

<P><STRONG><a name="[52]"></a>nrf_drv_uart_init</STRONG> (Thumb, 110 bytes, Stack size 16 bytes, nrf_drv_uart.o(i.nrf_drv_uart_init))
<BR><BR>[Stack]<UL><LI>Max Depth = 76<LI>Call Chain = nrf_drv_uart_init &rArr; apply_config &rArr; nrf_gpio_cfg_input &rArr; nrf_gpio_cfg
</UL>
<BR>[Calls]<UL><LI><a href="#[6b]">&gt;&gt;</a>&nbsp;&nbsp;&nbsp;nrf_uart_int_enable
<LI><a href="#[57]">&gt;&gt;</a>&nbsp;&nbsp;&nbsp;apply_config
<LI><a href="#[63]">&gt;&gt;</a>&nbsp;&nbsp;&nbsp;nrf_drv_common_irq_enable
</UL>
<BR>[Called By]<UL><LI><a href="#[4f]">&gt;&gt;</a>&nbsp;&nbsp;&nbsp;app_uart_init
</UL>

<P><STRONG><a name="[54]"></a>nrf_drv_uart_rx</STRONG> (Thumb, 216 bytes, Stack size 32 bytes, nrf_drv_uart.o(i.nrf_drv_uart_rx))
<BR><BR>[Stack]<UL><LI>Max Depth = 40<LI>Call Chain = nrf_drv_uart_rx &rArr; rx_enable
</UL>
<BR>[Calls]<UL><LI><a href="#[6c]">&gt;&gt;</a>&nbsp;&nbsp;&nbsp;rx_enable
<LI><a href="#[3f]">&gt;&gt;</a>&nbsp;&nbsp;&nbsp;rx_byte
<LI><a href="#[3d]">&gt;&gt;</a>&nbsp;&nbsp;&nbsp;nrf_uart_task_trigger
<LI><a href="#[6b]">&gt;&gt;</a>&nbsp;&nbsp;&nbsp;nrf_uart_int_enable
<LI><a href="#[3b]">&gt;&gt;</a>&nbsp;&nbsp;&nbsp;nrf_uart_event_clear
<LI><a href="#[3a]">&gt;&gt;</a>&nbsp;&nbsp;&nbsp;nrf_uart_event_check
</UL>
<BR>[Called By]<UL><LI><a href="#[23]">&gt;&gt;</a>&nbsp;&nbsp;&nbsp;uart_event_handler
<LI><a href="#[4f]">&gt;&gt;</a>&nbsp;&nbsp;&nbsp;app_uart_init
</UL>

<P><STRONG><a name="[53]"></a>nrf_drv_uart_rx_enable</STRONG> (Thumb, 22 bytes, Stack size 8 bytes, nrf_drv_uart.o(i.nrf_drv_uart_rx_enable))
<BR><BR>[Stack]<UL><LI>Max Depth = 16<LI>Call Chain = nrf_drv_uart_rx_enable &rArr; rx_enable
</UL>
<BR>[Calls]<UL><LI><a href="#[6c]">&gt;&gt;</a>&nbsp;&nbsp;&nbsp;rx_enable
</UL>
<BR>[Called By]<UL><LI><a href="#[4f]">&gt;&gt;</a>&nbsp;&nbsp;&nbsp;app_uart_init
</UL>

<P><STRONG><a name="[56]"></a>nrf_drv_uart_tx</STRONG> (Thumb, 170 bytes, Stack size 16 bytes, nrf_drv_uart.o(i.nrf_drv_uart_tx))
<BR><BR>[Stack]<UL><LI>Max Depth = 24<LI>Call Chain = nrf_drv_uart_tx &rArr; tx_byte
</UL>
<BR>[Calls]<UL><LI><a href="#[41]">&gt;&gt;</a>&nbsp;&nbsp;&nbsp;tx_byte
<LI><a href="#[3d]">&gt;&gt;</a>&nbsp;&nbsp;&nbsp;nrf_uart_task_trigger
<LI><a href="#[3b]">&gt;&gt;</a>&nbsp;&nbsp;&nbsp;nrf_uart_event_clear
<LI><a href="#[3a]">&gt;&gt;</a>&nbsp;&nbsp;&nbsp;nrf_uart_event_check
</UL>
<BR>[Called By]<UL><LI><a href="#[55]">&gt;&gt;</a>&nbsp;&nbsp;&nbsp;app_uart_put
<LI><a href="#[23]">&gt;&gt;</a>&nbsp;&nbsp;&nbsp;uart_event_handler
</UL>

<P><STRONG><a name="[24]"></a>twi_handler</STRONG> (Thumb, 54 bytes, Stack size 16 bytes, main.o(i.twi_handler))
<BR><BR>[Stack]<UL><LI>Max Depth = 40<LI>Call Chain = twi_handler &rArr; __2printf
</UL>
<BR>[Calls]<UL><LI><a href="#[5f]">&gt;&gt;</a>&nbsp;&nbsp;&nbsp;__2printf
</UL>
<BR>[Address Reference Count : 1]<UL><LI> main.o(i.twi_init)
</UL>
<P><STRONG><a name="[60]"></a>twi_init</STRONG> (Thumb, 56 bytes, Stack size 32 bytes, main.o(i.twi_init))
<BR><BR>[Stack]<UL><LI>Max Depth = 80<LI>Call Chain = twi_init &rArr; nrf_drv_twi_init &rArr; nrf_drv_common_irq_enable &rArr; NVIC_SetPriority
</UL>
<BR>[Calls]<UL><LI><a href="#[66]">&gt;&gt;</a>&nbsp;&nbsp;&nbsp;nrf_drv_twi_init
<LI><a href="#[65]">&gt;&gt;</a>&nbsp;&nbsp;&nbsp;nrf_drv_twi_enable
<LI><a href="#[72]">&gt;&gt;</a>&nbsp;&nbsp;&nbsp;app_error_handler
</UL>
<BR>[Called By]<UL><LI><a href="#[1f]">&gt;&gt;</a>&nbsp;&nbsp;&nbsp;main
</UL>
<P>
<H3>
Local Symbols
</H3>
<P><STRONG><a name="[5d]"></a>nrf_gpio_cfg</STRONG> (Thumb, 38 bytes, Stack size 20 bytes, main.o(i.nrf_gpio_cfg))
<BR><BR>[Stack]<UL><LI>Max Depth = 20<LI>Call Chain = nrf_gpio_cfg
</UL>
<BR>[Called By]<UL><LI><a href="#[1f]">&gt;&gt;</a>&nbsp;&nbsp;&nbsp;main
</UL>

<P><STRONG><a name="[5e]"></a>uart_config</STRONG> (Thumb, 76 bytes, Stack size 40 bytes, main.o(i.uart_config))
<BR><BR>[Stack]<UL><LI>Max Depth = 188<LI>Call Chain = uart_config &rArr; app_uart_init &rArr; nrf_drv_uart_init &rArr; apply_config &rArr; nrf_gpio_cfg_input &rArr; nrf_gpio_cfg
</UL>
<BR>[Calls]<UL><LI><a href="#[4f]">&gt;&gt;</a>&nbsp;&nbsp;&nbsp;app_uart_init
<LI><a href="#[72]">&gt;&gt;</a>&nbsp;&nbsp;&nbsp;app_error_handler
</UL>
<BR>[Called By]<UL><LI><a href="#[1f]">&gt;&gt;</a>&nbsp;&nbsp;&nbsp;main
</UL>

<P><STRONG><a name="[25]"></a>uart_events_handler</STRONG> (Thumb, 52 bytes, Stack size 8 bytes, main.o(i.uart_events_handler))
<BR><BR>[Stack]<UL><LI>Max Depth = 20<LI>Call Chain = uart_events_handler &rArr; app_error_handler
</UL>
<BR>[Calls]<UL><LI><a href="#[72]">&gt;&gt;</a>&nbsp;&nbsp;&nbsp;app_error_handler
</UL>
<BR>[Address Reference Count : 1]<UL><LI> main.o(i.uart_config)
</UL>
<P><STRONG><a name="[76]"></a>fifo_length</STRONG> (Thumb, 10 bytes, Stack size 0 bytes, app_uart_fifo.o(i.fifo_length))
<BR><BR>[Called By]<UL><LI><a href="#[23]">&gt;&gt;</a>&nbsp;&nbsp;&nbsp;uart_event_handler
</UL>

<P><STRONG><a name="[23]"></a>uart_event_handler</STRONG> (Thumb, 170 bytes, Stack size 24 bytes, app_uart_fifo.o(i.uart_event_handler))
<BR><BR>[Stack]<UL><LI>Max Depth = 64<LI>Call Chain = uart_event_handler &rArr; nrf_drv_uart_rx &rArr; rx_enable
</UL>
<BR>[Calls]<UL><LI><a href="#[56]">&gt;&gt;</a>&nbsp;&nbsp;&nbsp;nrf_drv_uart_tx
<LI><a href="#[54]">&gt;&gt;</a>&nbsp;&nbsp;&nbsp;nrf_drv_uart_rx
<LI><a href="#[4d]">&gt;&gt;</a>&nbsp;&nbsp;&nbsp;app_fifo_put
<LI><a href="#[4a]">&gt;&gt;</a>&nbsp;&nbsp;&nbsp;app_fifo_get
<LI><a href="#[76]">&gt;&gt;</a>&nbsp;&nbsp;&nbsp;fifo_length
</UL>
<BR>[Address Reference Count : 1]<UL><LI> app_uart_fifo.o(i.app_uart_init)
</UL>
<P><STRONG><a name="[64]"></a>NVIC_SetPriority</STRONG> (Thumb, 110 bytes, Stack size 8 bytes, nrf_drv_common.o(i.NVIC_SetPriority))
<BR><BR>[Stack]<UL><LI>Max Depth = 8<LI>Call Chain = NVIC_SetPriority
</UL>
<BR>[Called By]<UL><LI><a href="#[63]">&gt;&gt;</a>&nbsp;&nbsp;&nbsp;nrf_drv_common_irq_enable
</UL>

<P><STRONG><a name="[2d]"></a>ack_error</STRONG> (Thumb, 18 bytes, Stack size 0 bytes, nrf_drv_twi.o(i.ack_error))
<BR>[Address Reference Count : 1]<UL><LI> nrf_drv_twi.o(.constdata)
</UL>
<P><STRONG><a name="[26]"></a>address_req</STRONG> (Thumb, 90 bytes, Stack size 16 bytes, nrf_drv_twi.o(i.address_req))
<BR><BR>[Stack]<UL><LI>Max Depth = 88<LI>Call Chain = address_req &rArr; tx_prepare &rArr; txrx_shorts_set_task_start &rArr; state_machine
</UL>
<BR>[Calls]<UL><LI><a href="#[29]">&gt;&gt;</a>&nbsp;&nbsp;&nbsp;tx_prepare
<LI><a href="#[46]">&gt;&gt;</a>&nbsp;&nbsp;&nbsp;nrf_twi_task_set
<LI><a href="#[49]">&gt;&gt;</a>&nbsp;&nbsp;&nbsp;nrf_twi_int_enable
<LI><a href="#[48]">&gt;&gt;</a>&nbsp;&nbsp;&nbsp;nrf_twi_int_disable
<LI><a href="#[47]">&gt;&gt;</a>&nbsp;&nbsp;&nbsp;nrf_twi_event_clear
<LI><a href="#[45]">&gt;&gt;</a>&nbsp;&nbsp;&nbsp;nrf_twi_address_set
</UL>
<BR>[Address Reference Count : 1]<UL><LI> nrf_drv_twi.o(.constdata)
</UL>
<P><STRONG><a name="[36]"></a>nrf_drv_twi_int_handler</STRONG> (Thumb, 286 bytes, Stack size 48 bytes, nrf_drv_twi.o(i.nrf_drv_twi_int_handler))
<BR><BR>[Stack]<UL><LI>Max Depth = 80<LI>Call Chain = nrf_drv_twi_int_handler &rArr; state_machine
</UL>
<BR>[Calls]<UL><LI><a href="#[69]">&gt;&gt;</a>&nbsp;&nbsp;&nbsp;state_machine
<LI><a href="#[47]">&gt;&gt;</a>&nbsp;&nbsp;&nbsp;nrf_twi_event_clear
<LI><a href="#[68]">&gt;&gt;</a>&nbsp;&nbsp;&nbsp;nrf_twi_event_check
</UL>
<BR>[Called By]<UL><LI><a href="#[9]">&gt;&gt;</a>&nbsp;&nbsp;&nbsp;SPI0_TWI0_IRQHandler
</UL>

<P><STRONG><a name="[71]"></a>nrf_gpio_pin_clear</STRONG> (Thumb, 10 bytes, Stack size 0 bytes, nrf_drv_twi.o(i.nrf_gpio_pin_clear))
<BR><BR>[Called By]<UL><LI><a href="#[67]">&gt;&gt;</a>&nbsp;&nbsp;&nbsp;twi_clear_bus
</UL>

<P><STRONG><a name="[70]"></a>nrf_gpio_pin_set</STRONG> (Thumb, 10 bytes, Stack size 0 bytes, nrf_drv_twi.o(i.nrf_gpio_pin_set))
<BR><BR>[Called By]<UL><LI><a href="#[67]">&gt;&gt;</a>&nbsp;&nbsp;&nbsp;twi_clear_bus
</UL>

<P><STRONG><a name="[45]"></a>nrf_twi_address_set</STRONG> (Thumb, 10 bytes, Stack size 0 bytes, nrf_drv_twi.o(i.nrf_twi_address_set))
<BR><BR>[Called By]<UL><LI><a href="#[27]">&gt;&gt;</a>&nbsp;&nbsp;&nbsp;rx_address_req
<LI><a href="#[26]">&gt;&gt;</a>&nbsp;&nbsp;&nbsp;address_req
</UL>

<P><STRONG><a name="[68]"></a>nrf_twi_event_check</STRONG> (Thumb, 16 bytes, Stack size 0 bytes, nrf_drv_twi.o(i.nrf_twi_event_check))
<BR><BR>[Called By]<UL><LI><a href="#[6f]">&gt;&gt;</a>&nbsp;&nbsp;&nbsp;twi_action_wait
<LI><a href="#[36]">&gt;&gt;</a>&nbsp;&nbsp;&nbsp;nrf_drv_twi_int_handler
</UL>

<P><STRONG><a name="[47]"></a>nrf_twi_event_clear</STRONG> (Thumb, 6 bytes, Stack size 0 bytes, nrf_drv_twi.o(i.nrf_twi_event_clear))
<BR><BR>[Called By]<UL><LI><a href="#[6e]">&gt;&gt;</a>&nbsp;&nbsp;&nbsp;txrx_shorts_set_task_start
<LI><a href="#[6a]">&gt;&gt;</a>&nbsp;&nbsp;&nbsp;twi_transfer
<LI><a href="#[27]">&gt;&gt;</a>&nbsp;&nbsp;&nbsp;rx_address_req
<LI><a href="#[2a]">&gt;&gt;</a>&nbsp;&nbsp;&nbsp;on_error
<LI><a href="#[36]">&gt;&gt;</a>&nbsp;&nbsp;&nbsp;nrf_drv_twi_int_handler
<LI><a href="#[26]">&gt;&gt;</a>&nbsp;&nbsp;&nbsp;address_req
<LI><a href="#[65]">&gt;&gt;</a>&nbsp;&nbsp;&nbsp;nrf_drv_twi_enable
</UL>

<P><STRONG><a name="[48]"></a>nrf_twi_int_disable</STRONG> (Thumb, 10 bytes, Stack size 0 bytes, nrf_drv_twi.o(i.nrf_twi_int_disable))
<BR><BR>[Called By]<UL><LI><a href="#[6e]">&gt;&gt;</a>&nbsp;&nbsp;&nbsp;txrx_shorts_set_task_start
<LI><a href="#[27]">&gt;&gt;</a>&nbsp;&nbsp;&nbsp;rx_address_req
<LI><a href="#[2a]">&gt;&gt;</a>&nbsp;&nbsp;&nbsp;on_error
<LI><a href="#[26]">&gt;&gt;</a>&nbsp;&nbsp;&nbsp;address_req
</UL>

<P><STRONG><a name="[49]"></a>nrf_twi_int_enable</STRONG> (Thumb, 10 bytes, Stack size 0 bytes, nrf_drv_twi.o(i.nrf_twi_int_enable))
<BR><BR>[Called By]<UL><LI><a href="#[6e]">&gt;&gt;</a>&nbsp;&nbsp;&nbsp;txrx_shorts_set_task_start
<LI><a href="#[27]">&gt;&gt;</a>&nbsp;&nbsp;&nbsp;rx_address_req
<LI><a href="#[2a]">&gt;&gt;</a>&nbsp;&nbsp;&nbsp;on_error
<LI><a href="#[26]">&gt;&gt;</a>&nbsp;&nbsp;&nbsp;address_req
<LI><a href="#[65]">&gt;&gt;</a>&nbsp;&nbsp;&nbsp;nrf_drv_twi_enable
</UL>

<P><STRONG><a name="[75]"></a>nrf_twi_shorts_clear</STRONG> (Thumb, 16 bytes, Stack size 0 bytes, nrf_drv_twi.o(i.nrf_twi_shorts_clear))
<BR><BR>[Called By]<UL><LI><a href="#[6e]">&gt;&gt;</a>&nbsp;&nbsp;&nbsp;txrx_shorts_set_task_start
</UL>

<P><STRONG><a name="[46]"></a>nrf_twi_task_set</STRONG> (Thumb, 6 bytes, Stack size 0 bytes, nrf_drv_twi.o(i.nrf_twi_task_set))
<BR><BR>[Called By]<UL><LI><a href="#[6e]">&gt;&gt;</a>&nbsp;&nbsp;&nbsp;txrx_shorts_set_task_start
<LI><a href="#[27]">&gt;&gt;</a>&nbsp;&nbsp;&nbsp;rx_address_req
<LI><a href="#[2a]">&gt;&gt;</a>&nbsp;&nbsp;&nbsp;on_error
<LI><a href="#[26]">&gt;&gt;</a>&nbsp;&nbsp;&nbsp;address_req
</UL>

<P><STRONG><a name="[2a]"></a>on_error</STRONG> (Thumb, 80 bytes, Stack size 16 bytes, nrf_drv_twi.o(i.on_error))
<BR><BR>[Stack]<UL><LI>Max Depth = 16<LI>Call Chain = on_error
</UL>
<BR>[Calls]<UL><LI><a href="#[46]">&gt;&gt;</a>&nbsp;&nbsp;&nbsp;nrf_twi_task_set
<LI><a href="#[49]">&gt;&gt;</a>&nbsp;&nbsp;&nbsp;nrf_twi_int_enable
<LI><a href="#[48]">&gt;&gt;</a>&nbsp;&nbsp;&nbsp;nrf_twi_int_disable
<LI><a href="#[47]">&gt;&gt;</a>&nbsp;&nbsp;&nbsp;nrf_twi_event_clear
</UL>
<BR>[Address Reference Count : 1]<UL><LI> nrf_drv_twi.o(.constdata)
</UL>
<P><STRONG><a name="[27]"></a>rx_address_req</STRONG> (Thumb, 90 bytes, Stack size 16 bytes, nrf_drv_twi.o(i.rx_address_req))
<BR><BR>[Stack]<UL><LI>Max Depth = 80<LI>Call Chain = rx_address_req &rArr; rx_prepare &rArr; txrx_shorts_set_task_start &rArr; state_machine
</UL>
<BR>[Calls]<UL><LI><a href="#[2b]">&gt;&gt;</a>&nbsp;&nbsp;&nbsp;rx_prepare
<LI><a href="#[46]">&gt;&gt;</a>&nbsp;&nbsp;&nbsp;nrf_twi_task_set
<LI><a href="#[49]">&gt;&gt;</a>&nbsp;&nbsp;&nbsp;nrf_twi_int_enable
<LI><a href="#[48]">&gt;&gt;</a>&nbsp;&nbsp;&nbsp;nrf_twi_int_disable
<LI><a href="#[47]">&gt;&gt;</a>&nbsp;&nbsp;&nbsp;nrf_twi_event_clear
<LI><a href="#[45]">&gt;&gt;</a>&nbsp;&nbsp;&nbsp;nrf_twi_address_set
</UL>
<BR>[Address Reference Count : 1]<UL><LI> nrf_drv_twi.o(.constdata)
</UL>
<P><STRONG><a name="[2c]"></a>rx_done</STRONG> (Thumb, 56 bytes, Stack size 16 bytes, nrf_drv_twi.o(i.rx_done))
<BR><BR>[Stack]<UL><LI>Max Depth = 80<LI>Call Chain = rx_done &rArr; rx_prepare &rArr; txrx_shorts_set_task_start &rArr; state_machine
</UL>
<BR>[Calls]<UL><LI><a href="#[2b]">&gt;&gt;</a>&nbsp;&nbsp;&nbsp;rx_prepare
</UL>
<BR>[Address Reference Count : 1]<UL><LI> nrf_drv_twi.o(.constdata)
</UL>
<P><STRONG><a name="[2b]"></a>rx_prepare</STRONG> (Thumb, 12 bytes, Stack size 8 bytes, nrf_drv_twi.o(i.rx_prepare))
<BR><BR>[Stack]<UL><LI>Max Depth = 64<LI>Call Chain = rx_prepare &rArr; txrx_shorts_set_task_start &rArr; state_machine
</UL>
<BR>[Calls]<UL><LI><a href="#[6e]">&gt;&gt;</a>&nbsp;&nbsp;&nbsp;txrx_shorts_set_task_start
</UL>
<BR>[Called By]<UL><LI><a href="#[2c]">&gt;&gt;</a>&nbsp;&nbsp;&nbsp;rx_done
<LI><a href="#[27]">&gt;&gt;</a>&nbsp;&nbsp;&nbsp;rx_address_req
</UL>
<BR>[Address Reference Count : 1]<UL><LI> nrf_drv_twi.o(.constdata)
</UL>
<P><STRONG><a name="[69]"></a>state_machine</STRONG> (Thumb, 106 bytes, Stack size 32 bytes, nrf_drv_twi.o(i.state_machine))
<BR><BR>[Stack]<UL><LI>Max Depth = 32<LI>Call Chain = state_machine
</UL>
<BR>[Called By]<UL><LI><a href="#[6e]">&gt;&gt;</a>&nbsp;&nbsp;&nbsp;txrx_shorts_set_task_start
<LI><a href="#[6a]">&gt;&gt;</a>&nbsp;&nbsp;&nbsp;twi_transfer
<LI><a href="#[36]">&gt;&gt;</a>&nbsp;&nbsp;&nbsp;nrf_drv_twi_int_handler
</UL>

<P><STRONG><a name="[6f]"></a>twi_action_wait</STRONG> (Thumb, 80 bytes, Stack size 24 bytes, nrf_drv_twi.o(i.twi_action_wait))
<BR><BR>[Stack]<UL><LI>Max Depth = 24<LI>Call Chain = twi_action_wait
</UL>
<BR>[Calls]<UL><LI><a href="#[68]">&gt;&gt;</a>&nbsp;&nbsp;&nbsp;nrf_twi_event_check
</UL>
<BR>[Called By]<UL><LI><a href="#[6a]">&gt;&gt;</a>&nbsp;&nbsp;&nbsp;twi_transfer
</UL>

<P><STRONG><a name="[67]"></a>twi_clear_bus</STRONG> (Thumb, 176 bytes, Stack size 16 bytes, nrf_drv_twi.o(i.twi_clear_bus))
<BR><BR>[Stack]<UL><LI>Max Depth = 16<LI>Call Chain = twi_clear_bus
</UL>
<BR>[Calls]<UL><LI><a href="#[31]">&gt;&gt;</a>&nbsp;&nbsp;&nbsp;__asm___13_nrf_drv_twi_c_a9bcf68d__nrf_delay_us
<LI><a href="#[70]">&gt;&gt;</a>&nbsp;&nbsp;&nbsp;nrf_gpio_pin_set
<LI><a href="#[71]">&gt;&gt;</a>&nbsp;&nbsp;&nbsp;nrf_gpio_pin_clear
</UL>
<BR>[Called By]<UL><LI><a href="#[66]">&gt;&gt;</a>&nbsp;&nbsp;&nbsp;nrf_drv_twi_init
</UL>

<P><STRONG><a name="[6a]"></a>twi_transfer</STRONG> (Thumb, 206 bytes, Stack size 48 bytes, nrf_drv_twi.o(i.twi_transfer))
<BR><BR>[Stack]<UL><LI>Max Depth = 80<LI>Call Chain = twi_transfer &rArr; state_machine
</UL>
<BR>[Calls]<UL><LI><a href="#[74]">&gt;&gt;</a>&nbsp;&nbsp;&nbsp;critical_region_exit
<LI><a href="#[73]">&gt;&gt;</a>&nbsp;&nbsp;&nbsp;critical_region_enter
<LI><a href="#[6f]">&gt;&gt;</a>&nbsp;&nbsp;&nbsp;twi_action_wait
<LI><a href="#[69]">&gt;&gt;</a>&nbsp;&nbsp;&nbsp;state_machine
<LI><a href="#[47]">&gt;&gt;</a>&nbsp;&nbsp;&nbsp;nrf_twi_event_clear
</UL>
<BR>[Called By]<UL><LI><a href="#[61]">&gt;&gt;</a>&nbsp;&nbsp;&nbsp;nrf_drv_twi_tx
</UL>

<P><STRONG><a name="[28]"></a>tx_done</STRONG> (Thumb, 38 bytes, Stack size 16 bytes, nrf_drv_twi.o(i.tx_done))
<BR><BR>[Stack]<UL><LI>Max Depth = 88<LI>Call Chain = tx_done &rArr; tx_prepare &rArr; txrx_shorts_set_task_start &rArr; state_machine
</UL>
<BR>[Calls]<UL><LI><a href="#[29]">&gt;&gt;</a>&nbsp;&nbsp;&nbsp;tx_prepare
</UL>
<BR>[Address Reference Count : 1]<UL><LI> nrf_drv_twi.o(.constdata)
</UL>
<P><STRONG><a name="[29]"></a>tx_prepare</STRONG> (Thumb, 42 bytes, Stack size 16 bytes, nrf_drv_twi.o(i.tx_prepare))
<BR><BR>[Stack]<UL><LI>Max Depth = 72<LI>Call Chain = tx_prepare &rArr; txrx_shorts_set_task_start &rArr; state_machine
</UL>
<BR>[Calls]<UL><LI><a href="#[6e]">&gt;&gt;</a>&nbsp;&nbsp;&nbsp;txrx_shorts_set_task_start
</UL>
<BR>[Called By]<UL><LI><a href="#[28]">&gt;&gt;</a>&nbsp;&nbsp;&nbsp;tx_done
<LI><a href="#[26]">&gt;&gt;</a>&nbsp;&nbsp;&nbsp;address_req
</UL>
<BR>[Address Reference Count : 1]<UL><LI> nrf_drv_twi.o(.constdata)
</UL>
<P><STRONG><a name="[6e]"></a>txrx_shorts_set_task_start</STRONG> (Thumb, 134 bytes, Stack size 24 bytes, nrf_drv_twi.o(i.txrx_shorts_set_task_start))
<BR><BR>[Stack]<UL><LI>Max Depth = 56<LI>Call Chain = txrx_shorts_set_task_start &rArr; state_machine
</UL>
<BR>[Calls]<UL><LI><a href="#[69]">&gt;&gt;</a>&nbsp;&nbsp;&nbsp;state_machine
<LI><a href="#[46]">&gt;&gt;</a>&nbsp;&nbsp;&nbsp;nrf_twi_task_set
<LI><a href="#[75]">&gt;&gt;</a>&nbsp;&nbsp;&nbsp;nrf_twi_shorts_clear
<LI><a href="#[49]">&gt;&gt;</a>&nbsp;&nbsp;&nbsp;nrf_twi_int_enable
<LI><a href="#[48]">&gt;&gt;</a>&nbsp;&nbsp;&nbsp;nrf_twi_int_disable
<LI><a href="#[47]">&gt;&gt;</a>&nbsp;&nbsp;&nbsp;nrf_twi_event_clear
</UL>
<BR>[Called By]<UL><LI><a href="#[29]">&gt;&gt;</a>&nbsp;&nbsp;&nbsp;tx_prepare
<LI><a href="#[2b]">&gt;&gt;</a>&nbsp;&nbsp;&nbsp;rx_prepare
</UL>

<P><STRONG><a name="[57]"></a>apply_config</STRONG> (Thumb, 106 bytes, Stack size 16 bytes, nrf_drv_uart.o(i.apply_config))
<BR><BR>[Stack]<UL><LI>Max Depth = 60<LI>Call Chain = apply_config &rArr; nrf_gpio_cfg_input &rArr; nrf_gpio_cfg
</UL>
<BR>[Calls]<UL><LI><a href="#[5b]">&gt;&gt;</a>&nbsp;&nbsp;&nbsp;nrf_uart_txrx_pins_set
<LI><a href="#[5c]">&gt;&gt;</a>&nbsp;&nbsp;&nbsp;nrf_uart_hwfc_pins_set
<LI><a href="#[59]">&gt;&gt;</a>&nbsp;&nbsp;&nbsp;nrf_gpio_pin_set
<LI><a href="#[58]">&gt;&gt;</a>&nbsp;&nbsp;&nbsp;nrf_gpio_cfg_output
<LI><a href="#[5a]">&gt;&gt;</a>&nbsp;&nbsp;&nbsp;nrf_gpio_cfg_input
</UL>
<BR>[Called By]<UL><LI><a href="#[52]">&gt;&gt;</a>&nbsp;&nbsp;&nbsp;nrf_drv_uart_init
</UL>

<P><STRONG><a name="[6d]"></a>nrf_gpio_cfg</STRONG> (Thumb, 38 bytes, Stack size 20 bytes, nrf_drv_uart.o(i.nrf_gpio_cfg))
<BR><BR>[Stack]<UL><LI>Max Depth = 20<LI>Call Chain = nrf_gpio_cfg
</UL>
<BR>[Called By]<UL><LI><a href="#[58]">&gt;&gt;</a>&nbsp;&nbsp;&nbsp;nrf_gpio_cfg_output
<LI><a href="#[5a]">&gt;&gt;</a>&nbsp;&nbsp;&nbsp;nrf_gpio_cfg_input
</UL>

<P><STRONG><a name="[5a]"></a>nrf_gpio_cfg_input</STRONG> (Thumb, 26 bytes, Stack size 24 bytes, nrf_drv_uart.o(i.nrf_gpio_cfg_input))
<BR><BR>[Stack]<UL><LI>Max Depth = 44<LI>Call Chain = nrf_gpio_cfg_input &rArr; nrf_gpio_cfg
</UL>
<BR>[Calls]<UL><LI><a href="#[6d]">&gt;&gt;</a>&nbsp;&nbsp;&nbsp;nrf_gpio_cfg
</UL>
<BR>[Called By]<UL><LI><a href="#[57]">&gt;&gt;</a>&nbsp;&nbsp;&nbsp;apply_config
</UL>

<P><STRONG><a name="[58]"></a>nrf_gpio_cfg_output</STRONG> (Thumb, 24 bytes, Stack size 16 bytes, nrf_drv_uart.o(i.nrf_gpio_cfg_output))
<BR><BR>[Stack]<UL><LI>Max Depth = 36<LI>Call Chain = nrf_gpio_cfg_output &rArr; nrf_gpio_cfg
</UL>
<BR>[Calls]<UL><LI><a href="#[6d]">&gt;&gt;</a>&nbsp;&nbsp;&nbsp;nrf_gpio_cfg
</UL>
<BR>[Called By]<UL><LI><a href="#[57]">&gt;&gt;</a>&nbsp;&nbsp;&nbsp;apply_config
</UL>

<P><STRONG><a name="[59]"></a>nrf_gpio_pin_set</STRONG> (Thumb, 10 bytes, Stack size 0 bytes, nrf_drv_uart.o(i.nrf_gpio_pin_set))
<BR><BR>[Called By]<UL><LI><a href="#[57]">&gt;&gt;</a>&nbsp;&nbsp;&nbsp;apply_config
</UL>

<P><STRONG><a name="[3e]"></a>nrf_uart_errorsrc_get_and_clear</STRONG> (Thumb, 20 bytes, Stack size 0 bytes, nrf_drv_uart.o(i.nrf_uart_errorsrc_get_and_clear))
<BR><BR>[Called By]<UL><LI><a href="#[8]">&gt;&gt;</a>&nbsp;&nbsp;&nbsp;UART0_IRQHandler
</UL>

<P><STRONG><a name="[3a]"></a>nrf_uart_event_check</STRONG> (Thumb, 16 bytes, Stack size 0 bytes, nrf_drv_uart.o(i.nrf_uart_event_check))
<BR><BR>[Called By]<UL><LI><a href="#[8]">&gt;&gt;</a>&nbsp;&nbsp;&nbsp;UART0_IRQHandler
<LI><a href="#[56]">&gt;&gt;</a>&nbsp;&nbsp;&nbsp;nrf_drv_uart_tx
<LI><a href="#[54]">&gt;&gt;</a>&nbsp;&nbsp;&nbsp;nrf_drv_uart_rx
</UL>

<P><STRONG><a name="[3b]"></a>nrf_uart_event_clear</STRONG> (Thumb, 6 bytes, Stack size 0 bytes, nrf_drv_uart.o(i.nrf_uart_event_clear))
<BR><BR>[Called By]<UL><LI><a href="#[8]">&gt;&gt;</a>&nbsp;&nbsp;&nbsp;UART0_IRQHandler
<LI><a href="#[41]">&gt;&gt;</a>&nbsp;&nbsp;&nbsp;tx_byte
<LI><a href="#[6c]">&gt;&gt;</a>&nbsp;&nbsp;&nbsp;rx_enable
<LI><a href="#[3f]">&gt;&gt;</a>&nbsp;&nbsp;&nbsp;rx_byte
<LI><a href="#[56]">&gt;&gt;</a>&nbsp;&nbsp;&nbsp;nrf_drv_uart_tx
<LI><a href="#[54]">&gt;&gt;</a>&nbsp;&nbsp;&nbsp;nrf_drv_uart_rx
</UL>

<P><STRONG><a name="[5c]"></a>nrf_uart_hwfc_pins_set</STRONG> (Thumb, 18 bytes, Stack size 0 bytes, nrf_drv_uart.o(i.nrf_uart_hwfc_pins_set))
<BR><BR>[Called By]<UL><LI><a href="#[57]">&gt;&gt;</a>&nbsp;&nbsp;&nbsp;apply_config
</UL>

<P><STRONG><a name="[3c]"></a>nrf_uart_int_disable</STRONG> (Thumb, 10 bytes, Stack size 0 bytes, nrf_drv_uart.o(i.nrf_uart_int_disable))
<BR><BR>[Called By]<UL><LI><a href="#[8]">&gt;&gt;</a>&nbsp;&nbsp;&nbsp;UART0_IRQHandler
</UL>

<P><STRONG><a name="[6b]"></a>nrf_uart_int_enable</STRONG> (Thumb, 10 bytes, Stack size 0 bytes, nrf_drv_uart.o(i.nrf_uart_int_enable))
<BR><BR>[Called By]<UL><LI><a href="#[54]">&gt;&gt;</a>&nbsp;&nbsp;&nbsp;nrf_drv_uart_rx
<LI><a href="#[52]">&gt;&gt;</a>&nbsp;&nbsp;&nbsp;nrf_drv_uart_init
</UL>

<P><STRONG><a name="[39]"></a>nrf_uart_int_enable_check</STRONG> (Thumb, 24 bytes, Stack size 0 bytes, nrf_drv_uart.o(i.nrf_uart_int_enable_check))
<BR><BR>[Called By]<UL><LI><a href="#[8]">&gt;&gt;</a>&nbsp;&nbsp;&nbsp;UART0_IRQHandler
</UL>

<P><STRONG><a name="[3d]"></a>nrf_uart_task_trigger</STRONG> (Thumb, 6 bytes, Stack size 0 bytes, nrf_drv_uart.o(i.nrf_uart_task_trigger))
<BR><BR>[Called By]<UL><LI><a href="#[8]">&gt;&gt;</a>&nbsp;&nbsp;&nbsp;UART0_IRQHandler
<LI><a href="#[6c]">&gt;&gt;</a>&nbsp;&nbsp;&nbsp;rx_enable
<LI><a href="#[56]">&gt;&gt;</a>&nbsp;&nbsp;&nbsp;nrf_drv_uart_tx
<LI><a href="#[54]">&gt;&gt;</a>&nbsp;&nbsp;&nbsp;nrf_drv_uart_rx
</UL>

<P><STRONG><a name="[5b]"></a>nrf_uart_txrx_pins_set</STRONG> (Thumb, 18 bytes, Stack size 0 bytes, nrf_drv_uart.o(i.nrf_uart_txrx_pins_set))
<BR><BR>[Called By]<UL><LI><a href="#[57]">&gt;&gt;</a>&nbsp;&nbsp;&nbsp;apply_config
</UL>

<P><STRONG><a name="[3f]"></a>rx_byte</STRONG> (Thumb, 48 bytes, Stack size 8 bytes, nrf_drv_uart.o(i.rx_byte))
<BR><BR>[Stack]<UL><LI>Max Depth = 8<LI>Call Chain = rx_byte
</UL>
<BR>[Calls]<UL><LI><a href="#[3b]">&gt;&gt;</a>&nbsp;&nbsp;&nbsp;nrf_uart_event_clear
</UL>
<BR>[Called By]<UL><LI><a href="#[8]">&gt;&gt;</a>&nbsp;&nbsp;&nbsp;UART0_IRQHandler
<LI><a href="#[54]">&gt;&gt;</a>&nbsp;&nbsp;&nbsp;nrf_drv_uart_rx
</UL>

<P><STRONG><a name="[40]"></a>rx_done_event</STRONG> (Thumb, 38 bytes, Stack size 24 bytes, nrf_drv_uart.o(i.rx_done_event))
<BR><BR>[Stack]<UL><LI>Max Depth = 24<LI>Call Chain = rx_done_event
</UL>
<BR>[Called By]<UL><LI><a href="#[8]">&gt;&gt;</a>&nbsp;&nbsp;&nbsp;UART0_IRQHandler
</UL>

<P><STRONG><a name="[6c]"></a>rx_enable</STRONG> (Thumb, 32 bytes, Stack size 8 bytes, nrf_drv_uart.o(i.rx_enable))
<BR><BR>[Stack]<UL><LI>Max Depth = 8<LI>Call Chain = rx_enable
</UL>
<BR>[Calls]<UL><LI><a href="#[3d]">&gt;&gt;</a>&nbsp;&nbsp;&nbsp;nrf_uart_task_trigger
<LI><a href="#[3b]">&gt;&gt;</a>&nbsp;&nbsp;&nbsp;nrf_uart_event_clear
</UL>
<BR>[Called By]<UL><LI><a href="#[53]">&gt;&gt;</a>&nbsp;&nbsp;&nbsp;nrf_drv_uart_rx_enable
<LI><a href="#[54]">&gt;&gt;</a>&nbsp;&nbsp;&nbsp;nrf_drv_uart_rx
</UL>

<P><STRONG><a name="[41]"></a>tx_byte</STRONG> (Thumb, 48 bytes, Stack size 8 bytes, nrf_drv_uart.o(i.tx_byte))
<BR><BR>[Stack]<UL><LI>Max Depth = 8<LI>Call Chain = tx_byte
</UL>
<BR>[Calls]<UL><LI><a href="#[3b]">&gt;&gt;</a>&nbsp;&nbsp;&nbsp;nrf_uart_event_clear
</UL>
<BR>[Called By]<UL><LI><a href="#[8]">&gt;&gt;</a>&nbsp;&nbsp;&nbsp;UART0_IRQHandler
<LI><a href="#[56]">&gt;&gt;</a>&nbsp;&nbsp;&nbsp;nrf_drv_uart_tx
</UL>

<P><STRONG><a name="[42]"></a>tx_done_event</STRONG> (Thumb, 38 bytes, Stack size 24 bytes, nrf_drv_uart.o(i.tx_done_event))
<BR><BR>[Stack]<UL><LI>Max Depth = 24<LI>Call Chain = tx_done_event
</UL>
<BR>[Called By]<UL><LI><a href="#[8]">&gt;&gt;</a>&nbsp;&nbsp;&nbsp;UART0_IRQHandler
</UL>

<P><STRONG><a name="[4c]"></a>fifo_get</STRONG> (Thumb, 20 bytes, Stack size 0 bytes, app_fifo.o(i.fifo_get))
<BR><BR>[Called By]<UL><LI><a href="#[4a]">&gt;&gt;</a>&nbsp;&nbsp;&nbsp;app_fifo_get
</UL>

<P><STRONG><a name="[4b]"></a>fifo_length</STRONG> (Thumb, 10 bytes, Stack size 0 bytes, app_fifo.o(i.fifo_length))
<BR><BR>[Called By]<UL><LI><a href="#[4d]">&gt;&gt;</a>&nbsp;&nbsp;&nbsp;app_fifo_put
<LI><a href="#[4a]">&gt;&gt;</a>&nbsp;&nbsp;&nbsp;app_fifo_get
</UL>

<P><STRONG><a name="[4e]"></a>fifo_put</STRONG> (Thumb, 18 bytes, Stack size 0 bytes, app_fifo.o(i.fifo_put))
<BR><BR>[Called By]<UL><LI><a href="#[4d]">&gt;&gt;</a>&nbsp;&nbsp;&nbsp;app_fifo_put
</UL>

<P><STRONG><a name="[38]"></a>is_disabled_in_debug_needed</STRONG> (Thumb, 52 bytes, Stack size 0 bytes, system_nrf51.o(i.is_disabled_in_debug_needed))
<BR><BR>[Called By]<UL><LI><a href="#[20]">&gt;&gt;</a>&nbsp;&nbsp;&nbsp;SystemInit
</UL>

<P><STRONG><a name="[37]"></a>is_manual_peripheral_setup_needed</STRONG> (Thumb, 104 bytes, Stack size 0 bytes, system_nrf51.o(i.is_manual_peripheral_setup_needed))
<BR><BR>[Called By]<UL><LI><a href="#[20]">&gt;&gt;</a>&nbsp;&nbsp;&nbsp;SystemInit
</UL>

<P><STRONG><a name="[44]"></a>_printf_core</STRONG> (Thumb, 688 bytes, Stack size 96 bytes, printf5.o(i._printf_core), UNUSED)
<BR><BR>[Calls]<UL><LI><a href="#[32]">&gt;&gt;</a>&nbsp;&nbsp;&nbsp;__aeabi_uldivmod
</UL>
<BR>[Called By]<UL><LI><a href="#[43]">&gt;&gt;</a>&nbsp;&nbsp;&nbsp;__0printf$5
</UL>
<P>
<H3>
Undefined Global Symbols
</H3><HR></body></html>
